interactions:
- request:
    body: '{"location": "westus", "tags": {"product": "azurecli", "cause": "automation",
      "date": "2019-09-30T09:39:03Z"}}'
    headers:
      Accept:
      - application/json
      Accept-Encoding:
      - gzip, deflate
      CommandName:
      - group create
      Connection:
      - keep-alive
      Content-Length:
      - '110'
      Content-Type:
      - application/json; charset=utf-8
      ParameterSetName:
      - --location --name --tag
      User-Agent:
      - python/3.6.8 (Windows-10-10.0.18362-SP0) msrest/0.6.8 msrest_azure/0.6.1 resourcemanagementclient/2.2.0
        Azure-SDK-For-Python AZURECLI/2.0.68
      accept-language:
      - en-US
    method: PUT
    uri: https://management.azure.com/subscriptions/00000000-0000-0000-0000-000000000000/resourcegroups/cli_test_vmware_cs000001?api-version=2018-05-01
  response:
    body:
      string: '{"id":"/subscriptions/00000000-0000-0000-0000-000000000000/resourceGroups/cli_test_vmware_cs000001","name":"cli_test_vmware_cs000001","location":"westus","tags":{"product":"azurecli","cause":"automation","date":"2019-09-30T09:39:03Z"},"properties":{"provisioningState":"Succeeded"}}'
    headers:
      cache-control:
      - no-cache
      content-length:
      - '384'
      content-type:
      - application/json; charset=utf-8
      date:
      - Mon, 30 Sep 2019 09:39:08 GMT
      expires:
      - '-1'
      pragma:
      - no-cache
      strict-transport-security:
      - max-age=31536000; includeSubDomains
      x-content-type-options:
      - nosniff
      x-ms-ratelimit-remaining-subscription-writes:
      - '1197'
    status:
      code: 201
      message: Created
- request:
    body: null
    headers:
      Accept:
      - application/json
      Accept-Encoding:
      - gzip, deflate
      CommandName:
      - vmware vm create
      Connection:
      - keep-alive
      ParameterSetName:
      - -g -n --location --ram --cores --private-cloud --template --resource-pool
      User-Agent:
      - python/3.6.8 (Windows-10-10.0.18362-SP0) msrest/0.6.8 msrest_azure/0.6.1 azure-mgmt-vmwarecloudsimple/0.1.0
        Azure-SDK-For-Python AZURECLI/2.0.68
      accept-language:
      - en-US
    method: GET
    uri: https://management.azure.com/subscriptions/00000000-0000-0000-0000-000000000000/providers/Microsoft.VMwareCloudSimple/locations/eastus/privateClouds/avs-test-eastus/virtualMachineTemplates/vm-125?api-version=2019-04-01
  response:
    body:
      string: '{"id":"/subscriptions/00000000-0000-0000-0000-000000000000/providers/Microsoft.VMwareCloudSimple/locations/eastus/privateClouds/avs-test-eastus/virtualmachinetemplates/vm-125","location":"eastus","name":"UbuntuDesktop","properties":{"amountOfRam":1024,"controllers":[{"id":"1000","name":"SCSI
        controller 0","subType":"LSI_PARALEL","type":"SCSI"},{"id":"15000","name":"SATA
        controller 0","subType":"AHCI","type":"SATA"}],"disks":[{"controllerId":"1000","independenceMode":"persistent","totalSize":16777216,"virtualDiskId":"2000","virtualDiskName":"Hard
        disk 1"}],"guestOS":"Ubuntu Linux (64-bit)","guestOSType":"linux","nics":[{"ipAddresses":null,"macAddress":"00:50:56:89:9a:60","network":{"id":"/subscriptions/00000000-0000-0000-0000-000000000000/providers/Microsoft.VMwareCloudSimple/locations/eastus/privateClouds/avs-test-eastus/virtualnetworks/dvportgroup-85"},"nicType":"VMXNET3","powerOnBoot":true,"virtualNicId":"4000","virtualNicName":"Network
        adapter 1"}],"numberOfCores":1,"path":"Datacenter","privateCloudId":"/subscriptions/00000000-0000-0000-0000-000000000000/providers/Microsoft.VMwareCloudSimple/locations/eastus/privateClouds/avs-test-eastus","vSphereNetworks":null,"vSphereTags":null,"vmwaretools":"0"},"type":"Microsoft.VMwareCloudSimple/virtualMachineTemplates"}

        '
    headers:
      cache-control:
      - no-cache
      content-length:
      - '1283'
      content-type:
      - application/json
      date:
      - Mon, 30 Sep 2019 09:39:10 GMT
      expires:
      - '-1'
      pragma:
      - no-cache
      server:
      - nginx/1.13.12
      strict-transport-security:
      - max-age=31536000; includeSubDomains
      transfer-encoding:
      - chunked
      vary:
      - Accept-Encoding,Accept-Encoding
      x-content-type-options:
      - nosniff
      x-correlation-id:
      - c4a3eb15-3657-4683-844a-56f1d2e9cd30
      x-env-name:
      - eastus-he.azure.cloudsimple.com
      x-tracing-transaction-id:
      - 18686f44731eec55
    status:
      code: 200
      message: OK
- request:
    body: '{"location": "eastus", "properties": {"amountOfRam": 1024, "disks": [{"controllerId":
      "1000", "independenceMode": "persistent", "totalSize": 16777216, "virtualDiskId":
      "2000"}], "nics": [{"macAddress": "00:50:56:89:9a:60", "network": {"id": "/subscriptions/00000000-0000-0000-0000-000000000000/providers/Microsoft.VMwareCloudSimple/locations/eastus/privateClouds/avs-test-eastus/virtualnetworks/dvportgroup-85"},
      "nicType": "VMXNET3", "powerOnBoot": true, "virtualNicId": "4000"}], "numberOfCores":
      1, "privateCloudId": "/subscriptions/00000000-0000-0000-0000-000000000000/providers/Microsoft.VMwareCloudSimple/locations/eastus/privateClouds/avs-test-eastus",
      "resourcePool": {"id": "/subscriptions/00000000-0000-0000-0000-000000000000/providers/Microsoft.VMwareCloudSimple/locations/eastus/privateClouds/avs-test-eastus/resourcepools/resgroup-169"},
      "templateId": "/subscriptions/00000000-0000-0000-0000-000000000000/providers/Microsoft.VMwareCloudSimple/locations/eastus/privateClouds/avs-test-eastus/virtualmachinetemplates/vm-125"}}'
    headers:
      Accept:
      - application/json
      Accept-Encoding:
      - gzip, deflate
      CommandName:
      - vmware vm create
      Connection:
      - keep-alive
      Content-Length:
      - '1036'
      Content-Type:
      - application/json; charset=utf-8
      ParameterSetName:
      - -g -n --location --ram --cores --private-cloud --template --resource-pool
      Referer:
      - https://management.azure.com/
      User-Agent:
      - python/3.6.8 (Windows-10-10.0.18362-SP0) msrest/0.6.8 msrest_azure/0.6.1 azure-mgmt-vmwarecloudsimple/0.1.0
        Azure-SDK-For-Python AZURECLI/2.0.68
      accept-language:
      - en-US
    method: PUT
    uri: https://management.azure.com/subscriptions/00000000-0000-0000-0000-000000000000/resourceGroups/cli_test_vmware_cs000001/providers/Microsoft.VMwareCloudSimple/virtualMachines/cli-test000002?api-version=2019-04-01
  response:
    body:
      string: '{"id":"/subscriptions/00000000-0000-0000-0000-000000000000/resourcegroups/cli_test_vmware_cs000001/providers/microsoft.vmwarecloudsimple/virtualmachines/cli-test000002","location":"eastus","name":"cli-test000002","properties":{"amountOfRam":1024,"controllers":[],"disks":[{"controllerId":"1000","independenceMode":"persistent","totalSize":16777216,"virtualDiskId":"2000"}],"nics":[{"ipAddresses":null,"macAddress":"00:50:56:89:9a:60","network":{"id":"/subscriptions/00000000-0000-0000-0000-000000000000/providers/Microsoft.VMwareCloudSimple/locations/eastus/privateClouds/avs-test-eastus/virtualnetworks/dvportgroup-85"},"nicType":"VMXNET3","powerOnBoot":true,"virtualNicId":"4000"}],"numberOfCores":1,"privateCloudId":"/subscriptions/00000000-0000-0000-0000-000000000000/providers/Microsoft.VMwareCloudSimple/locations/eastus/privateClouds/avs-test-eastus","provisioningState":"Created","resourcePool":{"id":"/subscriptions/00000000-0000-0000-0000-000000000000/providers/Microsoft.VMwareCloudSimple/locations/eastus/privateClouds/avs-test-eastus/resourcepools/resgroup-169"},"templateId":"/subscriptions/00000000-0000-0000-0000-000000000000/providers/Microsoft.VMwareCloudSimple/locations/eastus/privateClouds/avs-test-eastus/virtualmachinetemplates/vm-125","vSphereNetworks":null,"vmwaretools":"0"},"type":"Microsoft.VMwareCloudSimple/virtualMachines"}

        '
    headers:
      azure-asyncoperation:
      - https://management.azure.com/subscriptions/00000000-0000-0000-0000-000000000000/providers/microsoft.vmwarecloudsimple/locations/eastus/operationresults/29cc36fa-e366-11e9-adea-b21ba2daeeef?api-version=2019-04-01
      cache-control:
      - no-cache
      content-length:
      - '1426'
      content-type:
      - application/json
      date:
      - Mon, 30 Sep 2019 09:39:15 GMT
      expires:
      - '-1'
      pragma:
      - no-cache
      server:
      - nginx/1.13.12
      strict-transport-security:
      - max-age=31536000; includeSubDomains
      transfer-encoding:
      - chunked
      vary:
      - Accept-Encoding,Accept-Encoding
      x-content-type-options:
      - nosniff
      x-correlation-id:
      - 3a0de509-9d09-459f-87f4-c2b667c6451e
      x-env-name:
      - eastus-he.azure.cloudsimple.com
      x-ms-ratelimit-remaining-subscription-writes:
      - '1199'
      x-tracing-transaction-id:
      - 3e958912834f541b
    status:
      code: 200
      message: OK
- request:
    body: null
    headers:
      Accept:
      - application/json
      Accept-Encoding:
      - gzip, deflate
      CommandName:
      - vmware vm create
      Connection:
      - keep-alive
      ParameterSetName:
      - -g -n --location --ram --cores --private-cloud --template --resource-pool
      User-Agent:
      - python/3.6.8 (Windows-10-10.0.18362-SP0) msrest/0.6.8 msrest_azure/0.6.1 azure-mgmt-vmwarecloudsimple/0.1.0
        Azure-SDK-For-Python AZURECLI/2.0.68
    method: GET
    uri: https://management.azure.com/subscriptions/00000000-0000-0000-0000-000000000000/providers/microsoft.vmwarecloudsimple/locations/eastus/operationresults/29cc36fa-e366-11e9-adea-b21ba2daeeef?api-version=2019-04-01
  response:
    body:
      string: '{"endTime":"0001-01-01T00:00:00.000Z","id":"/subscriptions/00000000-0000-0000-0000-000000000000/providers/microsoft.vmwarecloudsimple/locations/eastus/operationresults/29cc36fa-e366-11e9-adea-b21ba2daeeef","name":"29cc36fa-e366-11e9-adea-b21ba2daeeef","startTime":"2019-09-30T09:39:13.892Z","status":"InProgress"}

        '
    headers:
      cache-control:
      - no-cache
      content-length:
      - '314'
      content-type:
      - application/json
      date:
      - Mon, 30 Sep 2019 09:39:45 GMT
      expires:
      - '-1'
      pragma:
      - no-cache
      server:
      - nginx/1.13.12
      strict-transport-security:
      - max-age=31536000; includeSubDomains
      transfer-encoding:
      - chunked
      vary:
      - Accept-Encoding,Accept-Encoding
      x-content-type-options:
      - nosniff
      x-correlation-id:
      - 755e4c23-6785-40c0-b296-890a510ceca6
      x-env-name:
      - eastus-he.azure.cloudsimple.com
      x-tracing-transaction-id:
      - 41c26e8ffcfaca06
    status:
      code: 200
      message: OK
- request:
    body: null
    headers:
      Accept:
      - application/json
      Accept-Encoding:
      - gzip, deflate
      CommandName:
      - vmware vm create
      Connection:
      - keep-alive
      ParameterSetName:
      - -g -n --location --ram --cores --private-cloud --template --resource-pool
      User-Agent:
      - python/3.6.8 (Windows-10-10.0.18362-SP0) msrest/0.6.8 msrest_azure/0.6.1 azure-mgmt-vmwarecloudsimple/0.1.0
        Azure-SDK-For-Python AZURECLI/2.0.68
    method: GET
    uri: https://management.azure.com/subscriptions/00000000-0000-0000-0000-000000000000/providers/microsoft.vmwarecloudsimple/locations/eastus/operationresults/29cc36fa-e366-11e9-adea-b21ba2daeeef?api-version=2019-04-01
  response:
    body:
      string: '{"endTime":"0001-01-01T00:00:00.000Z","id":"/subscriptions/00000000-0000-0000-0000-000000000000/providers/microsoft.vmwarecloudsimple/locations/eastus/operationresults/29cc36fa-e366-11e9-adea-b21ba2daeeef","name":"29cc36fa-e366-11e9-adea-b21ba2daeeef","startTime":"2019-09-30T09:39:13.892Z","status":"InProgress"}

        '
    headers:
      cache-control:
      - no-cache
      content-length:
      - '314'
      content-type:
      - application/json
      date:
      - Mon, 30 Sep 2019 09:40:16 GMT
      expires:
      - '-1'
      pragma:
      - no-cache
      server:
      - nginx/1.13.12
      strict-transport-security:
      - max-age=31536000; includeSubDomains
      transfer-encoding:
      - chunked
      vary:
      - Accept-Encoding,Accept-Encoding
      x-content-type-options:
      - nosniff
      x-correlation-id:
      - 4338d3df-09dc-47d8-853d-8d6f0287cf0e
      x-env-name:
      - eastus-he.azure.cloudsimple.com
      x-tracing-transaction-id:
      - 6b61c1e262840269
    status:
      code: 200
      message: OK
- request:
    body: null
    headers:
      Accept:
      - application/json
      Accept-Encoding:
      - gzip, deflate
      CommandName:
      - vmware vm create
      Connection:
      - keep-alive
      ParameterSetName:
      - -g -n --location --ram --cores --private-cloud --template --resource-pool
      User-Agent:
      - python/3.6.8 (Windows-10-10.0.18362-SP0) msrest/0.6.8 msrest_azure/0.6.1 azure-mgmt-vmwarecloudsimple/0.1.0
        Azure-SDK-For-Python AZURECLI/2.0.68
    method: GET
    uri: https://management.azure.com/subscriptions/00000000-0000-0000-0000-000000000000/providers/microsoft.vmwarecloudsimple/locations/eastus/operationresults/29cc36fa-e366-11e9-adea-b21ba2daeeef?api-version=2019-04-01
  response:
    body:
      string: '{"endTime":"0001-01-01T00:00:00.000Z","id":"/subscriptions/00000000-0000-0000-0000-000000000000/providers/microsoft.vmwarecloudsimple/locations/eastus/operationresults/29cc36fa-e366-11e9-adea-b21ba2daeeef","name":"29cc36fa-e366-11e9-adea-b21ba2daeeef","startTime":"2019-09-30T09:39:13.892Z","status":"InProgress"}

        '
    headers:
      cache-control:
      - no-cache
      content-length:
      - '314'
      content-type:
      - application/json
      date:
      - Mon, 30 Sep 2019 09:40:47 GMT
      expires:
      - '-1'
      pragma:
      - no-cache
      server:
      - nginx/1.13.12
      strict-transport-security:
      - max-age=31536000; includeSubDomains
      transfer-encoding:
      - chunked
      vary:
      - Accept-Encoding,Accept-Encoding
      x-content-type-options:
      - nosniff
      x-correlation-id:
      - d7299f3c-b355-4770-98cd-4f231bd0dcc3
      x-env-name:
      - eastus-he.azure.cloudsimple.com
      x-tracing-transaction-id:
      - 109d8238b58b6273
    status:
      code: 200
      message: OK
- request:
    body: null
    headers:
      Accept:
      - application/json
      Accept-Encoding:
      - gzip, deflate
      CommandName:
      - vmware vm create
      Connection:
      - keep-alive
      ParameterSetName:
      - -g -n --location --ram --cores --private-cloud --template --resource-pool
      User-Agent:
      - python/3.6.8 (Windows-10-10.0.18362-SP0) msrest/0.6.8 msrest_azure/0.6.1 azure-mgmt-vmwarecloudsimple/0.1.0
        Azure-SDK-For-Python AZURECLI/2.0.68
    method: GET
    uri: https://management.azure.com/subscriptions/00000000-0000-0000-0000-000000000000/providers/microsoft.vmwarecloudsimple/locations/eastus/operationresults/29cc36fa-e366-11e9-adea-b21ba2daeeef?api-version=2019-04-01
  response:
    body:
      string: '{"endTime":"2019-09-30T09:41:08.066Z","id":"/subscriptions/00000000-0000-0000-0000-000000000000/providers/microsoft.vmwarecloudsimple/locations/eastus/operationresults/29cc36fa-e366-11e9-adea-b21ba2daeeef","name":"29cc36fa-e366-11e9-adea-b21ba2daeeef","startTime":"2019-09-30T09:39:13.892Z","status":"Succeeded"}

        '
    headers:
      cache-control:
      - no-cache
      content-length:
      - '313'
      content-type:
      - application/json
      date:
      - Mon, 30 Sep 2019 09:41:18 GMT
      expires:
      - '-1'
      pragma:
      - no-cache
      server:
      - nginx/1.13.12
      strict-transport-security:
      - max-age=31536000; includeSubDomains
      transfer-encoding:
      - chunked
      vary:
      - Accept-Encoding,Accept-Encoding
      x-content-type-options:
      - nosniff
      x-correlation-id:
      - 179384d4-8bbc-4c7d-a681-760840b8af6a
      x-env-name:
      - eastus-he.azure.cloudsimple.com
      x-tracing-transaction-id:
      - 53051ad8aa21725c
    status:
      code: 200
      message: OK
- request:
    body: null
    headers:
      Accept:
      - application/json
      Accept-Encoding:
      - gzip, deflate
      CommandName:
      - vmware vm create
      Connection:
      - keep-alive
      ParameterSetName:
      - -g -n --location --ram --cores --private-cloud --template --resource-pool
      User-Agent:
      - python/3.6.8 (Windows-10-10.0.18362-SP0) msrest/0.6.8 msrest_azure/0.6.1 azure-mgmt-vmwarecloudsimple/0.1.0
        Azure-SDK-For-Python AZURECLI/2.0.68
    method: GET
    uri: https://management.azure.com/subscriptions/00000000-0000-0000-0000-000000000000/resourceGroups/cli_test_vmware_cs000001/providers/Microsoft.VMwareCloudSimple/virtualMachines/cli-test000002?api-version=2019-04-01
  response:
    body:
      string: '{"id":"/subscriptions/00000000-0000-0000-0000-000000000000/resourcegroups/cli_test_vmware_cs000001/providers/microsoft.vmwarecloudsimple/virtualmachines/cli-test000002","location":"eastus","name":"cli-test000002","properties":{"amountOfRam":1024,"controllers":[{"id":"1000","name":"SCSI
        controller 0","subType":"LSI_PARALEL","type":"SCSI"},{"id":"15000","name":"SATA
        controller 0","subType":"AHCI","type":"SATA"}],"disks":[{"controllerId":"1000","independenceMode":"persistent","totalSize":16777216,"virtualDiskId":"2000","virtualDiskName":"Hard
        disk 1"}],"folder":"Datacenter","guestOS":"Ubuntu Linux (64-bit)","guestOSType":"linux","nics":[{"ipAddresses":null,"macAddress":"00:50:56:89:cd:6b","network":{"assignable":true,"id":"/subscriptions/00000000-0000-0000-0000-000000000000/providers/Microsoft.VMwareCloudSimple/locations/eastus/privateClouds/avs-test-eastus/virtualnetworks/dvportgroup-85","location":"eastus","name":"Datacenter/Workload01","properties":{"privateCloudId":"/subscriptions/00000000-0000-0000-0000-000000000000/providers/Microsoft.VMwareCloudSimple/locations/eastus/privateClouds/avs-test-eastus"},"type":"Microsoft.VMwareCloudSimple/virtualNetworks"},"nicType":"VMXNET3","powerOnBoot":true,"virtualNicId":"4000","virtualNicName":"Network
        adapter 1"}],"numberOfCores":1,"privateCloudId":"/subscriptions/00000000-0000-0000-0000-000000000000/providers/Microsoft.VMwareCloudSimple/locations/eastus/privateClouds/avs-test-eastus","provisioningState":"Succeeded","resourcePool":{"id":"/subscriptions/00000000-0000-0000-0000-000000000000/providers/Microsoft.VMwareCloudSimple/locations/eastus/privateClouds/avs-test-eastus/resourcepools/resgroup-169","location":"eastus","name":"AzCLITest","privateCloudId":"/subscriptions/00000000-0000-0000-0000-000000000000/providers/Microsoft.VMwareCloudSimple/locations/eastus/privateClouds/avs-test-eastus","properties":{"fullName":"Datacenter/Cluster/AzCLITest"},"type":"Microsoft.VMwareCloudSimple/resourcePools"},"status":"running","templateId":"/subscriptions/00000000-0000-0000-0000-000000000000/providers/Microsoft.VMwareCloudSimple/locations/eastus/privateClouds/avs-test-eastus/virtualmachinetemplates/vm-125","vSphereNetworks":null,"vmId":"vm-1186","vmwaretools":"0"},"type":"Microsoft.VMwareCloudSimple/virtualMachines"}

        '
    headers:
      cache-control:
      - no-cache
      content-length:
      - '2358'
      content-type:
      - application/json
      date:
      - Mon, 30 Sep 2019 09:41:19 GMT
      expires:
      - '-1'
      pragma:
      - no-cache
      server:
      - nginx/1.13.12
      strict-transport-security:
      - max-age=31536000; includeSubDomains
      transfer-encoding:
      - chunked
      vary:
      - Accept-Encoding,Accept-Encoding
      x-content-type-options:
      - nosniff
      x-correlation-id:
      - 3ef69d24-817d-4dff-8446-a6676f28be4d
      x-env-name:
      - eastus-he.azure.cloudsimple.com
      x-tracing-transaction-id:
      - 64e557bf091ccc15
    status:
      code: 200
      message: OK
- request:
    body: null
    headers:
      Accept:
      - application/json
      Accept-Encoding:
      - gzip, deflate
      CommandName:
      - vmware vm show
      Connection:
      - keep-alive
      ParameterSetName:
      - -g -n
      User-Agent:
      - python/3.6.8 (Windows-10-10.0.18362-SP0) msrest/0.6.8 msrest_azure/0.6.1 azure-mgmt-vmwarecloudsimple/0.1.0
        Azure-SDK-For-Python AZURECLI/2.0.68
      accept-language:
      - en-US
    method: GET
    uri: https://management.azure.com/subscriptions/00000000-0000-0000-0000-000000000000/resourceGroups/cli_test_vmware_cs000001/providers/Microsoft.VMwareCloudSimple/virtualMachines/cli-test000002?api-version=2019-04-01
  response:
    body:
      string: '{"id":"/subscriptions/00000000-0000-0000-0000-000000000000/resourcegroups/cli_test_vmware_cs000001/providers/microsoft.vmwarecloudsimple/virtualmachines/cli-test000002","location":"eastus","name":"cli-test000002","properties":{"amountOfRam":1024,"controllers":[{"id":"1000","name":"SCSI
        controller 0","subType":"LSI_PARALEL","type":"SCSI"},{"id":"15000","name":"SATA
        controller 0","subType":"AHCI","type":"SATA"}],"disks":[{"controllerId":"1000","independenceMode":"persistent","totalSize":16777216,"virtualDiskId":"2000","virtualDiskName":"Hard
        disk 1"}],"folder":"Datacenter","guestOS":"Ubuntu Linux (64-bit)","guestOSType":"linux","nics":[{"ipAddresses":null,"macAddress":"00:50:56:89:cd:6b","network":{"assignable":true,"id":"/subscriptions/00000000-0000-0000-0000-000000000000/providers/Microsoft.VMwareCloudSimple/locations/eastus/privateClouds/avs-test-eastus/virtualnetworks/dvportgroup-85","location":"eastus","name":"Datacenter/Workload01","properties":{"privateCloudId":"/subscriptions/00000000-0000-0000-0000-000000000000/providers/Microsoft.VMwareCloudSimple/locations/eastus/privateClouds/avs-test-eastus"},"type":"Microsoft.VMwareCloudSimple/virtualNetworks"},"nicType":"VMXNET3","powerOnBoot":true,"virtualNicId":"4000","virtualNicName":"Network
        adapter 1"}],"numberOfCores":1,"privateCloudId":"/subscriptions/00000000-0000-0000-0000-000000000000/providers/Microsoft.VMwareCloudSimple/locations/eastus/privateClouds/avs-test-eastus","provisioningState":"Succeeded","resourcePool":{"id":"/subscriptions/00000000-0000-0000-0000-000000000000/providers/Microsoft.VMwareCloudSimple/locations/eastus/privateClouds/avs-test-eastus/resourcepools/resgroup-169","location":"eastus","name":"AzCLITest","privateCloudId":"/subscriptions/00000000-0000-0000-0000-000000000000/providers/Microsoft.VMwareCloudSimple/locations/eastus/privateClouds/avs-test-eastus","properties":{"fullName":"Datacenter/Cluster/AzCLITest"},"type":"Microsoft.VMwareCloudSimple/resourcePools"},"status":"running","templateId":"/subscriptions/00000000-0000-0000-0000-000000000000/providers/Microsoft.VMwareCloudSimple/locations/eastus/privateClouds/avs-test-eastus/virtualmachinetemplates/vm-125","vSphereNetworks":null,"vmId":"vm-1186","vmwaretools":"0"},"type":"Microsoft.VMwareCloudSimple/virtualMachines"}

        '
    headers:
      cache-control:
      - no-cache
      content-length:
      - '2358'
      content-type:
      - application/json
      date:
      - Mon, 30 Sep 2019 09:41:20 GMT
      expires:
      - '-1'
      pragma:
      - no-cache
      server:
      - nginx/1.13.12
      strict-transport-security:
      - max-age=31536000; includeSubDomains
      transfer-encoding:
      - chunked
      vary:
      - Accept-Encoding,Accept-Encoding
      x-content-type-options:
      - nosniff
      x-correlation-id:
      - b5a4780f-00e8-43b3-9d61-986f76f3f298
      x-env-name:
      - eastus-he.azure.cloudsimple.com
      x-tracing-transaction-id:
      - 63a81cb62f4c7831
    status:
      code: 200
      message: OK
- request:
    body: null
    headers:
      Accept:
      - application/json
      Accept-Encoding:
      - gzip, deflate
      CommandName:
      - vmware vm stop
      Connection:
      - keep-alive
      Content-Length:
      - '0'
      Content-Type:
      - application/json; charset=utf-8
      ParameterSetName:
      - -g -n --mode
      Referer:
      - https://management.azure.com/
      User-Agent:
      - python/3.6.8 (Windows-10-10.0.18362-SP0) msrest/0.6.8 msrest_azure/0.6.1 azure-mgmt-vmwarecloudsimple/0.1.0
        Azure-SDK-For-Python AZURECLI/2.0.68
      accept-language:
      - en-US
    method: POST
    uri: https://management.azure.com/subscriptions/00000000-0000-0000-0000-000000000000/resourceGroups/cli_test_vmware_cs000001/providers/Microsoft.VMwareCloudSimple/virtualMachines/cli-test000002/stop?mode=poweroff&api-version=2019-04-01
  response:
    body:
      string: ''
    headers:
      azure-asyncoperation:
      - https://management.azure.com/subscriptions/00000000-0000-0000-0000-000000000000/providers/microsoft.vmwarecloudsimple/locations/eastus/operationresults/7613c0ef-e366-11e9-adf3-b21ba2daeeef?api-version=2019-04-01
      cache-control:
      - no-cache
      content-length:
      - '0'
      content-type:
      - text/plain; charset=utf-8
      date:
      - Mon, 30 Sep 2019 09:41:22 GMT
      expires:
      - '-1'
      location:
      - https://management.azure.com/subscriptions/00000000-0000-0000-0000-000000000000/providers/microsoft.vmwarecloudsimple/locations/eastus/operationresults/7613c0ef-e366-11e9-adf3-b21ba2daeeef?api-version=2019-04-01
      pragma:
      - no-cache
      server:
      - nginx/1.13.12
      strict-transport-security:
      - max-age=31536000; includeSubDomains
      x-content-type-options:
      - nosniff
      x-correlation-id:
      - f233ced4-6d33-48ed-8fad-85d662d84a6d
      x-env-name:
      - eastus-he.azure.cloudsimple.com
      x-ms-ratelimit-remaining-subscription-writes:
      - '1199'
      x-tracing-transaction-id:
      - 7fc7ac465367d4d5
    status:
      code: 202
      message: Accepted
- request:
    body: null
    headers:
      Accept:
      - application/json
      Accept-Encoding:
      - gzip, deflate
      CommandName:
      - vmware vm stop
      Connection:
      - keep-alive
      ParameterSetName:
      - -g -n --mode
      User-Agent:
      - python/3.6.8 (Windows-10-10.0.18362-SP0) msrest/0.6.8 msrest_azure/0.6.1 azure-mgmt-vmwarecloudsimple/0.1.0
        Azure-SDK-For-Python AZURECLI/2.0.68
    method: GET
    uri: https://management.azure.com/subscriptions/00000000-0000-0000-0000-000000000000/providers/microsoft.vmwarecloudsimple/locations/eastus/operationresults/7613c0ef-e366-11e9-adf3-b21ba2daeeef?api-version=2019-04-01
  response:
    body:
      string: '{"endTime":"2019-09-30T09:41:25.563Z","id":"/subscriptions/00000000-0000-0000-0000-000000000000/providers/microsoft.vmwarecloudsimple/locations/eastus/operationresults/7613c0ef-e366-11e9-adf3-b21ba2daeeef","name":"7613c0ef-e366-11e9-adf3-b21ba2daeeef","startTime":"2019-09-30T09:41:21.868Z","status":"Succeeded"}

        '
    headers:
      cache-control:
      - no-cache
      content-length:
      - '313'
      content-type:
      - application/json
      date:
      - Mon, 30 Sep 2019 09:41:32 GMT
      expires:
      - '-1'
      pragma:
      - no-cache
      server:
      - nginx/1.13.12
      strict-transport-security:
      - max-age=31536000; includeSubDomains
      transfer-encoding:
      - chunked
      vary:
      - Accept-Encoding,Accept-Encoding
      x-content-type-options:
      - nosniff
      x-correlation-id:
      - 087bae49-3748-401b-a8cb-0e9f8d0e4c29
      x-env-name:
      - eastus-he.azure.cloudsimple.com
      x-tracing-transaction-id:
      - 716453dacc7ea7d5
    status:
      code: 200
      message: OK
- request:
    body: null
    headers:
      Accept:
      - application/json
      Accept-Encoding:
      - gzip, deflate
      CommandName:
      - vmware vm show
      Connection:
      - keep-alive
      ParameterSetName:
      - -g -n
      User-Agent:
      - python/3.6.8 (Windows-10-10.0.18362-SP0) msrest/0.6.8 msrest_azure/0.6.1 azure-mgmt-vmwarecloudsimple/0.1.0
        Azure-SDK-For-Python AZURECLI/2.0.68
      accept-language:
      - en-US
    method: GET
    uri: https://management.azure.com/subscriptions/00000000-0000-0000-0000-000000000000/resourceGroups/cli_test_vmware_cs000001/providers/Microsoft.VMwareCloudSimple/virtualMachines/cli-test000002?api-version=2019-04-01
  response:
    body:
      string: '{"id":"/subscriptions/00000000-0000-0000-0000-000000000000/resourcegroups/cli_test_vmware_cs000001/providers/microsoft.vmwarecloudsimple/virtualmachines/cli-test000002","location":"eastus","name":"cli-test000002","properties":{"amountOfRam":1024,"controllers":[{"id":"1000","name":"SCSI
        controller 0","subType":"LSI_PARALEL","type":"SCSI"},{"id":"15000","name":"SATA
        controller 0","subType":"AHCI","type":"SATA"}],"disks":[{"controllerId":"1000","independenceMode":"persistent","totalSize":16777216,"virtualDiskId":"2000","virtualDiskName":"Hard
        disk 1"}],"folder":"Datacenter","guestOS":"Ubuntu Linux (64-bit)","guestOSType":"linux","nics":[{"ipAddresses":null,"macAddress":"00:50:56:89:cd:6b","network":{"assignable":true,"id":"/subscriptions/00000000-0000-0000-0000-000000000000/providers/Microsoft.VMwareCloudSimple/locations/eastus/privateClouds/avs-test-eastus/virtualnetworks/dvportgroup-85","location":"eastus","name":"Datacenter/Workload01","properties":{"privateCloudId":"/subscriptions/00000000-0000-0000-0000-000000000000/providers/Microsoft.VMwareCloudSimple/locations/eastus/privateClouds/avs-test-eastus"},"type":"Microsoft.VMwareCloudSimple/virtualNetworks"},"nicType":"VMXNET3","powerOnBoot":true,"virtualNicId":"4000","virtualNicName":"Network
        adapter 1"}],"numberOfCores":1,"privateCloudId":"/subscriptions/00000000-0000-0000-0000-000000000000/providers/Microsoft.VMwareCloudSimple/locations/eastus/privateClouds/avs-test-eastus","provisioningState":"Succeeded","resourcePool":{"id":"/subscriptions/00000000-0000-0000-0000-000000000000/providers/Microsoft.VMwareCloudSimple/locations/eastus/privateClouds/avs-test-eastus/resourcepools/resgroup-169","location":"eastus","name":"AzCLITest","privateCloudId":"/subscriptions/00000000-0000-0000-0000-000000000000/providers/Microsoft.VMwareCloudSimple/locations/eastus/privateClouds/avs-test-eastus","properties":{"fullName":"Datacenter/Cluster/AzCLITest"},"type":"Microsoft.VMwareCloudSimple/resourcePools"},"status":"poweredoff","templateId":"/subscriptions/00000000-0000-0000-0000-000000000000/providers/Microsoft.VMwareCloudSimple/locations/eastus/privateClouds/avs-test-eastus/virtualmachinetemplates/vm-125","vSphereNetworks":null,"vmId":"vm-1186","vmwaretools":"0"},"type":"Microsoft.VMwareCloudSimple/virtualMachines"}

        '
    headers:
      cache-control:
      - no-cache
      content-length:
      - '2361'
      content-type:
      - application/json
      date:
      - Mon, 30 Sep 2019 09:41:34 GMT
      expires:
      - '-1'
      pragma:
      - no-cache
      server:
      - nginx/1.13.12
      strict-transport-security:
      - max-age=31536000; includeSubDomains
      transfer-encoding:
      - chunked
      vary:
      - Accept-Encoding,Accept-Encoding
      x-content-type-options:
      - nosniff
      x-correlation-id:
      - 0cc1a845-fe9e-4fb9-a1a6-8e171e2e1899
      x-env-name:
      - eastus-he.azure.cloudsimple.com
      x-tracing-transaction-id:
      - 52df5d5096ca4489
    status:
      code: 200
      message: OK
- request:
    body: null
    headers:
      Accept:
      - application/json
      Accept-Encoding:
      - gzip, deflate
      CommandName:
      - vmware vm start
      Connection:
      - keep-alive
      Content-Length:
      - '0'
      ParameterSetName:
      - -g -n
      Referer:
      - https://management.azure.com/
      User-Agent:
      - python/3.6.8 (Windows-10-10.0.18362-SP0) msrest/0.6.8 msrest_azure/0.6.1 azure-mgmt-vmwarecloudsimple/0.1.0
        Azure-SDK-For-Python AZURECLI/2.0.68
      accept-language:
      - en-US
    method: POST
    uri: https://management.azure.com/subscriptions/00000000-0000-0000-0000-000000000000/resourceGroups/cli_test_vmware_cs000001/providers/Microsoft.VMwareCloudSimple/virtualMachines/cli-test000002/start?api-version=2019-04-01
  response:
    body:
      string: ''
    headers:
      azure-asyncoperation:
      - https://management.azure.com/subscriptions/00000000-0000-0000-0000-000000000000/providers/microsoft.vmwarecloudsimple/locations/eastus/operationresults/7e1c2904-e366-11e9-adf5-b21ba2daeeef?api-version=2019-04-01
      cache-control:
      - no-cache
      content-length:
      - '0'
      content-type:
      - text/plain; charset=utf-8
      date:
      - Mon, 30 Sep 2019 09:41:35 GMT
      expires:
      - '-1'
      location:
      - https://management.azure.com/subscriptions/00000000-0000-0000-0000-000000000000/providers/microsoft.vmwarecloudsimple/locations/eastus/operationresults/7e1c2904-e366-11e9-adf5-b21ba2daeeef?api-version=2019-04-01
      pragma:
      - no-cache
      server:
      - nginx/1.13.12
      strict-transport-security:
      - max-age=31536000; includeSubDomains
      x-content-type-options:
      - nosniff
      x-correlation-id:
      - c1746d9e-bafa-4b96-b671-7d28833546d0
      x-env-name:
      - eastus-he.azure.cloudsimple.com
      x-ms-ratelimit-remaining-subscription-writes:
      - '1199'
      x-tracing-transaction-id:
      - 266d9af5db621ce5
    status:
      code: 202
      message: Accepted
- request:
    body: null
    headers:
      Accept:
      - application/json
      Accept-Encoding:
      - gzip, deflate
      CommandName:
      - vmware vm start
      Connection:
      - keep-alive
      ParameterSetName:
      - -g -n
      User-Agent:
      - python/3.6.8 (Windows-10-10.0.18362-SP0) msrest/0.6.8 msrest_azure/0.6.1 azure-mgmt-vmwarecloudsimple/0.1.0
        Azure-SDK-For-Python AZURECLI/2.0.68
    method: GET
    uri: https://management.azure.com/subscriptions/00000000-0000-0000-0000-000000000000/providers/microsoft.vmwarecloudsimple/locations/eastus/operationresults/7e1c2904-e366-11e9-adf5-b21ba2daeeef?api-version=2019-04-01
  response:
    body:
      string: '{"endTime":"2019-09-30T09:41:38.080Z","id":"/subscriptions/00000000-0000-0000-0000-000000000000/providers/microsoft.vmwarecloudsimple/locations/eastus/operationresults/7e1c2904-e366-11e9-adf5-b21ba2daeeef","name":"7e1c2904-e366-11e9-adf5-b21ba2daeeef","startTime":"2019-09-30T09:41:35.345Z","status":"Succeeded"}

        '
    headers:
      cache-control:
      - no-cache
      content-length:
      - '313'
      content-type:
      - application/json
      date:
      - Mon, 30 Sep 2019 09:41:45 GMT
      expires:
      - '-1'
      pragma:
      - no-cache
      server:
      - nginx/1.13.12
      strict-transport-security:
      - max-age=31536000; includeSubDomains
      transfer-encoding:
      - chunked
      vary:
      - Accept-Encoding,Accept-Encoding
      x-content-type-options:
      - nosniff
      x-correlation-id:
      - 3b28eb39-6fea-4b1c-a8e4-aa86f298fa7b
      x-env-name:
      - eastus-he.azure.cloudsimple.com
      x-tracing-transaction-id:
      - 119a6f0038d01f54
    status:
      code: 200
      message: OK
- request:
    body: null
    headers:
      Accept:
      - application/json
      Accept-Encoding:
      - gzip, deflate
      CommandName:
      - vmware vm show
      Connection:
      - keep-alive
      ParameterSetName:
      - -g -n
      User-Agent:
      - python/3.6.8 (Windows-10-10.0.18362-SP0) msrest/0.6.8 msrest_azure/0.6.1 azure-mgmt-vmwarecloudsimple/0.1.0
        Azure-SDK-For-Python AZURECLI/2.0.68
      accept-language:
      - en-US
    method: GET
    uri: https://management.azure.com/subscriptions/00000000-0000-0000-0000-000000000000/resourceGroups/cli_test_vmware_cs000001/providers/Microsoft.VMwareCloudSimple/virtualMachines/cli-test000002?api-version=2019-04-01
  response:
    body:
      string: '{"id":"/subscriptions/00000000-0000-0000-0000-000000000000/resourcegroups/cli_test_vmware_cs000001/providers/microsoft.vmwarecloudsimple/virtualmachines/cli-test000002","location":"eastus","name":"cli-test000002","properties":{"amountOfRam":1024,"controllers":[{"id":"1000","name":"SCSI
        controller 0","subType":"LSI_PARALEL","type":"SCSI"},{"id":"15000","name":"SATA
        controller 0","subType":"AHCI","type":"SATA"}],"disks":[{"controllerId":"1000","independenceMode":"persistent","totalSize":16777216,"virtualDiskId":"2000","virtualDiskName":"Hard
        disk 1"}],"folder":"Datacenter","guestOS":"Ubuntu Linux (64-bit)","guestOSType":"linux","nics":[{"ipAddresses":null,"macAddress":"00:50:56:89:cd:6b","network":{"assignable":true,"id":"/subscriptions/00000000-0000-0000-0000-000000000000/providers/Microsoft.VMwareCloudSimple/locations/eastus/privateClouds/avs-test-eastus/virtualnetworks/dvportgroup-85","location":"eastus","name":"Datacenter/Workload01","properties":{"privateCloudId":"/subscriptions/00000000-0000-0000-0000-000000000000/providers/Microsoft.VMwareCloudSimple/locations/eastus/privateClouds/avs-test-eastus"},"type":"Microsoft.VMwareCloudSimple/virtualNetworks"},"nicType":"VMXNET3","powerOnBoot":true,"virtualNicId":"4000","virtualNicName":"Network
        adapter 1"}],"numberOfCores":1,"privateCloudId":"/subscriptions/00000000-0000-0000-0000-000000000000/providers/Microsoft.VMwareCloudSimple/locations/eastus/privateClouds/avs-test-eastus","provisioningState":"Succeeded","resourcePool":{"id":"/subscriptions/00000000-0000-0000-0000-000000000000/providers/Microsoft.VMwareCloudSimple/locations/eastus/privateClouds/avs-test-eastus/resourcepools/resgroup-169","location":"eastus","name":"AzCLITest","privateCloudId":"/subscriptions/00000000-0000-0000-0000-000000000000/providers/Microsoft.VMwareCloudSimple/locations/eastus/privateClouds/avs-test-eastus","properties":{"fullName":"Datacenter/Cluster/AzCLITest"},"type":"Microsoft.VMwareCloudSimple/resourcePools"},"status":"running","templateId":"/subscriptions/00000000-0000-0000-0000-000000000000/providers/Microsoft.VMwareCloudSimple/locations/eastus/privateClouds/avs-test-eastus/virtualmachinetemplates/vm-125","vSphereNetworks":null,"vmId":"vm-1186","vmwaretools":"0"},"type":"Microsoft.VMwareCloudSimple/virtualMachines"}

        '
    headers:
      cache-control:
      - no-cache
      content-length:
      - '2358'
      content-type:
      - application/json
      date:
      - Mon, 30 Sep 2019 09:41:47 GMT
      expires:
      - '-1'
      pragma:
      - no-cache
      server:
      - nginx/1.13.12
      strict-transport-security:
      - max-age=31536000; includeSubDomains
      transfer-encoding:
      - chunked
      vary:
      - Accept-Encoding,Accept-Encoding
      x-content-type-options:
      - nosniff
      x-correlation-id:
      - a9b1d7be-3a7e-4474-94a1-2b9245369bdd
      x-env-name:
      - eastus-he.azure.cloudsimple.com
      x-tracing-transaction-id:
      - 76f5ce990d2542f8
    status:
      code: 200
      message: OK
- request:
    body: null
    headers:
      Accept:
      - application/json
      Accept-Encoding:
      - gzip, deflate
      CommandName:
      - vmware vm stop
      Connection:
      - keep-alive
      Content-Length:
      - '0'
      Content-Type:
      - application/json; charset=utf-8
      ParameterSetName:
      - -g -n --mode
      Referer:
      - https://management.azure.com/
      User-Agent:
      - python/3.6.8 (Windows-10-10.0.18362-SP0) msrest/0.6.8 msrest_azure/0.6.1 azure-mgmt-vmwarecloudsimple/0.1.0
        Azure-SDK-For-Python AZURECLI/2.0.68
      accept-language:
      - en-US
    method: POST
    uri: https://management.azure.com/subscriptions/00000000-0000-0000-0000-000000000000/resourceGroups/cli_test_vmware_cs000001/providers/Microsoft.VMwareCloudSimple/virtualMachines/cli-test000002/stop?mode=shutdown&api-version=2019-04-01
  response:
    body:
      string: ''
    headers:
      azure-asyncoperation:
      - https://management.azure.com/subscriptions/00000000-0000-0000-0000-000000000000/providers/microsoft.vmwarecloudsimple/locations/eastus/operationresults/861de6b7-e366-11e9-adf7-b21ba2daeeef?api-version=2019-04-01
      cache-control:
      - no-cache
      content-length:
      - '0'
      content-type:
      - text/plain; charset=utf-8
      date:
      - Mon, 30 Sep 2019 09:41:49 GMT
      expires:
      - '-1'
      location:
      - https://management.azure.com/subscriptions/00000000-0000-0000-0000-000000000000/providers/microsoft.vmwarecloudsimple/locations/eastus/operationresults/861de6b7-e366-11e9-adf7-b21ba2daeeef?api-version=2019-04-01
      pragma:
      - no-cache
      server:
      - nginx/1.13.12
      strict-transport-security:
      - max-age=31536000; includeSubDomains
      x-content-type-options:
      - nosniff
      x-correlation-id:
      - 5af28402-16c8-4a7a-b1c1-07eb13455bc1
      x-env-name:
      - eastus-he.azure.cloudsimple.com
      x-ms-ratelimit-remaining-subscription-writes:
      - '1199'
      x-tracing-transaction-id:
      - 11dadc90b95d7748
    status:
      code: 202
      message: Accepted
- request:
    body: null
    headers:
      Accept:
      - application/json
      Accept-Encoding:
      - gzip, deflate
      CommandName:
      - vmware vm stop
      Connection:
      - keep-alive
      ParameterSetName:
      - -g -n --mode
      User-Agent:
      - python/3.6.8 (Windows-10-10.0.18362-SP0) msrest/0.6.8 msrest_azure/0.6.1 azure-mgmt-vmwarecloudsimple/0.1.0
        Azure-SDK-For-Python AZURECLI/2.0.68
    method: GET
    uri: https://management.azure.com/subscriptions/00000000-0000-0000-0000-000000000000/providers/microsoft.vmwarecloudsimple/locations/eastus/operationresults/861de6b7-e366-11e9-adf7-b21ba2daeeef?api-version=2019-04-01
  response:
    body:
      string: '{"endTime":"2019-09-30T09:41:52.849Z","id":"/subscriptions/00000000-0000-0000-0000-000000000000/providers/microsoft.vmwarecloudsimple/locations/eastus/operationresults/861de6b7-e366-11e9-adf7-b21ba2daeeef","name":"861de6b7-e366-11e9-adf7-b21ba2daeeef","startTime":"2019-09-30T09:41:48.778Z","status":"Succeeded"}

        '
    headers:
      cache-control:
      - no-cache
      content-length:
      - '313'
      content-type:
      - application/json
      date:
      - Mon, 30 Sep 2019 09:41:59 GMT
      expires:
      - '-1'
      pragma:
      - no-cache
      server:
      - nginx/1.13.12
      strict-transport-security:
      - max-age=31536000; includeSubDomains
      transfer-encoding:
      - chunked
      vary:
      - Accept-Encoding,Accept-Encoding
      x-content-type-options:
      - nosniff
      x-correlation-id:
      - c797bcf1-cb58-423e-9840-3b36f083fe48
      x-env-name:
      - eastus-he.azure.cloudsimple.com
      x-tracing-transaction-id:
      - 5d387d3c714d2df4
    status:
      code: 200
      message: OK
- request:
    body: null
    headers:
      Accept:
      - application/json
      Accept-Encoding:
      - gzip, deflate
      CommandName:
      - vmware vm show
      Connection:
      - keep-alive
      ParameterSetName:
      - -g -n
      User-Agent:
      - python/3.6.8 (Windows-10-10.0.18362-SP0) msrest/0.6.8 msrest_azure/0.6.1 azure-mgmt-vmwarecloudsimple/0.1.0
        Azure-SDK-For-Python AZURECLI/2.0.68
      accept-language:
      - en-US
    method: GET
    uri: https://management.azure.com/subscriptions/00000000-0000-0000-0000-000000000000/resourceGroups/cli_test_vmware_cs000001/providers/Microsoft.VMwareCloudSimple/virtualMachines/cli-test000002?api-version=2019-04-01
  response:
    body:
      string: '{"id":"/subscriptions/00000000-0000-0000-0000-000000000000/resourcegroups/cli_test_vmware_cs000001/providers/microsoft.vmwarecloudsimple/virtualmachines/cli-test000002","location":"eastus","name":"cli-test000002","properties":{"amountOfRam":1024,"controllers":[{"id":"1000","name":"SCSI
        controller 0","subType":"LSI_PARALEL","type":"SCSI"},{"id":"15000","name":"SATA
        controller 0","subType":"AHCI","type":"SATA"}],"disks":[{"controllerId":"1000","independenceMode":"persistent","totalSize":16777216,"virtualDiskId":"2000","virtualDiskName":"Hard
        disk 1"}],"folder":"Datacenter","guestOS":"Ubuntu Linux (64-bit)","guestOSType":"linux","nics":[{"ipAddresses":null,"macAddress":"00:50:56:89:cd:6b","network":{"assignable":true,"id":"/subscriptions/00000000-0000-0000-0000-000000000000/providers/Microsoft.VMwareCloudSimple/locations/eastus/privateClouds/avs-test-eastus/virtualnetworks/dvportgroup-85","location":"eastus","name":"Datacenter/Workload01","properties":{"privateCloudId":"/subscriptions/00000000-0000-0000-0000-000000000000/providers/Microsoft.VMwareCloudSimple/locations/eastus/privateClouds/avs-test-eastus"},"type":"Microsoft.VMwareCloudSimple/virtualNetworks"},"nicType":"VMXNET3","powerOnBoot":true,"virtualNicId":"4000","virtualNicName":"Network
        adapter 1"}],"numberOfCores":1,"privateCloudId":"/subscriptions/00000000-0000-0000-0000-000000000000/providers/Microsoft.VMwareCloudSimple/locations/eastus/privateClouds/avs-test-eastus","provisioningState":"Succeeded","resourcePool":{"id":"/subscriptions/00000000-0000-0000-0000-000000000000/providers/Microsoft.VMwareCloudSimple/locations/eastus/privateClouds/avs-test-eastus/resourcepools/resgroup-169","location":"eastus","name":"AzCLITest","privateCloudId":"/subscriptions/00000000-0000-0000-0000-000000000000/providers/Microsoft.VMwareCloudSimple/locations/eastus/privateClouds/avs-test-eastus","properties":{"fullName":"Datacenter/Cluster/AzCLITest"},"type":"Microsoft.VMwareCloudSimple/resourcePools"},"status":"poweredoff","templateId":"/subscriptions/00000000-0000-0000-0000-000000000000/providers/Microsoft.VMwareCloudSimple/locations/eastus/privateClouds/avs-test-eastus/virtualmachinetemplates/vm-125","vSphereNetworks":null,"vmId":"vm-1186","vmwaretools":"0"},"type":"Microsoft.VMwareCloudSimple/virtualMachines"}

        '
    headers:
      cache-control:
      - no-cache
      content-length:
      - '2361'
      content-type:
      - application/json
      date:
      - Mon, 30 Sep 2019 09:42:01 GMT
      expires:
      - '-1'
      pragma:
      - no-cache
      server:
      - nginx/1.13.12
      strict-transport-security:
      - max-age=31536000; includeSubDomains
      transfer-encoding:
      - chunked
      vary:
      - Accept-Encoding,Accept-Encoding
      x-content-type-options:
      - nosniff
      x-correlation-id:
      - d2a058ee-b73c-469b-aee3-9865c915ecb5
      x-env-name:
      - eastus-he.azure.cloudsimple.com
      x-tracing-transaction-id:
      - ce790a0d1c70c7f
    status:
      code: 200
      message: OK
- request:
    body: null
    headers:
      Accept:
      - application/json
      Accept-Encoding:
      - gzip, deflate
      CommandName:
      - vmware vm start
      Connection:
      - keep-alive
      Content-Length:
      - '0'
      ParameterSetName:
      - -g -n
      Referer:
      - https://management.azure.com/
      User-Agent:
      - python/3.6.8 (Windows-10-10.0.18362-SP0) msrest/0.6.8 msrest_azure/0.6.1 azure-mgmt-vmwarecloudsimple/0.1.0
        Azure-SDK-For-Python AZURECLI/2.0.68
      accept-language:
      - en-US
    method: POST
    uri: https://management.azure.com/subscriptions/00000000-0000-0000-0000-000000000000/resourceGroups/cli_test_vmware_cs000001/providers/Microsoft.VMwareCloudSimple/virtualMachines/cli-test000002/start?api-version=2019-04-01
  response:
    body:
      string: ''
    headers:
      azure-asyncoperation:
      - https://management.azure.com/subscriptions/00000000-0000-0000-0000-000000000000/providers/microsoft.vmwarecloudsimple/locations/eastus/operationresults/8eaf8c67-e366-11e9-bc57-a29c97fe0a89?api-version=2019-04-01
      cache-control:
      - no-cache
      content-length:
      - '0'
      content-type:
      - text/plain; charset=utf-8
      date:
      - Mon, 30 Sep 2019 09:42:04 GMT
      expires:
      - '-1'
      location:
      - https://management.azure.com/subscriptions/00000000-0000-0000-0000-000000000000/providers/microsoft.vmwarecloudsimple/locations/eastus/operationresults/8eaf8c67-e366-11e9-bc57-a29c97fe0a89?api-version=2019-04-01
      pragma:
      - no-cache
      server:
      - nginx/1.13.12
      strict-transport-security:
      - max-age=31536000; includeSubDomains
      x-content-type-options:
      - nosniff
      x-correlation-id:
      - 4f4cbe90-6516-431e-b11c-98288dfe3c9c
      x-env-name:
      - eastus-he.azure.cloudsimple.com
      x-ms-ratelimit-remaining-subscription-writes:
      - '1199'
      x-tracing-transaction-id:
      - 4fd8c2ffe8de2a6c
    status:
      code: 202
      message: Accepted
- request:
    body: null
    headers:
      Accept:
      - application/json
      Accept-Encoding:
      - gzip, deflate
      CommandName:
      - vmware vm start
      Connection:
      - keep-alive
      ParameterSetName:
      - -g -n
      User-Agent:
      - python/3.6.8 (Windows-10-10.0.18362-SP0) msrest/0.6.8 msrest_azure/0.6.1 azure-mgmt-vmwarecloudsimple/0.1.0
        Azure-SDK-For-Python AZURECLI/2.0.68
    method: GET
    uri: https://management.azure.com/subscriptions/00000000-0000-0000-0000-000000000000/providers/microsoft.vmwarecloudsimple/locations/eastus/operationresults/8eaf8c67-e366-11e9-bc57-a29c97fe0a89?api-version=2019-04-01
  response:
    body:
      string: '{"endTime":"2019-09-30T09:42:09.449Z","id":"/subscriptions/00000000-0000-0000-0000-000000000000/providers/microsoft.vmwarecloudsimple/locations/eastus/operationresults/8eaf8c67-e366-11e9-bc57-a29c97fe0a89","name":"8eaf8c67-e366-11e9-bc57-a29c97fe0a89","startTime":"2019-09-30T09:42:03.154Z","status":"Succeeded"}

        '
    headers:
      cache-control:
      - no-cache
      content-length:
      - '313'
      content-type:
      - application/json
      date:
      - Mon, 30 Sep 2019 09:42:15 GMT
      expires:
      - '-1'
      pragma:
      - no-cache
      server:
      - nginx/1.13.12
      strict-transport-security:
      - max-age=31536000; includeSubDomains
      transfer-encoding:
      - chunked
      vary:
      - Accept-Encoding,Accept-Encoding
      x-content-type-options:
      - nosniff
      x-correlation-id:
      - 210932e9-1b8e-44b0-b937-a64760ab7fa2
      x-env-name:
      - eastus-he.azure.cloudsimple.com
      x-tracing-transaction-id:
      - 4597c942ebe94d45
    status:
      code: 200
      message: OK
- request:
    body: null
    headers:
      Accept:
      - application/json
      Accept-Encoding:
      - gzip, deflate
      CommandName:
      - vmware vm show
      Connection:
      - keep-alive
      ParameterSetName:
      - -g -n
      User-Agent:
      - python/3.6.8 (Windows-10-10.0.18362-SP0) msrest/0.6.8 msrest_azure/0.6.1 azure-mgmt-vmwarecloudsimple/0.1.0
        Azure-SDK-For-Python AZURECLI/2.0.68
      accept-language:
      - en-US
    method: GET
    uri: https://management.azure.com/subscriptions/00000000-0000-0000-0000-000000000000/resourceGroups/cli_test_vmware_cs000001/providers/Microsoft.VMwareCloudSimple/virtualMachines/cli-test000002?api-version=2019-04-01
  response:
    body:
      string: '{"id":"/subscriptions/00000000-0000-0000-0000-000000000000/resourcegroups/cli_test_vmware_cs000001/providers/microsoft.vmwarecloudsimple/virtualmachines/cli-test000002","location":"eastus","name":"cli-test000002","properties":{"amountOfRam":1024,"controllers":[{"id":"1000","name":"SCSI
        controller 0","subType":"LSI_PARALEL","type":"SCSI"},{"id":"15000","name":"SATA
        controller 0","subType":"AHCI","type":"SATA"}],"disks":[{"controllerId":"1000","independenceMode":"persistent","totalSize":16777216,"virtualDiskId":"2000","virtualDiskName":"Hard
        disk 1"}],"folder":"Datacenter","guestOS":"Ubuntu Linux (64-bit)","guestOSType":"linux","nics":[{"ipAddresses":null,"macAddress":"00:50:56:89:cd:6b","network":{"assignable":true,"id":"/subscriptions/00000000-0000-0000-0000-000000000000/providers/Microsoft.VMwareCloudSimple/locations/eastus/privateClouds/avs-test-eastus/virtualnetworks/dvportgroup-85","location":"eastus","name":"Datacenter/Workload01","properties":{"privateCloudId":"/subscriptions/00000000-0000-0000-0000-000000000000/providers/Microsoft.VMwareCloudSimple/locations/eastus/privateClouds/avs-test-eastus"},"type":"Microsoft.VMwareCloudSimple/virtualNetworks"},"nicType":"VMXNET3","powerOnBoot":true,"virtualNicId":"4000","virtualNicName":"Network
        adapter 1"}],"numberOfCores":1,"privateCloudId":"/subscriptions/00000000-0000-0000-0000-000000000000/providers/Microsoft.VMwareCloudSimple/locations/eastus/privateClouds/avs-test-eastus","provisioningState":"Succeeded","resourcePool":{"id":"/subscriptions/00000000-0000-0000-0000-000000000000/providers/Microsoft.VMwareCloudSimple/locations/eastus/privateClouds/avs-test-eastus/resourcepools/resgroup-169","location":"eastus","name":"AzCLITest","privateCloudId":"/subscriptions/00000000-0000-0000-0000-000000000000/providers/Microsoft.VMwareCloudSimple/locations/eastus/privateClouds/avs-test-eastus","properties":{"fullName":"Datacenter/Cluster/AzCLITest"},"type":"Microsoft.VMwareCloudSimple/resourcePools"},"status":"running","templateId":"/subscriptions/00000000-0000-0000-0000-000000000000/providers/Microsoft.VMwareCloudSimple/locations/eastus/privateClouds/avs-test-eastus/virtualmachinetemplates/vm-125","vSphereNetworks":null,"vmId":"vm-1186","vmwaretools":"0"},"type":"Microsoft.VMwareCloudSimple/virtualMachines"}

        '
    headers:
      cache-control:
      - no-cache
      content-length:
      - '2358'
      content-type:
      - application/json
      date:
      - Mon, 30 Sep 2019 09:42:17 GMT
      expires:
      - '-1'
      pragma:
      - no-cache
      server:
      - nginx/1.13.12
      strict-transport-security:
      - max-age=31536000; includeSubDomains
      transfer-encoding:
      - chunked
      vary:
      - Accept-Encoding,Accept-Encoding
      x-content-type-options:
      - nosniff
      x-correlation-id:
      - 2dfaf9fd-0812-4657-a6f6-00299bb3aa6e
      x-env-name:
      - eastus-he.azure.cloudsimple.com
      x-tracing-transaction-id:
      - 4d256bb86be707b1
    status:
      code: 200
      message: OK
- request:
    body: null
    headers:
      Accept:
      - application/json
      Accept-Encoding:
      - gzip, deflate
      CommandName:
      - vmware vm stop
      Connection:
      - keep-alive
      Content-Length:
      - '0'
      Content-Type:
      - application/json; charset=utf-8
      ParameterSetName:
      - -g -n --mode
      Referer:
      - https://management.azure.com/
      User-Agent:
      - python/3.6.8 (Windows-10-10.0.18362-SP0) msrest/0.6.8 msrest_azure/0.6.1 azure-mgmt-vmwarecloudsimple/0.1.0
        Azure-SDK-For-Python AZURECLI/2.0.68
      accept-language:
      - en-US
    method: POST
    uri: https://management.azure.com/subscriptions/00000000-0000-0000-0000-000000000000/resourceGroups/cli_test_vmware_cs000001/providers/Microsoft.VMwareCloudSimple/virtualMachines/cli-test000002/stop?mode=reboot&api-version=2019-04-01
  response:
    body:
      string: ''
    headers:
      azure-asyncoperation:
      - https://management.azure.com/subscriptions/00000000-0000-0000-0000-000000000000/providers/microsoft.vmwarecloudsimple/locations/eastus/operationresults/976edb76-e366-11e9-bc59-a29c97fe0a89?api-version=2019-04-01
      cache-control:
      - no-cache
      content-length:
      - '0'
      content-type:
      - text/plain; charset=utf-8
      date:
      - Mon, 30 Sep 2019 09:42:17 GMT
      expires:
      - '-1'
      location:
      - https://management.azure.com/subscriptions/00000000-0000-0000-0000-000000000000/providers/microsoft.vmwarecloudsimple/locations/eastus/operationresults/976edb76-e366-11e9-bc59-a29c97fe0a89?api-version=2019-04-01
      pragma:
      - no-cache
      server:
      - nginx/1.13.12
      strict-transport-security:
      - max-age=31536000; includeSubDomains
      x-content-type-options:
      - nosniff
      x-correlation-id:
      - fd612d6f-554f-4549-8228-bdf6e0bec91c
      x-env-name:
      - eastus-he.azure.cloudsimple.com
      x-ms-ratelimit-remaining-subscription-writes:
      - '1198'
      x-tracing-transaction-id:
      - 13336315b1b8847c
    status:
      code: 202
      message: Accepted
- request:
    body: null
    headers:
      Accept:
      - application/json
      Accept-Encoding:
      - gzip, deflate
      CommandName:
      - vmware vm stop
      Connection:
      - keep-alive
      ParameterSetName:
      - -g -n --mode
      User-Agent:
      - python/3.6.8 (Windows-10-10.0.18362-SP0) msrest/0.6.8 msrest_azure/0.6.1 azure-mgmt-vmwarecloudsimple/0.1.0
        Azure-SDK-For-Python AZURECLI/2.0.68
    method: GET
    uri: https://management.azure.com/subscriptions/00000000-0000-0000-0000-000000000000/providers/microsoft.vmwarecloudsimple/locations/eastus/operationresults/976edb76-e366-11e9-bc59-a29c97fe0a89?api-version=2019-04-01
  response:
    body:
      string: '{"endTime":"2019-09-30T09:42:20.873Z","id":"/subscriptions/00000000-0000-0000-0000-000000000000/providers/microsoft.vmwarecloudsimple/locations/eastus/operationresults/976edb76-e366-11e9-bc59-a29c97fe0a89","name":"976edb76-e366-11e9-bc59-a29c97fe0a89","startTime":"2019-09-30T09:42:17.830Z","status":"Succeeded"}

        '
    headers:
      cache-control:
      - no-cache
      content-length:
      - '313'
      content-type:
      - application/json
      date:
      - Mon, 30 Sep 2019 09:42:28 GMT
      expires:
      - '-1'
      pragma:
      - no-cache
      server:
      - nginx/1.13.12
      strict-transport-security:
      - max-age=31536000; includeSubDomains
      transfer-encoding:
      - chunked
      vary:
      - Accept-Encoding,Accept-Encoding
      x-content-type-options:
      - nosniff
      x-correlation-id:
      - 99168ae1-cbaa-45fe-abc5-25d483a1a2e5
      x-env-name:
      - eastus-he.azure.cloudsimple.com
      x-tracing-transaction-id:
      - 738f7bffa08cfa80
    status:
      code: 200
      message: OK
- request:
    body: null
    headers:
      Accept:
      - application/json
      Accept-Encoding:
      - gzip, deflate
      CommandName:
      - vmware vm show
      Connection:
      - keep-alive
      ParameterSetName:
      - -g -n
      User-Agent:
      - python/3.6.8 (Windows-10-10.0.18362-SP0) msrest/0.6.8 msrest_azure/0.6.1 azure-mgmt-vmwarecloudsimple/0.1.0
        Azure-SDK-For-Python AZURECLI/2.0.68
      accept-language:
      - en-US
    method: GET
    uri: https://management.azure.com/subscriptions/00000000-0000-0000-0000-000000000000/resourceGroups/cli_test_vmware_cs000001/providers/Microsoft.VMwareCloudSimple/virtualMachines/cli-test000002?api-version=2019-04-01
  response:
    body:
      string: '{"id":"/subscriptions/00000000-0000-0000-0000-000000000000/resourcegroups/cli_test_vmware_cs000001/providers/microsoft.vmwarecloudsimple/virtualmachines/cli-test000002","location":"eastus","name":"cli-test000002","properties":{"amountOfRam":1024,"controllers":[{"id":"1000","name":"SCSI
        controller 0","subType":"LSI_PARALEL","type":"SCSI"},{"id":"15000","name":"SATA
        controller 0","subType":"AHCI","type":"SATA"}],"disks":[{"controllerId":"1000","independenceMode":"persistent","totalSize":16777216,"virtualDiskId":"2000","virtualDiskName":"Hard
        disk 1"}],"folder":"Datacenter","guestOS":"Ubuntu Linux (64-bit)","guestOSType":"linux","nics":[{"ipAddresses":null,"macAddress":"00:50:56:89:cd:6b","network":{"assignable":true,"id":"/subscriptions/00000000-0000-0000-0000-000000000000/providers/Microsoft.VMwareCloudSimple/locations/eastus/privateClouds/avs-test-eastus/virtualnetworks/dvportgroup-85","location":"eastus","name":"Datacenter/Workload01","properties":{"privateCloudId":"/subscriptions/00000000-0000-0000-0000-000000000000/providers/Microsoft.VMwareCloudSimple/locations/eastus/privateClouds/avs-test-eastus"},"type":"Microsoft.VMwareCloudSimple/virtualNetworks"},"nicType":"VMXNET3","powerOnBoot":true,"virtualNicId":"4000","virtualNicName":"Network
        adapter 1"}],"numberOfCores":1,"privateCloudId":"/subscriptions/00000000-0000-0000-0000-000000000000/providers/Microsoft.VMwareCloudSimple/locations/eastus/privateClouds/avs-test-eastus","provisioningState":"Succeeded","resourcePool":{"id":"/subscriptions/00000000-0000-0000-0000-000000000000/providers/Microsoft.VMwareCloudSimple/locations/eastus/privateClouds/avs-test-eastus/resourcepools/resgroup-169","location":"eastus","name":"AzCLITest","privateCloudId":"/subscriptions/00000000-0000-0000-0000-000000000000/providers/Microsoft.VMwareCloudSimple/locations/eastus/privateClouds/avs-test-eastus","properties":{"fullName":"Datacenter/Cluster/AzCLITest"},"type":"Microsoft.VMwareCloudSimple/resourcePools"},"status":"running","templateId":"/subscriptions/00000000-0000-0000-0000-000000000000/providers/Microsoft.VMwareCloudSimple/locations/eastus/privateClouds/avs-test-eastus/virtualmachinetemplates/vm-125","vSphereNetworks":null,"vmId":"vm-1186","vmwaretools":"0"},"type":"Microsoft.VMwareCloudSimple/virtualMachines"}

        '
    headers:
      cache-control:
      - no-cache
      content-length:
      - '2358'
      content-type:
      - application/json
      date:
      - Mon, 30 Sep 2019 09:42:30 GMT
      expires:
      - '-1'
      pragma:
      - no-cache
      server:
      - nginx/1.13.12
      strict-transport-security:
      - max-age=31536000; includeSubDomains
      transfer-encoding:
      - chunked
      vary:
      - Accept-Encoding,Accept-Encoding
      x-content-type-options:
      - nosniff
      x-correlation-id:
      - 1aa72fc2-d3c1-4fc1-a5b0-072125325d8a
      x-env-name:
      - eastus-he.azure.cloudsimple.com
      x-tracing-transaction-id:
      - 2ddbf64974ef2c0d
    status:
      code: 200
      message: OK
- request:
    body: null
    headers:
      Accept:
      - application/json
      Accept-Encoding:
      - gzip, deflate
      CommandName:
      - vmware vm stop
      Connection:
      - keep-alive
      Content-Length:
      - '0'
      Content-Type:
      - application/json; charset=utf-8
      ParameterSetName:
      - -g -n --mode
      Referer:
      - https://management.azure.com/
      User-Agent:
      - python/3.6.8 (Windows-10-10.0.18362-SP0) msrest/0.6.8 msrest_azure/0.6.1 azure-mgmt-vmwarecloudsimple/0.1.0
        Azure-SDK-For-Python AZURECLI/2.0.68
      accept-language:
      - en-US
    method: POST
    uri: https://management.azure.com/subscriptions/00000000-0000-0000-0000-000000000000/resourceGroups/cli_test_vmware_cs000001/providers/Microsoft.VMwareCloudSimple/virtualMachines/cli-test000002/stop?mode=suspend&api-version=2019-04-01
  response:
    body:
      string: ''
    headers:
      azure-asyncoperation:
      - https://management.azure.com/subscriptions/00000000-0000-0000-0000-000000000000/providers/microsoft.vmwarecloudsimple/locations/eastus/operationresults/9ff4ab69-e366-11e9-adf9-b21ba2daeeef?api-version=2019-04-01
      cache-control:
      - no-cache
      content-length:
      - '0'
      content-type:
      - text/plain; charset=utf-8
      date:
      - Mon, 30 Sep 2019 09:42:31 GMT
      expires:
      - '-1'
      location:
      - https://management.azure.com/subscriptions/00000000-0000-0000-0000-000000000000/providers/microsoft.vmwarecloudsimple/locations/eastus/operationresults/9ff4ab69-e366-11e9-adf9-b21ba2daeeef?api-version=2019-04-01
      pragma:
      - no-cache
      server:
      - nginx/1.13.12
      strict-transport-security:
      - max-age=31536000; includeSubDomains
      x-content-type-options:
      - nosniff
      x-correlation-id:
      - 200201f6-f0e5-42e7-9a87-4fd03d0a41d7
      x-env-name:
      - eastus-he.azure.cloudsimple.com
      x-ms-ratelimit-remaining-subscription-writes:
      - '1198'
      x-tracing-transaction-id:
      - d75c9d90a05750
    status:
      code: 202
      message: Accepted
- request:
    body: null
    headers:
      Accept:
      - application/json
      Accept-Encoding:
      - gzip, deflate
      CommandName:
      - vmware vm stop
      Connection:
      - keep-alive
      ParameterSetName:
      - -g -n --mode
      User-Agent:
      - python/3.6.8 (Windows-10-10.0.18362-SP0) msrest/0.6.8 msrest_azure/0.6.1 azure-mgmt-vmwarecloudsimple/0.1.0
        Azure-SDK-For-Python AZURECLI/2.0.68
    method: GET
    uri: https://management.azure.com/subscriptions/00000000-0000-0000-0000-000000000000/providers/microsoft.vmwarecloudsimple/locations/eastus/operationresults/9ff4ab69-e366-11e9-adf9-b21ba2daeeef?api-version=2019-04-01
  response:
    body:
      string: '{"endTime":"2019-09-30T09:42:36.260Z","id":"/subscriptions/00000000-0000-0000-0000-000000000000/providers/microsoft.vmwarecloudsimple/locations/eastus/operationresults/9ff4ab69-e366-11e9-adf9-b21ba2daeeef","name":"9ff4ab69-e366-11e9-adf9-b21ba2daeeef","startTime":"2019-09-30T09:42:32.129Z","status":"Succeeded"}

        '
    headers:
      cache-control:
      - no-cache
      content-length:
      - '313'
      content-type:
      - application/json
      date:
      - Mon, 30 Sep 2019 09:42:42 GMT
      expires:
      - '-1'
      pragma:
      - no-cache
      server:
      - nginx/1.13.12
      strict-transport-security:
      - max-age=31536000; includeSubDomains
      transfer-encoding:
      - chunked
      vary:
      - Accept-Encoding,Accept-Encoding
      x-content-type-options:
      - nosniff
      x-correlation-id:
      - bae7b5d2-d24a-4dd9-bffa-5a46d78e92dc
      x-env-name:
      - eastus-he.azure.cloudsimple.com
      x-tracing-transaction-id:
      - 2bb77ecbd9244733
    status:
      code: 200
      message: OK
- request:
    body: null
    headers:
      Accept:
      - application/json
      Accept-Encoding:
      - gzip, deflate
      CommandName:
      - vmware vm show
      Connection:
      - keep-alive
      ParameterSetName:
      - -g -n
      User-Agent:
      - python/3.6.8 (Windows-10-10.0.18362-SP0) msrest/0.6.8 msrest_azure/0.6.1 azure-mgmt-vmwarecloudsimple/0.1.0
        Azure-SDK-For-Python AZURECLI/2.0.68
      accept-language:
      - en-US
    method: GET
    uri: https://management.azure.com/subscriptions/00000000-0000-0000-0000-000000000000/resourceGroups/cli_test_vmware_cs000001/providers/Microsoft.VMwareCloudSimple/virtualMachines/cli-test000002?api-version=2019-04-01
  response:
    body:
      string: '{"id":"/subscriptions/00000000-0000-0000-0000-000000000000/resourcegroups/cli_test_vmware_cs000001/providers/microsoft.vmwarecloudsimple/virtualmachines/cli-test000002","location":"eastus","name":"cli-test000002","properties":{"amountOfRam":1024,"controllers":[{"id":"1000","name":"SCSI
        controller 0","subType":"LSI_PARALEL","type":"SCSI"},{"id":"15000","name":"SATA
        controller 0","subType":"AHCI","type":"SATA"}],"disks":[{"controllerId":"1000","independenceMode":"persistent","totalSize":16777216,"virtualDiskId":"2000","virtualDiskName":"Hard
        disk 1"}],"folder":"Datacenter","guestOS":"Ubuntu Linux (64-bit)","guestOSType":"linux","nics":[{"ipAddresses":null,"macAddress":"00:50:56:89:cd:6b","network":{"assignable":true,"id":"/subscriptions/00000000-0000-0000-0000-000000000000/providers/Microsoft.VMwareCloudSimple/locations/eastus/privateClouds/avs-test-eastus/virtualnetworks/dvportgroup-85","location":"eastus","name":"Datacenter/Workload01","properties":{"privateCloudId":"/subscriptions/00000000-0000-0000-0000-000000000000/providers/Microsoft.VMwareCloudSimple/locations/eastus/privateClouds/avs-test-eastus"},"type":"Microsoft.VMwareCloudSimple/virtualNetworks"},"nicType":"VMXNET3","powerOnBoot":true,"virtualNicId":"4000","virtualNicName":"Network
        adapter 1"}],"numberOfCores":1,"privateCloudId":"/subscriptions/00000000-0000-0000-0000-000000000000/providers/Microsoft.VMwareCloudSimple/locations/eastus/privateClouds/avs-test-eastus","provisioningState":"Succeeded","resourcePool":{"id":"/subscriptions/00000000-0000-0000-0000-000000000000/providers/Microsoft.VMwareCloudSimple/locations/eastus/privateClouds/avs-test-eastus/resourcepools/resgroup-169","location":"eastus","name":"AzCLITest","privateCloudId":"/subscriptions/00000000-0000-0000-0000-000000000000/providers/Microsoft.VMwareCloudSimple/locations/eastus/privateClouds/avs-test-eastus","properties":{"fullName":"Datacenter/Cluster/AzCLITest"},"type":"Microsoft.VMwareCloudSimple/resourcePools"},"status":"suspended","templateId":"/subscriptions/00000000-0000-0000-0000-000000000000/providers/Microsoft.VMwareCloudSimple/locations/eastus/privateClouds/avs-test-eastus/virtualmachinetemplates/vm-125","vSphereNetworks":null,"vmId":"vm-1186","vmwaretools":"0"},"type":"Microsoft.VMwareCloudSimple/virtualMachines"}

        '
    headers:
      cache-control:
      - no-cache
      content-length:
      - '2360'
      content-type:
      - application/json
      date:
      - Mon, 30 Sep 2019 09:42:45 GMT
      expires:
      - '-1'
      pragma:
      - no-cache
      server:
      - nginx/1.13.12
      strict-transport-security:
      - max-age=31536000; includeSubDomains
      transfer-encoding:
      - chunked
      vary:
      - Accept-Encoding,Accept-Encoding
      x-content-type-options:
      - nosniff
      x-correlation-id:
      - e221d2d9-1c92-4dae-8ab1-c1dbf18c7877
      x-env-name:
      - eastus-he.azure.cloudsimple.com
      x-tracing-transaction-id:
      - 4b4edd4f50ba1786
    status:
      code: 200
      message: OK
- request:
    body: null
    headers:
      Accept:
      - application/json
      Accept-Encoding:
      - gzip, deflate
      CommandName:
      - vmware vm delete
      Connection:
      - keep-alive
      Content-Length:
      - '0'
      ParameterSetName:
      - -g -n
      Referer:
      - https://management.azure.com/
      User-Agent:
      - python/3.6.8 (Windows-10-10.0.18362-SP0) msrest/0.6.8 msrest_azure/0.6.1 azure-mgmt-vmwarecloudsimple/0.1.0
        Azure-SDK-For-Python AZURECLI/2.0.68
      accept-language:
      - en-US
    method: DELETE
    uri: https://management.azure.com/subscriptions/00000000-0000-0000-0000-000000000000/resourceGroups/cli_test_vmware_cs000001/providers/Microsoft.VMwareCloudSimple/virtualMachines/cli-test000002?api-version=2019-04-01
  response:
    body:
      string: ''
    headers:
      azure-asyncoperation:
      - https://management.azure.com/subscriptions/00000000-0000-0000-0000-000000000000/providers/microsoft.vmwarecloudsimple/locations/eastus/operationresults/a94a8ef6-e366-11e9-bc5c-a29c97fe0a89?api-version=2019-04-01
      cache-control:
      - no-cache
      content-length:
      - '0'
      content-type:
      - text/plain; charset=utf-8
      date:
      - Mon, 30 Sep 2019 09:42:48 GMT
      expires:
      - '-1'
      location:
      - https://management.azure.com/subscriptions/00000000-0000-0000-0000-000000000000/providers/microsoft.vmwarecloudsimple/locations/eastus/operationresults/a94a8ef6-e366-11e9-bc5c-a29c97fe0a89?api-version=2019-04-01
      pragma:
      - no-cache
      server:
      - nginx/1.13.12
      strict-transport-security:
      - max-age=31536000; includeSubDomains
      x-content-type-options:
      - nosniff
      x-correlation-id:
      - 8b10c10a-1c74-4299-8b36-e87c4c41484e
      x-env-name:
      - eastus-he.azure.cloudsimple.com
      x-ms-ratelimit-remaining-subscription-deletes:
      - '14998'
      x-tracing-transaction-id:
      - 322a76980c29531a
    status:
      code: 202
      message: Accepted
- request:
    body: null
    headers:
      Accept:
      - application/json
      Accept-Encoding:
      - gzip, deflate
      CommandName:
      - vmware vm delete
      Connection:
      - keep-alive
      ParameterSetName:
      - -g -n
      User-Agent:
      - python/3.6.8 (Windows-10-10.0.18362-SP0) msrest/0.6.8 msrest_azure/0.6.1 azure-mgmt-vmwarecloudsimple/0.1.0
        Azure-SDK-For-Python AZURECLI/2.0.68
    method: GET
    uri: https://management.azure.com/subscriptions/00000000-0000-0000-0000-000000000000/providers/microsoft.vmwarecloudsimple/locations/eastus/operationresults/a94a8ef6-e366-11e9-bc5c-a29c97fe0a89?api-version=2019-04-01
  response:
    body:
      string: '{"endTime":"2019-09-30T09:42:52.004Z","id":"/subscriptions/00000000-0000-0000-0000-000000000000/providers/microsoft.vmwarecloudsimple/locations/eastus/operationresults/a94a8ef6-e366-11e9-bc5c-a29c97fe0a89","name":"a94a8ef6-e366-11e9-bc5c-a29c97fe0a89","startTime":"2019-09-30T09:42:47.791Z","status":"Succeeded"}

        '
    headers:
      cache-control:
      - no-cache
      content-length:
      - '313'
      content-type:
      - application/json
      date:
      - Mon, 30 Sep 2019 09:42:59 GMT
      expires:
      - '-1'
      pragma:
      - no-cache
      server:
      - nginx/1.13.12
      strict-transport-security:
      - max-age=31536000; includeSubDomains
      transfer-encoding:
      - chunked
      vary:
      - Accept-Encoding,Accept-Encoding
      x-content-type-options:
      - nosniff
      x-correlation-id:
      - 962fd092-6149-4a17-882d-16d7cf5d3db3
      x-env-name:
      - eastus-he.azure.cloudsimple.com
      x-tracing-transaction-id:
      - 61593182133a9fbb
    status:
      code: 200
      message: OK
- request:
    body: null
    headers:
      Accept:
      - application/json
      Accept-Encoding:
      - gzip, deflate
      CommandName:
      - group delete
      Connection:
      - keep-alive
      Content-Length:
      - '0'
      ParameterSetName:
      - --name --yes --no-wait
      User-Agent:
      - python/3.6.8 (Windows-10-10.0.18362-SP0) msrest/0.6.8 msrest_azure/0.6.1 resourcemanagementclient/2.2.0
        Azure-SDK-For-Python AZURECLI/2.0.68
      accept-language:
      - en-US
    method: DELETE
    uri: https://management.azure.com/subscriptions/00000000-0000-0000-0000-000000000000/resourcegroups/cli_test_vmware_cs000001?api-version=2018-05-01
  response:
    body:
      string: ''
    headers:
      cache-control:
      - no-cache
      content-length:
      - '0'
      date:
      - Mon, 30 Sep 2019 09:43:07 GMT
      expires:
      - '-1'
      location:
      - https://management.azure.com/subscriptions/00000000-0000-0000-0000-000000000000/operationresults/eyJqb2JJZCI6IlJFU09VUkNFR1JPVVBERUxFVElPTkpPQi1DTEk6NUZURVNUOjVGVk1XQVJFOjVGQ1M2UklSRjRVRUVPR01CWkUyTlFaNlA2WHwxM0E0MjQ5Mjk3NzhCM0RGLVdFU1RVUyIsImpvYkxvY2F0aW9uIjoid2VzdHVzIn0?api-version=2018-05-01
      pragma:
      - no-cache
      strict-transport-security:
      - max-age=31536000; includeSubDomains
      x-content-type-options:
      - nosniff
      x-ms-ratelimit-remaining-subscription-deletes:
      - '14996'
    status:
      code: 202
      message: Accepted
version: 1
