interactions:
- request:
    body: null
    headers:
      Accept:
      - application/json
      Accept-Encoding:
      - gzip, deflate
      CommandName:
      - vmware vm create
      Connection:
      - keep-alive
      ParameterSetName:
      - -g -n --location --private-cloud --template --resource-pool
      User-Agent:
      - python/3.6.8 (Windows-10-10.0.18362-SP0) msrest/0.6.8 msrest_azure/0.6.1 azure-mgmt-vmwarecloudsimple/0.1.0
        Azure-SDK-For-Python AZURECLI/2.0.68
      accept-language:
      - en-US
    method: GET
    uri: https://management.azure.com/subscriptions/00000000-0000-0000-0000-000000000000/providers/Microsoft.VMwareCloudSimple/locations/eastus/privateClouds/avs-test-eastus/virtualMachineTemplates/vm-125?api-version=2019-04-01
  response:
    body:
      string: '{"id":"/subscriptions/00000000-0000-0000-0000-000000000000/providers/Microsoft.VMwareCloudSimple/locations/eastus/privateClouds/avs-test-eastus/virtualmachinetemplates/vm-125","location":"eastus","name":"UbuntuDesktop","properties":{"amountOfRam":1024,"controllers":[{"id":"1000","name":"SCSI
        controller 0","subType":"LSI_PARALEL","type":"SCSI"},{"id":"15000","name":"SATA
        controller 0","subType":"AHCI","type":"SATA"}],"disks":[{"controllerId":"1000","independenceMode":"persistent","totalSize":16777216,"virtualDiskId":"2000","virtualDiskName":"Hard
        disk 1"}],"guestOS":"Ubuntu Linux (64-bit)","guestOSType":"linux","nics":[{"ipAddresses":null,"macAddress":"00:50:56:89:9a:60","network":{"id":"/subscriptions/00000000-0000-0000-0000-000000000000/providers/Microsoft.VMwareCloudSimple/locations/eastus/privateClouds/avs-test-eastus/virtualnetworks/dvportgroup-85"},"nicType":"VMXNET3","powerOnBoot":true,"virtualNicId":"4000","virtualNicName":"Network
        adapter 1"}],"numberOfCores":1,"path":"Datacenter","privateCloudId":"/subscriptions/00000000-0000-0000-0000-000000000000/providers/Microsoft.VMwareCloudSimple/locations/eastus/privateClouds/avs-test-eastus","vSphereNetworks":null,"vSphereTags":null,"vmwaretools":"0"},"type":"Microsoft.VMwareCloudSimple/virtualMachineTemplates"}

        '
    headers:
      cache-control:
      - no-cache
      content-length:
      - '1283'
      content-type:
      - application/json
      date:
      - Fri, 11 Oct 2019 09:46:23 GMT
      expires:
      - '-1'
      pragma:
      - no-cache
      server:
      - nginx/1.13.12
      strict-transport-security:
      - max-age=31536000; includeSubDomains
      transfer-encoding:
      - chunked
      vary:
      - Accept-Encoding,Accept-Encoding
      x-content-type-options:
      - nosniff
      x-correlation-id:
      - 093a687b-527a-4014-aff4-5778d5dcd613
      x-env-name:
      - eastus-he.azure.cloudsimple.com
      x-tracing-transaction-id:
      - 470fd28f151af3c8
    status:
      code: 200
      message: OK
- request:
    body: '{"location": "eastus", "properties": {"amountOfRam": 1024, "disks": [{"controllerId":
      "1000", "independenceMode": "persistent", "totalSize": 16777216, "virtualDiskId":
      "2000"}], "nics": [{"macAddress": "00:50:56:89:9a:60", "network": {"id": "/subscriptions/00000000-0000-0000-0000-000000000000/providers/Microsoft.VMwareCloudSimple/locations/eastus/privateClouds/avs-test-eastus/virtualnetworks/dvportgroup-85"},
      "nicType": "VMXNET3", "powerOnBoot": true, "virtualNicId": "4000"}], "numberOfCores":
      1, "privateCloudId": "/subscriptions/00000000-0000-0000-0000-000000000000/providers/Microsoft.VMwareCloudSimple/locations/eastus/privateClouds/avs-test-eastus",
      "resourcePool": {"id": "/subscriptions/00000000-0000-0000-0000-000000000000/providers/Microsoft.VMwareCloudSimple/locations/eastus/privateClouds/avs-test-eastus/resourcepools/resgroup-169"},
      "templateId": "/subscriptions/00000000-0000-0000-0000-000000000000/providers/Microsoft.VMwareCloudSimple/locations/eastus/privateClouds/avs-test-eastus/virtualmachinetemplates/vm-125"}}'
    headers:
      Accept:
      - application/json
      Accept-Encoding:
      - gzip, deflate
      CommandName:
      - vmware vm create
      Connection:
      - keep-alive
      Content-Length:
      - '1036'
      Content-Type:
      - application/json; charset=utf-8
      ParameterSetName:
      - -g -n --location --private-cloud --template --resource-pool
      Referer:
      - https://management.azure.com/
      User-Agent:
      - python/3.6.8 (Windows-10-10.0.18362-SP0) msrest/0.6.8 msrest_azure/0.6.1 azure-mgmt-vmwarecloudsimple/0.1.0
        Azure-SDK-For-Python AZURECLI/2.0.68
      accept-language:
      - en-US
    method: PUT
    uri: https://management.azure.com/subscriptions/00000000-0000-0000-0000-000000000000/resourceGroups/az_cli_cs_test/providers/Microsoft.VMwareCloudSimple/virtualMachines/cli-test000001?api-version=2019-04-01
  response:
    body:
      string: '{"id":"/subscriptions/00000000-0000-0000-0000-000000000000/resourcegroups/az_cli_cs_test/providers/microsoft.vmwarecloudsimple/virtualmachines/cli-test000001","location":"eastus","name":"cli-test000001","properties":{"amountOfRam":1024,"controllers":[],"disks":[{"controllerId":"1000","independenceMode":"persistent","totalSize":16777216,"virtualDiskId":"2000"}],"nics":[{"ipAddresses":null,"macAddress":"00:50:56:89:9a:60","network":{"id":"/subscriptions/00000000-0000-0000-0000-000000000000/providers/Microsoft.VMwareCloudSimple/locations/eastus/privateClouds/avs-test-eastus/virtualnetworks/dvportgroup-85"},"nicType":"VMXNET3","powerOnBoot":true,"virtualNicId":"4000"}],"numberOfCores":1,"privateCloudId":"/subscriptions/00000000-0000-0000-0000-000000000000/providers/Microsoft.VMwareCloudSimple/locations/eastus/privateClouds/avs-test-eastus","provisioningState":"Created","resourcePool":{"id":"/subscriptions/00000000-0000-0000-0000-000000000000/providers/Microsoft.VMwareCloudSimple/locations/eastus/privateClouds/avs-test-eastus/resourcepools/resgroup-169"},"templateId":"/subscriptions/00000000-0000-0000-0000-000000000000/providers/Microsoft.VMwareCloudSimple/locations/eastus/privateClouds/avs-test-eastus/virtualmachinetemplates/vm-125","vSphereNetworks":null,"vmwaretools":"0"},"type":"Microsoft.VMwareCloudSimple/virtualMachines"}

        '
    headers:
      azure-asyncoperation:
      - https://management.azure.com/subscriptions/00000000-0000-0000-0000-000000000000/providers/microsoft.vmwarecloudsimple/locations/eastus/operationresults/fec50848-ec0b-11e9-ad97-62d45efc9b66?api-version=2019-04-01
      cache-control:
      - no-cache
      content-length:
      - '1365'
      content-type:
      - application/json
      date:
      - Fri, 11 Oct 2019 09:46:27 GMT
      expires:
      - '-1'
      pragma:
      - no-cache
      server:
      - nginx/1.13.12
      strict-transport-security:
      - max-age=31536000; includeSubDomains
      transfer-encoding:
      - chunked
      vary:
      - Accept-Encoding,Accept-Encoding
      x-content-type-options:
      - nosniff
      x-correlation-id:
      - 88a55eae-de65-4f95-b57d-17ae4f19eb62
      x-env-name:
      - eastus-he.azure.cloudsimple.com
      x-ms-ratelimit-remaining-subscription-writes:
      - '1199'
      x-tracing-transaction-id:
      - 1b2f6fc56362e0b1
    status:
      code: 200
      message: OK
- request:
    body: null
    headers:
      Accept:
      - application/json
      Accept-Encoding:
      - gzip, deflate
      CommandName:
      - vmware vm create
      Connection:
      - keep-alive
      ParameterSetName:
      - -g -n --location --private-cloud --template --resource-pool
      User-Agent:
      - python/3.6.8 (Windows-10-10.0.18362-SP0) msrest/0.6.8 msrest_azure/0.6.1 azure-mgmt-vmwarecloudsimple/0.1.0
        Azure-SDK-For-Python AZURECLI/2.0.68
    method: GET
    uri: https://management.azure.com/subscriptions/00000000-0000-0000-0000-000000000000/providers/microsoft.vmwarecloudsimple/locations/eastus/operationresults/fec50848-ec0b-11e9-ad97-62d45efc9b66?api-version=2019-04-01
  response:
    body:
      string: '{"endTime":"2019-10-11T09:46:50.321Z","id":"/subscriptions/00000000-0000-0000-0000-000000000000/providers/microsoft.vmwarecloudsimple/locations/eastus/operationresults/fec50848-ec0b-11e9-ad97-62d45efc9b66","name":"fec50848-ec0b-11e9-ad97-62d45efc9b66","startTime":"2019-10-11T09:46:27.463Z","status":"Succeeded"}

        '
    headers:
      cache-control:
      - no-cache
      content-length:
      - '313'
      content-type:
      - application/json
      date:
      - Fri, 11 Oct 2019 09:46:59 GMT
      expires:
      - '-1'
      pragma:
      - no-cache
      server:
      - nginx/1.13.12
      strict-transport-security:
      - max-age=31536000; includeSubDomains
      transfer-encoding:
      - chunked
      vary:
      - Accept-Encoding,Accept-Encoding
      x-content-type-options:
      - nosniff
      x-correlation-id:
      - e8fe2775-a0ce-4a9e-8705-647801194991
      x-env-name:
      - eastus-he.azure.cloudsimple.com
      x-tracing-transaction-id:
      - 7001f28a43c8ab96
    status:
      code: 200
      message: OK
- request:
    body: null
    headers:
      Accept:
      - application/json
      Accept-Encoding:
      - gzip, deflate
      CommandName:
      - vmware vm create
      Connection:
      - keep-alive
      ParameterSetName:
      - -g -n --location --private-cloud --template --resource-pool
      User-Agent:
      - python/3.6.8 (Windows-10-10.0.18362-SP0) msrest/0.6.8 msrest_azure/0.6.1 azure-mgmt-vmwarecloudsimple/0.1.0
        Azure-SDK-For-Python AZURECLI/2.0.68
    method: GET
    uri: https://management.azure.com/subscriptions/00000000-0000-0000-0000-000000000000/resourceGroups/az_cli_cs_test/providers/Microsoft.VMwareCloudSimple/virtualMachines/cli-test000001?api-version=2019-04-01
  response:
    body:
      string: '{"id":"/subscriptions/00000000-0000-0000-0000-000000000000/resourcegroups/az_cli_cs_test/providers/microsoft.vmwarecloudsimple/virtualmachines/cli-test000001","location":"eastus","name":"cli-test000001","properties":{"amountOfRam":1024,"controllers":[{"id":"1000","name":"SCSI
        controller 0","subType":"LSI_PARALEL","type":"SCSI"},{"id":"15000","name":"SATA
        controller 0","subType":"AHCI","type":"SATA"}],"disks":[{"controllerId":"1000","independenceMode":"persistent","totalSize":16777216,"virtualDiskId":"2000","virtualDiskName":"Hard
        disk 1"}],"folder":"Datacenter","guestOS":"Ubuntu Linux (64-bit)","guestOSType":"linux","nics":[{"ipAddresses":null,"macAddress":"00:50:56:89:33:f3","network":{"assignable":true,"id":"/subscriptions/00000000-0000-0000-0000-000000000000/providers/Microsoft.VMwareCloudSimple/locations/eastus/privateClouds/avs-test-eastus/virtualnetworks/dvportgroup-85","location":"eastus","name":"Datacenter/Workload01","properties":{"privateCloudId":"/subscriptions/00000000-0000-0000-0000-000000000000/providers/Microsoft.VMwareCloudSimple/locations/eastus/privateClouds/avs-test-eastus"},"type":"Microsoft.VMwareCloudSimple/virtualNetworks"},"nicType":"VMXNET3","powerOnBoot":true,"virtualNicId":"4000","virtualNicName":"Network
        adapter 1"}],"numberOfCores":1,"privateCloudId":"/subscriptions/00000000-0000-0000-0000-000000000000/providers/Microsoft.VMwareCloudSimple/locations/eastus/privateClouds/avs-test-eastus","provisioningState":"Succeeded","resourcePool":{"id":"/subscriptions/00000000-0000-0000-0000-000000000000/providers/Microsoft.VMwareCloudSimple/locations/eastus/privateClouds/avs-test-eastus/resourcepools/resgroup-169","location":"eastus","name":"AzCLITest","privateCloudId":"/subscriptions/00000000-0000-0000-0000-000000000000/providers/Microsoft.VMwareCloudSimple/locations/eastus/privateClouds/avs-test-eastus","properties":{"fullName":"Datacenter/Cluster/AzCLITest"},"type":"Microsoft.VMwareCloudSimple/resourcePools"},"status":"running","templateId":"/subscriptions/00000000-0000-0000-0000-000000000000/providers/Microsoft.VMwareCloudSimple/locations/eastus/privateClouds/avs-test-eastus/virtualmachinetemplates/vm-125","vSphereNetworks":null,"vmId":"vm-1429","vmwaretools":"0"},"type":"Microsoft.VMwareCloudSimple/virtualMachines"}

        '
    headers:
      cache-control:
      - no-cache
      content-length:
      - '2297'
      content-type:
      - application/json
      date:
      - Fri, 11 Oct 2019 09:46:59 GMT
      expires:
      - '-1'
      pragma:
      - no-cache
      server:
      - nginx/1.13.12
      strict-transport-security:
      - max-age=31536000; includeSubDomains
      transfer-encoding:
      - chunked
      vary:
      - Accept-Encoding,Accept-Encoding
      x-content-type-options:
      - nosniff
      x-correlation-id:
      - 1b513fbd-3727-454b-ba31-abf699b42221
      x-env-name:
      - eastus-he.azure.cloudsimple.com
      x-tracing-transaction-id:
      - 74e69216f3a10bea
    status:
      code: 200
      message: OK
- request:
    body: null
    headers:
      Accept:
      - application/json
      Accept-Encoding:
      - gzip, deflate
      CommandName:
      - vmware vm nic add
      Connection:
      - keep-alive
      ParameterSetName:
      - -g --vm-name --virtual-network
      User-Agent:
      - python/3.6.8 (Windows-10-10.0.18362-SP0) msrest/0.6.8 msrest_azure/0.6.1 azure-mgmt-vmwarecloudsimple/0.1.0
        Azure-SDK-For-Python AZURECLI/2.0.68
      accept-language:
      - en-US
    method: GET
    uri: https://management.azure.com/subscriptions/00000000-0000-0000-0000-000000000000/resourceGroups/az_cli_cs_test/providers/Microsoft.VMwareCloudSimple/virtualMachines/cli-test000001?api-version=2019-04-01
  response:
    body:
      string: '{"id":"/subscriptions/00000000-0000-0000-0000-000000000000/resourcegroups/az_cli_cs_test/providers/microsoft.vmwarecloudsimple/virtualmachines/cli-test000001","location":"eastus","name":"cli-test000001","properties":{"amountOfRam":1024,"controllers":[{"id":"1000","name":"SCSI
        controller 0","subType":"LSI_PARALEL","type":"SCSI"},{"id":"15000","name":"SATA
        controller 0","subType":"AHCI","type":"SATA"}],"disks":[{"controllerId":"1000","independenceMode":"persistent","totalSize":16777216,"virtualDiskId":"2000","virtualDiskName":"Hard
        disk 1"}],"folder":"Datacenter","guestOS":"Ubuntu Linux (64-bit)","guestOSType":"linux","nics":[{"ipAddresses":null,"macAddress":"00:50:56:89:33:f3","network":{"assignable":true,"id":"/subscriptions/00000000-0000-0000-0000-000000000000/providers/Microsoft.VMwareCloudSimple/locations/eastus/privateClouds/avs-test-eastus/virtualnetworks/dvportgroup-85","location":"eastus","name":"Datacenter/Workload01","properties":{"privateCloudId":"/subscriptions/00000000-0000-0000-0000-000000000000/providers/Microsoft.VMwareCloudSimple/locations/eastus/privateClouds/avs-test-eastus"},"type":"Microsoft.VMwareCloudSimple/virtualNetworks"},"nicType":"VMXNET3","powerOnBoot":true,"virtualNicId":"4000","virtualNicName":"Network
        adapter 1"}],"numberOfCores":1,"privateCloudId":"/subscriptions/00000000-0000-0000-0000-000000000000/providers/Microsoft.VMwareCloudSimple/locations/eastus/privateClouds/avs-test-eastus","provisioningState":"Succeeded","resourcePool":{"id":"/subscriptions/00000000-0000-0000-0000-000000000000/providers/Microsoft.VMwareCloudSimple/locations/eastus/privateClouds/avs-test-eastus/resourcepools/resgroup-169","location":"eastus","name":"AzCLITest","privateCloudId":"/subscriptions/00000000-0000-0000-0000-000000000000/providers/Microsoft.VMwareCloudSimple/locations/eastus/privateClouds/avs-test-eastus","properties":{"fullName":"Datacenter/Cluster/AzCLITest"},"type":"Microsoft.VMwareCloudSimple/resourcePools"},"status":"running","templateId":"/subscriptions/00000000-0000-0000-0000-000000000000/providers/Microsoft.VMwareCloudSimple/locations/eastus/privateClouds/avs-test-eastus/virtualmachinetemplates/vm-125","vSphereNetworks":null,"vmId":"vm-1429","vmwaretools":"0"},"type":"Microsoft.VMwareCloudSimple/virtualMachines"}

        '
    headers:
      cache-control:
      - no-cache
      content-length:
      - '2297'
      content-type:
      - application/json
      date:
      - Fri, 11 Oct 2019 09:46:59 GMT
      expires:
      - '-1'
      pragma:
      - no-cache
      server:
      - nginx/1.13.12
      strict-transport-security:
      - max-age=31536000; includeSubDomains
      transfer-encoding:
      - chunked
      vary:
      - Accept-Encoding,Accept-Encoding
      x-content-type-options:
      - nosniff
      x-correlation-id:
      - 37359030-0998-4487-944f-c5213c9c4631
      x-env-name:
      - eastus-he.azure.cloudsimple.com
      x-tracing-transaction-id:
      - 441033d3321bcb48
    status:
      code: 200
      message: OK
- request:
    body: null
    headers:
      Accept:
      - application/json
      Accept-Encoding:
      - gzip, deflate
      CommandName:
      - vmware vm nic add
      Connection:
      - keep-alive
      ParameterSetName:
      - -g --vm-name --virtual-network
      User-Agent:
      - python/3.6.8 (Windows-10-10.0.18362-SP0) msrest/0.6.8 msrest_azure/0.6.1 azure-mgmt-vmwarecloudsimple/0.1.0
        Azure-SDK-For-Python AZURECLI/2.0.68
      accept-language:
      - en-US
    method: GET
    uri: https://management.azure.com/subscriptions/00000000-0000-0000-0000-000000000000/resourceGroups/az_cli_cs_test/providers/Microsoft.VMwareCloudSimple/virtualMachines/cli-test000001?api-version=2019-04-01
  response:
    body:
      string: '{"id":"/subscriptions/00000000-0000-0000-0000-000000000000/resourcegroups/az_cli_cs_test/providers/microsoft.vmwarecloudsimple/virtualmachines/cli-test000001","location":"eastus","name":"cli-test000001","properties":{"amountOfRam":1024,"controllers":[{"id":"1000","name":"SCSI
        controller 0","subType":"LSI_PARALEL","type":"SCSI"},{"id":"15000","name":"SATA
        controller 0","subType":"AHCI","type":"SATA"}],"disks":[{"controllerId":"1000","independenceMode":"persistent","totalSize":16777216,"virtualDiskId":"2000","virtualDiskName":"Hard
        disk 1"}],"folder":"Datacenter","guestOS":"Ubuntu Linux (64-bit)","guestOSType":"linux","nics":[{"ipAddresses":null,"macAddress":"00:50:56:89:33:f3","network":{"assignable":true,"id":"/subscriptions/00000000-0000-0000-0000-000000000000/providers/Microsoft.VMwareCloudSimple/locations/eastus/privateClouds/avs-test-eastus/virtualnetworks/dvportgroup-85","location":"eastus","name":"Datacenter/Workload01","properties":{"privateCloudId":"/subscriptions/00000000-0000-0000-0000-000000000000/providers/Microsoft.VMwareCloudSimple/locations/eastus/privateClouds/avs-test-eastus"},"type":"Microsoft.VMwareCloudSimple/virtualNetworks"},"nicType":"VMXNET3","powerOnBoot":true,"virtualNicId":"4000","virtualNicName":"Network
        adapter 1"}],"numberOfCores":1,"privateCloudId":"/subscriptions/00000000-0000-0000-0000-000000000000/providers/Microsoft.VMwareCloudSimple/locations/eastus/privateClouds/avs-test-eastus","provisioningState":"Succeeded","resourcePool":{"id":"/subscriptions/00000000-0000-0000-0000-000000000000/providers/Microsoft.VMwareCloudSimple/locations/eastus/privateClouds/avs-test-eastus/resourcepools/resgroup-169","location":"eastus","name":"AzCLITest","privateCloudId":"/subscriptions/00000000-0000-0000-0000-000000000000/providers/Microsoft.VMwareCloudSimple/locations/eastus/privateClouds/avs-test-eastus","properties":{"fullName":"Datacenter/Cluster/AzCLITest"},"type":"Microsoft.VMwareCloudSimple/resourcePools"},"status":"running","templateId":"/subscriptions/00000000-0000-0000-0000-000000000000/providers/Microsoft.VMwareCloudSimple/locations/eastus/privateClouds/avs-test-eastus/virtualmachinetemplates/vm-125","vSphereNetworks":null,"vmId":"vm-1429","vmwaretools":"0"},"type":"Microsoft.VMwareCloudSimple/virtualMachines"}

        '
    headers:
      cache-control:
      - no-cache
      content-length:
      - '2297'
      content-type:
      - application/json
      date:
      - Fri, 11 Oct 2019 09:47:00 GMT
      expires:
      - '-1'
      pragma:
      - no-cache
      server:
      - nginx/1.13.12
      strict-transport-security:
      - max-age=31536000; includeSubDomains
      transfer-encoding:
      - chunked
      vary:
      - Accept-Encoding,Accept-Encoding
      x-content-type-options:
      - nosniff
      x-correlation-id:
      - 895362c6-b2e1-4f03-8cfa-367724321a9d
      x-env-name:
      - eastus-he.azure.cloudsimple.com
      x-tracing-transaction-id:
      - 294bb23446267184
    status:
      code: 200
      message: OK
- request:
    body: '{"location": "eastus", "properties": {"amountOfRam": 1024, "disks": [{"controllerId":
      "1000", "independenceMode": "persistent", "totalSize": 16777216, "virtualDiskId":
      "2000"}], "nics": [{"macAddress": "00:50:56:89:33:f3", "network": {"id": "/subscriptions/00000000-0000-0000-0000-000000000000/providers/Microsoft.VMwareCloudSimple/locations/eastus/privateClouds/avs-test-eastus/virtualnetworks/dvportgroup-85"},
      "nicType": "VMXNET3", "powerOnBoot": true, "virtualNicId": "4000"}, {"network":
      {"id": "/subscriptions/00000000-0000-0000-0000-000000000000/providers/Microsoft.VMwareCloudSimple/locations/eastus/privateClouds/avs-test-eastus/virtualnetworks/dvportgroup-85"},
      "nicType": "VMXNET3", "powerOnBoot": false}], "numberOfCores": 1, "privateCloudId":
      "/subscriptions/00000000-0000-0000-0000-000000000000/providers/Microsoft.VMwareCloudSimple/locations/eastus/privateClouds/avs-test-eastus",
      "resourcePool": {"id": "/subscriptions/00000000-0000-0000-0000-000000000000/providers/Microsoft.VMwareCloudSimple/locations/eastus/privateClouds/avs-test-eastus/resourcepools/resgroup-169"},
      "templateId": "/subscriptions/00000000-0000-0000-0000-000000000000/providers/Microsoft.VMwareCloudSimple/locations/eastus/privateClouds/avs-test-eastus/virtualmachinetemplates/vm-125"}}'
    headers:
      Accept:
      - application/json
      Accept-Encoding:
      - gzip, deflate
      CommandName:
      - vmware vm nic add
      Connection:
      - keep-alive
      Content-Length:
      - '1272'
      Content-Type:
      - application/json; charset=utf-8
      ParameterSetName:
      - -g --vm-name --virtual-network
      Referer:
      - https://management.azure.com/
      User-Agent:
      - python/3.6.8 (Windows-10-10.0.18362-SP0) msrest/0.6.8 msrest_azure/0.6.1 azure-mgmt-vmwarecloudsimple/0.1.0
        Azure-SDK-For-Python AZURECLI/2.0.68
      accept-language:
      - en-US
    method: PUT
    uri: https://management.azure.com/subscriptions/00000000-0000-0000-0000-000000000000/resourceGroups/az_cli_cs_test/providers/Microsoft.VMwareCloudSimple/virtualMachines/cli-test000001?api-version=2019-04-01
  response:
    body:
      string: '{"id":"/subscriptions/00000000-0000-0000-0000-000000000000/resourcegroups/az_cli_cs_test/providers/microsoft.vmwarecloudsimple/virtualmachines/cli-test000001","location":"eastus","name":"cli-test000001","properties":{"amountOfRam":1024,"controllers":[{"id":"1000","name":"SCSI
        controller 0","subType":"LSI_PARALEL","type":"SCSI"},{"id":"15000","name":"SATA
        controller 0","subType":"AHCI","type":"SATA"}],"disks":[{"controllerId":"1000","independenceMode":"persistent","totalSize":16777216,"virtualDiskId":"2000","virtualDiskName":"Hard
        disk 1"}],"guestOS":"Ubuntu Linux (64-bit)","guestOSType":"linux","nics":[{"ipAddresses":null,"macAddress":"00:50:56:89:33:f3","network":{"id":"45d858d8-20e2-4776-a14b-96e1e3ab7327:dvportgroup-85"},"nicType":"VMXNET3","powerOnBoot":true,"virtualNicId":"4000","virtualNicName":"Network
        adapter 1"}],"numberOfCores":1,"privateCloudId":"45d858d8-20e2-4776-a14b-96e1e3ab7327","provisioningState":"Succeeded","resourcePool":{"id":"45d858d8-20e2-4776-a14b-96e1e3ab7327:resgroup-169"},"status":"updating","templateId":"45d858d8-20e2-4776-a14b-96e1e3ab7327:vm-125","vSphereNetworks":null,"vmId":"vm-1429","vmwaretools":"0"},"type":"Microsoft.VMwareCloudSimple/virtualMachines"}

        '
    headers:
      azure-asyncoperation:
      - https://management.azure.com/subscriptions/00000000-0000-0000-0000-000000000000/providers/microsoft.vmwarecloudsimple/locations/eastus/operationresults/132886cb-ec0c-11e9-ad9b-62d45efc9b66?api-version=2019-04-01
      cache-control:
      - no-cache
      content-length:
      - '1226'
      content-type:
      - application/json
      date:
      - Fri, 11 Oct 2019 09:47:01 GMT
      expires:
      - '-1'
      pragma:
      - no-cache
      server:
      - nginx/1.13.12
      strict-transport-security:
      - max-age=31536000; includeSubDomains
      transfer-encoding:
      - chunked
      vary:
      - Accept-Encoding,Accept-Encoding
      x-content-type-options:
      - nosniff
      x-correlation-id:
      - 9b1943a0-c3f4-4371-82bf-88aba7a42bcc
      x-env-name:
      - eastus-he.azure.cloudsimple.com
      x-ms-ratelimit-remaining-subscription-writes:
      - '1199'
      x-tracing-transaction-id:
      - 2983aabd22815d5a
    status:
      code: 200
      message: OK
- request:
    body: null
    headers:
      Accept:
      - application/json
      Accept-Encoding:
      - gzip, deflate
      CommandName:
      - vmware vm nic add
      Connection:
      - keep-alive
      ParameterSetName:
      - -g --vm-name --virtual-network
      User-Agent:
      - python/3.6.8 (Windows-10-10.0.18362-SP0) msrest/0.6.8 msrest_azure/0.6.1 azure-mgmt-vmwarecloudsimple/0.1.0
        Azure-SDK-For-Python AZURECLI/2.0.68
    method: GET
    uri: https://management.azure.com/subscriptions/00000000-0000-0000-0000-000000000000/providers/microsoft.vmwarecloudsimple/locations/eastus/operationresults/132886cb-ec0c-11e9-ad9b-62d45efc9b66?api-version=2019-04-01
  response:
    body:
      string: '{"endTime":"2019-10-11T09:47:05.395Z","id":"/subscriptions/00000000-0000-0000-0000-000000000000/providers/microsoft.vmwarecloudsimple/locations/eastus/operationresults/132886cb-ec0c-11e9-ad9b-62d45efc9b66","name":"132886cb-ec0c-11e9-ad9b-62d45efc9b66","startTime":"2019-10-11T09:47:01.669Z","status":"Succeeded"}

        '
    headers:
      cache-control:
      - no-cache
      content-length:
      - '313'
      content-type:
      - application/json
      date:
      - Fri, 11 Oct 2019 09:47:32 GMT
      expires:
      - '-1'
      pragma:
      - no-cache
      server:
      - nginx/1.13.12
      strict-transport-security:
      - max-age=31536000; includeSubDomains
      transfer-encoding:
      - chunked
      vary:
      - Accept-Encoding,Accept-Encoding
      x-content-type-options:
      - nosniff
      x-correlation-id:
      - 780f9cf2-9093-414e-b25a-b0cc59f2db18
      x-env-name:
      - eastus-he.azure.cloudsimple.com
      x-tracing-transaction-id:
      - 134840c3f5f622ee
    status:
      code: 200
      message: OK
- request:
    body: null
    headers:
      Accept:
      - application/json
      Accept-Encoding:
      - gzip, deflate
      CommandName:
      - vmware vm nic add
      Connection:
      - keep-alive
      ParameterSetName:
      - -g --vm-name --virtual-network
      User-Agent:
      - python/3.6.8 (Windows-10-10.0.18362-SP0) msrest/0.6.8 msrest_azure/0.6.1 azure-mgmt-vmwarecloudsimple/0.1.0
        Azure-SDK-For-Python AZURECLI/2.0.68
    method: GET
    uri: https://management.azure.com/subscriptions/00000000-0000-0000-0000-000000000000/resourceGroups/az_cli_cs_test/providers/Microsoft.VMwareCloudSimple/virtualMachines/cli-test000001?api-version=2019-04-01
  response:
    body:
      string: '{"id":"/subscriptions/00000000-0000-0000-0000-000000000000/resourcegroups/az_cli_cs_test/providers/microsoft.vmwarecloudsimple/virtualmachines/cli-test000001","location":"eastus","name":"cli-test000001","properties":{"amountOfRam":1024,"controllers":[{"id":"1000","name":"SCSI
        controller 0","subType":"LSI_PARALEL","type":"SCSI"},{"id":"15000","name":"SATA
        controller 0","subType":"AHCI","type":"SATA"}],"disks":[{"controllerId":"1000","independenceMode":"persistent","totalSize":16777216,"virtualDiskId":"2000","virtualDiskName":"Hard
        disk 1"}],"folder":"Datacenter","guestOS":"Ubuntu Linux (64-bit)","guestOSType":"linux","nics":[{"ipAddresses":null,"macAddress":"00:50:56:89:33:f3","network":{"assignable":true,"id":"/subscriptions/00000000-0000-0000-0000-000000000000/providers/Microsoft.VMwareCloudSimple/locations/eastus/privateClouds/avs-test-eastus/virtualnetworks/dvportgroup-85","location":"eastus","name":"Datacenter/Workload01","properties":{"privateCloudId":"/subscriptions/00000000-0000-0000-0000-000000000000/providers/Microsoft.VMwareCloudSimple/locations/eastus/privateClouds/avs-test-eastus"},"type":"Microsoft.VMwareCloudSimple/virtualNetworks"},"nicType":"VMXNET3","powerOnBoot":true,"virtualNicId":"4000","virtualNicName":"Network
        adapter 1"},{"ipAddresses":null,"macAddress":"00:50:56:89:b1:7c","network":{"assignable":true,"id":"/subscriptions/00000000-0000-0000-0000-000000000000/providers/Microsoft.VMwareCloudSimple/locations/eastus/privateClouds/avs-test-eastus/virtualnetworks/dvportgroup-85","location":"eastus","name":"Datacenter/Workload01","properties":{"privateCloudId":"/subscriptions/00000000-0000-0000-0000-000000000000/providers/Microsoft.VMwareCloudSimple/locations/eastus/privateClouds/avs-test-eastus"},"type":"Microsoft.VMwareCloudSimple/virtualNetworks"},"nicType":"VMXNET3","virtualNicId":"4001","virtualNicName":"Network
        adapter 2"}],"numberOfCores":1,"privateCloudId":"/subscriptions/00000000-0000-0000-0000-000000000000/providers/Microsoft.VMwareCloudSimple/locations/eastus/privateClouds/avs-test-eastus","provisioningState":"Succeeded","resourcePool":{"id":"/subscriptions/00000000-0000-0000-0000-000000000000/providers/Microsoft.VMwareCloudSimple/locations/eastus/privateClouds/avs-test-eastus/resourcepools/resgroup-169","location":"eastus","name":"AzCLITest","privateCloudId":"/subscriptions/00000000-0000-0000-0000-000000000000/providers/Microsoft.VMwareCloudSimple/locations/eastus/privateClouds/avs-test-eastus","properties":{"fullName":"Datacenter/Cluster/AzCLITest"},"type":"Microsoft.VMwareCloudSimple/resourcePools"},"status":"running","templateId":"/subscriptions/00000000-0000-0000-0000-000000000000/providers/Microsoft.VMwareCloudSimple/locations/eastus/privateClouds/avs-test-eastus/virtualmachinetemplates/vm-125","vSphereNetworks":null,"vmId":"vm-1429","vmwaretools":"0"},"type":"Microsoft.VMwareCloudSimple/virtualMachines"}

        '
    headers:
      cache-control:
      - no-cache
      content-length:
      - '2910'
      content-type:
      - application/json
      date:
      - Fri, 11 Oct 2019 09:47:32 GMT
      expires:
      - '-1'
      pragma:
      - no-cache
      server:
      - nginx/1.13.12
      strict-transport-security:
      - max-age=31536000; includeSubDomains
      transfer-encoding:
      - chunked
      vary:
      - Accept-Encoding,Accept-Encoding
      x-content-type-options:
      - nosniff
      x-correlation-id:
      - d5c744d9-5311-4d15-ab8c-9d7c13795147
      x-env-name:
      - eastus-he.azure.cloudsimple.com
      x-tracing-transaction-id:
      - 7c943ef5ca11f05a
    status:
      code: 200
      message: OK
- request:
    body: null
    headers:
      Accept:
      - application/json
      Accept-Encoding:
      - gzip, deflate
      CommandName:
      - vmware vm nic add
      Connection:
      - keep-alive
      ParameterSetName:
      - -g --vm-name --virtual-network --adapter --power-on-boot
      User-Agent:
      - python/3.6.8 (Windows-10-10.0.18362-SP0) msrest/0.6.8 msrest_azure/0.6.1 azure-mgmt-vmwarecloudsimple/0.1.0
        Azure-SDK-For-Python AZURECLI/2.0.68
      accept-language:
      - en-US
    method: GET
    uri: https://management.azure.com/subscriptions/00000000-0000-0000-0000-000000000000/resourceGroups/az_cli_cs_test/providers/Microsoft.VMwareCloudSimple/virtualMachines/cli-test000001?api-version=2019-04-01
  response:
    body:
      string: '{"id":"/subscriptions/00000000-0000-0000-0000-000000000000/resourcegroups/az_cli_cs_test/providers/microsoft.vmwarecloudsimple/virtualmachines/cli-test000001","location":"eastus","name":"cli-test000001","properties":{"amountOfRam":1024,"controllers":[{"id":"1000","name":"SCSI
        controller 0","subType":"LSI_PARALEL","type":"SCSI"},{"id":"15000","name":"SATA
        controller 0","subType":"AHCI","type":"SATA"}],"disks":[{"controllerId":"1000","independenceMode":"persistent","totalSize":16777216,"virtualDiskId":"2000","virtualDiskName":"Hard
        disk 1"}],"folder":"Datacenter","guestOS":"Ubuntu Linux (64-bit)","guestOSType":"linux","nics":[{"ipAddresses":null,"macAddress":"00:50:56:89:33:f3","network":{"assignable":true,"id":"/subscriptions/00000000-0000-0000-0000-000000000000/providers/Microsoft.VMwareCloudSimple/locations/eastus/privateClouds/avs-test-eastus/virtualnetworks/dvportgroup-85","location":"eastus","name":"Datacenter/Workload01","properties":{"privateCloudId":"/subscriptions/00000000-0000-0000-0000-000000000000/providers/Microsoft.VMwareCloudSimple/locations/eastus/privateClouds/avs-test-eastus"},"type":"Microsoft.VMwareCloudSimple/virtualNetworks"},"nicType":"VMXNET3","powerOnBoot":true,"virtualNicId":"4000","virtualNicName":"Network
        adapter 1"},{"ipAddresses":null,"macAddress":"00:50:56:89:b1:7c","network":{"assignable":true,"id":"/subscriptions/00000000-0000-0000-0000-000000000000/providers/Microsoft.VMwareCloudSimple/locations/eastus/privateClouds/avs-test-eastus/virtualnetworks/dvportgroup-85","location":"eastus","name":"Datacenter/Workload01","properties":{"privateCloudId":"/subscriptions/00000000-0000-0000-0000-000000000000/providers/Microsoft.VMwareCloudSimple/locations/eastus/privateClouds/avs-test-eastus"},"type":"Microsoft.VMwareCloudSimple/virtualNetworks"},"nicType":"VMXNET3","virtualNicId":"4001","virtualNicName":"Network
        adapter 2"}],"numberOfCores":1,"privateCloudId":"/subscriptions/00000000-0000-0000-0000-000000000000/providers/Microsoft.VMwareCloudSimple/locations/eastus/privateClouds/avs-test-eastus","provisioningState":"Succeeded","resourcePool":{"id":"/subscriptions/00000000-0000-0000-0000-000000000000/providers/Microsoft.VMwareCloudSimple/locations/eastus/privateClouds/avs-test-eastus/resourcepools/resgroup-169","location":"eastus","name":"AzCLITest","privateCloudId":"/subscriptions/00000000-0000-0000-0000-000000000000/providers/Microsoft.VMwareCloudSimple/locations/eastus/privateClouds/avs-test-eastus","properties":{"fullName":"Datacenter/Cluster/AzCLITest"},"type":"Microsoft.VMwareCloudSimple/resourcePools"},"status":"running","templateId":"/subscriptions/00000000-0000-0000-0000-000000000000/providers/Microsoft.VMwareCloudSimple/locations/eastus/privateClouds/avs-test-eastus/virtualmachinetemplates/vm-125","vSphereNetworks":null,"vmId":"vm-1429","vmwaretools":"0"},"type":"Microsoft.VMwareCloudSimple/virtualMachines"}

        '
    headers:
      cache-control:
      - no-cache
      content-length:
      - '2910'
      content-type:
      - application/json
      date:
      - Fri, 11 Oct 2019 09:47:35 GMT
      expires:
      - '-1'
      pragma:
      - no-cache
      server:
      - nginx/1.13.12
      strict-transport-security:
      - max-age=31536000; includeSubDomains
      transfer-encoding:
      - chunked
      vary:
      - Accept-Encoding,Accept-Encoding
      x-content-type-options:
      - nosniff
      x-correlation-id:
      - 68726193-a856-43f7-a49e-ea165295000a
      x-env-name:
      - eastus-he.azure.cloudsimple.com
      x-tracing-transaction-id:
      - 467e105fca535ce0
    status:
      code: 200
      message: OK
- request:
    body: null
    headers:
      Accept:
      - application/json
      Accept-Encoding:
      - gzip, deflate
      CommandName:
      - vmware vm nic add
      Connection:
      - keep-alive
      ParameterSetName:
      - -g --vm-name --virtual-network --adapter --power-on-boot
      User-Agent:
      - python/3.6.8 (Windows-10-10.0.18362-SP0) msrest/0.6.8 msrest_azure/0.6.1 azure-mgmt-vmwarecloudsimple/0.1.0
        Azure-SDK-For-Python AZURECLI/2.0.68
      accept-language:
      - en-US
    method: GET
    uri: https://management.azure.com/subscriptions/00000000-0000-0000-0000-000000000000/resourceGroups/az_cli_cs_test/providers/Microsoft.VMwareCloudSimple/virtualMachines/cli-test000001?api-version=2019-04-01
  response:
    body:
      string: '{"id":"/subscriptions/00000000-0000-0000-0000-000000000000/resourcegroups/az_cli_cs_test/providers/microsoft.vmwarecloudsimple/virtualmachines/cli-test000001","location":"eastus","name":"cli-test000001","properties":{"amountOfRam":1024,"controllers":[{"id":"1000","name":"SCSI
        controller 0","subType":"LSI_PARALEL","type":"SCSI"},{"id":"15000","name":"SATA
        controller 0","subType":"AHCI","type":"SATA"}],"disks":[{"controllerId":"1000","independenceMode":"persistent","totalSize":16777216,"virtualDiskId":"2000","virtualDiskName":"Hard
        disk 1"}],"folder":"Datacenter","guestOS":"Ubuntu Linux (64-bit)","guestOSType":"linux","nics":[{"ipAddresses":null,"macAddress":"00:50:56:89:33:f3","network":{"assignable":true,"id":"/subscriptions/00000000-0000-0000-0000-000000000000/providers/Microsoft.VMwareCloudSimple/locations/eastus/privateClouds/avs-test-eastus/virtualnetworks/dvportgroup-85","location":"eastus","name":"Datacenter/Workload01","properties":{"privateCloudId":"/subscriptions/00000000-0000-0000-0000-000000000000/providers/Microsoft.VMwareCloudSimple/locations/eastus/privateClouds/avs-test-eastus"},"type":"Microsoft.VMwareCloudSimple/virtualNetworks"},"nicType":"VMXNET3","powerOnBoot":true,"virtualNicId":"4000","virtualNicName":"Network
        adapter 1"},{"ipAddresses":null,"macAddress":"00:50:56:89:b1:7c","network":{"assignable":true,"id":"/subscriptions/00000000-0000-0000-0000-000000000000/providers/Microsoft.VMwareCloudSimple/locations/eastus/privateClouds/avs-test-eastus/virtualnetworks/dvportgroup-85","location":"eastus","name":"Datacenter/Workload01","properties":{"privateCloudId":"/subscriptions/00000000-0000-0000-0000-000000000000/providers/Microsoft.VMwareCloudSimple/locations/eastus/privateClouds/avs-test-eastus"},"type":"Microsoft.VMwareCloudSimple/virtualNetworks"},"nicType":"VMXNET3","virtualNicId":"4001","virtualNicName":"Network
        adapter 2"}],"numberOfCores":1,"privateCloudId":"/subscriptions/00000000-0000-0000-0000-000000000000/providers/Microsoft.VMwareCloudSimple/locations/eastus/privateClouds/avs-test-eastus","provisioningState":"Succeeded","resourcePool":{"id":"/subscriptions/00000000-0000-0000-0000-000000000000/providers/Microsoft.VMwareCloudSimple/locations/eastus/privateClouds/avs-test-eastus/resourcepools/resgroup-169","location":"eastus","name":"AzCLITest","privateCloudId":"/subscriptions/00000000-0000-0000-0000-000000000000/providers/Microsoft.VMwareCloudSimple/locations/eastus/privateClouds/avs-test-eastus","properties":{"fullName":"Datacenter/Cluster/AzCLITest"},"type":"Microsoft.VMwareCloudSimple/resourcePools"},"status":"running","templateId":"/subscriptions/00000000-0000-0000-0000-000000000000/providers/Microsoft.VMwareCloudSimple/locations/eastus/privateClouds/avs-test-eastus/virtualmachinetemplates/vm-125","vSphereNetworks":null,"vmId":"vm-1429","vmwaretools":"0"},"type":"Microsoft.VMwareCloudSimple/virtualMachines"}

        '
    headers:
      cache-control:
      - no-cache
      content-length:
      - '2910'
      content-type:
      - application/json
      date:
      - Fri, 11 Oct 2019 09:47:35 GMT
      expires:
      - '-1'
      pragma:
      - no-cache
      server:
      - nginx/1.13.12
      strict-transport-security:
      - max-age=31536000; includeSubDomains
      transfer-encoding:
      - chunked
      vary:
      - Accept-Encoding,Accept-Encoding
      x-content-type-options:
      - nosniff
      x-correlation-id:
      - 485a68ff-6584-4446-9b51-dfbe20ee5096
      x-env-name:
      - eastus-he.azure.cloudsimple.com
      x-tracing-transaction-id:
      - 2bff25494ec3e4b6
    status:
      code: 200
      message: OK
- request:
    body: '{"location": "eastus", "properties": {"amountOfRam": 1024, "disks": [{"controllerId":
      "1000", "independenceMode": "persistent", "totalSize": 16777216, "virtualDiskId":
      "2000"}], "nics": [{"macAddress": "00:50:56:89:33:f3", "network": {"id": "/subscriptions/00000000-0000-0000-0000-000000000000/providers/Microsoft.VMwareCloudSimple/locations/eastus/privateClouds/avs-test-eastus/virtualnetworks/dvportgroup-85"},
      "nicType": "VMXNET3", "powerOnBoot": true, "virtualNicId": "4000"}, {"macAddress":
      "00:50:56:89:b1:7c", "network": {"id": "/subscriptions/00000000-0000-0000-0000-000000000000/providers/Microsoft.VMwareCloudSimple/locations/eastus/privateClouds/avs-test-eastus/virtualnetworks/dvportgroup-85"},
      "nicType": "VMXNET3", "virtualNicId": "4001"}, {"network": {"id": "/subscriptions/00000000-0000-0000-0000-000000000000/providers/Microsoft.VMwareCloudSimple/locations/eastus/privateClouds/avs-test-eastus/virtualnetworks/dvportgroup-85"},
      "nicType": "E1000", "powerOnBoot": false}], "numberOfCores": 1, "privateCloudId":
      "/subscriptions/00000000-0000-0000-0000-000000000000/providers/Microsoft.VMwareCloudSimple/locations/eastus/privateClouds/avs-test-eastus",
      "resourcePool": {"id": "/subscriptions/00000000-0000-0000-0000-000000000000/providers/Microsoft.VMwareCloudSimple/locations/eastus/privateClouds/avs-test-eastus/resourcepools/resgroup-169"},
      "templateId": "/subscriptions/00000000-0000-0000-0000-000000000000/providers/Microsoft.VMwareCloudSimple/locations/eastus/privateClouds/avs-test-eastus/virtualmachinetemplates/vm-125"}}'
    headers:
      Accept:
      - application/json
      Accept-Encoding:
      - gzip, deflate
      CommandName:
      - vmware vm nic add
      Connection:
      - keep-alive
      Content-Length:
      - '1543'
      Content-Type:
      - application/json; charset=utf-8
      ParameterSetName:
      - -g --vm-name --virtual-network --adapter --power-on-boot
      Referer:
      - https://management.azure.com/
      User-Agent:
      - python/3.6.8 (Windows-10-10.0.18362-SP0) msrest/0.6.8 msrest_azure/0.6.1 azure-mgmt-vmwarecloudsimple/0.1.0
        Azure-SDK-For-Python AZURECLI/2.0.68
      accept-language:
      - en-US
    method: PUT
    uri: https://management.azure.com/subscriptions/00000000-0000-0000-0000-000000000000/resourceGroups/az_cli_cs_test/providers/Microsoft.VMwareCloudSimple/virtualMachines/cli-test000001?api-version=2019-04-01
  response:
    body:
      string: '{"id":"/subscriptions/00000000-0000-0000-0000-000000000000/resourcegroups/az_cli_cs_test/providers/microsoft.vmwarecloudsimple/virtualmachines/cli-test000001","location":"eastus","name":"cli-test000001","properties":{"amountOfRam":1024,"controllers":[{"id":"1000","name":"SCSI
        controller 0","subType":"LSI_PARALEL","type":"SCSI"},{"id":"15000","name":"SATA
        controller 0","subType":"AHCI","type":"SATA"}],"disks":[{"controllerId":"1000","independenceMode":"persistent","totalSize":16777216,"virtualDiskId":"2000","virtualDiskName":"Hard
        disk 1"}],"guestOS":"Ubuntu Linux (64-bit)","guestOSType":"linux","nics":[{"ipAddresses":null,"macAddress":"00:50:56:89:33:f3","network":{"id":"45d858d8-20e2-4776-a14b-96e1e3ab7327:dvportgroup-85"},"nicType":"VMXNET3","powerOnBoot":true,"virtualNicId":"4000","virtualNicName":"Network
        adapter 1"},{"ipAddresses":null,"macAddress":"00:50:56:89:b1:7c","network":{"id":"45d858d8-20e2-4776-a14b-96e1e3ab7327:dvportgroup-85"},"nicType":"VMXNET3","virtualNicId":"4001","virtualNicName":"Network
        adapter 2"}],"numberOfCores":1,"privateCloudId":"45d858d8-20e2-4776-a14b-96e1e3ab7327","provisioningState":"Succeeded","resourcePool":{"id":"45d858d8-20e2-4776-a14b-96e1e3ab7327:resgroup-169"},"status":"updating","templateId":"45d858d8-20e2-4776-a14b-96e1e3ab7327:vm-125","vSphereNetworks":null,"vmId":"vm-1429","vmwaretools":"0"},"type":"Microsoft.VMwareCloudSimple/virtualMachines"}

        '
    headers:
      azure-asyncoperation:
      - https://management.azure.com/subscriptions/00000000-0000-0000-0000-000000000000/providers/microsoft.vmwarecloudsimple/locations/eastus/operationresults/27f54070-ec0c-11e9-ad9e-62d45efc9b66?api-version=2019-04-01
      cache-control:
      - no-cache
      content-length:
      - '1430'
      content-type:
      - application/json
      date:
      - Fri, 11 Oct 2019 09:47:36 GMT
      expires:
      - '-1'
      pragma:
      - no-cache
      server:
      - nginx/1.13.12
      strict-transport-security:
      - max-age=31536000; includeSubDomains
      transfer-encoding:
      - chunked
      vary:
      - Accept-Encoding,Accept-Encoding
      x-content-type-options:
      - nosniff
      x-correlation-id:
      - dd6dd341-c847-4809-a72c-36ec4667d635
      x-env-name:
      - eastus-he.azure.cloudsimple.com
      x-ms-ratelimit-remaining-subscription-writes:
      - '1199'
      x-tracing-transaction-id:
      - 317fa7766f3a89c6
    status:
      code: 200
      message: OK
- request:
    body: null
    headers:
      Accept:
      - application/json
      Accept-Encoding:
      - gzip, deflate
      CommandName:
      - vmware vm nic add
      Connection:
      - keep-alive
      ParameterSetName:
      - -g --vm-name --virtual-network --adapter --power-on-boot
      User-Agent:
      - python/3.6.8 (Windows-10-10.0.18362-SP0) msrest/0.6.8 msrest_azure/0.6.1 azure-mgmt-vmwarecloudsimple/0.1.0
        Azure-SDK-For-Python AZURECLI/2.0.68
    method: GET
    uri: https://management.azure.com/subscriptions/00000000-0000-0000-0000-000000000000/providers/microsoft.vmwarecloudsimple/locations/eastus/operationresults/27f54070-ec0c-11e9-ad9e-62d45efc9b66?api-version=2019-04-01
  response:
    body:
      string: '{"endTime":"2019-10-11T09:47:38.900Z","id":"/subscriptions/00000000-0000-0000-0000-000000000000/providers/microsoft.vmwarecloudsimple/locations/eastus/operationresults/27f54070-ec0c-11e9-ad9e-62d45efc9b66","name":"27f54070-ec0c-11e9-ad9e-62d45efc9b66","startTime":"2019-10-11T09:47:36.565Z","status":"Succeeded"}

        '
    headers:
      cache-control:
      - no-cache
      content-length:
      - '313'
      content-type:
      - application/json
      date:
      - Fri, 11 Oct 2019 09:48:07 GMT
      expires:
      - '-1'
      pragma:
      - no-cache
      server:
      - nginx/1.13.12
      strict-transport-security:
      - max-age=31536000; includeSubDomains
      transfer-encoding:
      - chunked
      vary:
      - Accept-Encoding,Accept-Encoding
      x-content-type-options:
      - nosniff
      x-correlation-id:
      - a040b84d-6748-40d8-8f27-6614b781c344
      x-env-name:
      - eastus-he.azure.cloudsimple.com
      x-tracing-transaction-id:
      - 2195ef5d5e15b479
    status:
      code: 200
      message: OK
- request:
    body: null
    headers:
      Accept:
      - application/json
      Accept-Encoding:
      - gzip, deflate
      CommandName:
      - vmware vm nic add
      Connection:
      - keep-alive
      ParameterSetName:
      - -g --vm-name --virtual-network --adapter --power-on-boot
      User-Agent:
      - python/3.6.8 (Windows-10-10.0.18362-SP0) msrest/0.6.8 msrest_azure/0.6.1 azure-mgmt-vmwarecloudsimple/0.1.0
        Azure-SDK-For-Python AZURECLI/2.0.68
    method: GET
    uri: https://management.azure.com/subscriptions/00000000-0000-0000-0000-000000000000/resourceGroups/az_cli_cs_test/providers/Microsoft.VMwareCloudSimple/virtualMachines/cli-test000001?api-version=2019-04-01
  response:
    body:
      string: '{"id":"/subscriptions/00000000-0000-0000-0000-000000000000/resourcegroups/az_cli_cs_test/providers/microsoft.vmwarecloudsimple/virtualmachines/cli-test000001","location":"eastus","name":"cli-test000001","properties":{"amountOfRam":1024,"controllers":[{"id":"1000","name":"SCSI
        controller 0","subType":"LSI_PARALEL","type":"SCSI"},{"id":"15000","name":"SATA
        controller 0","subType":"AHCI","type":"SATA"}],"disks":[{"controllerId":"1000","independenceMode":"persistent","totalSize":16777216,"virtualDiskId":"2000","virtualDiskName":"Hard
        disk 1"}],"folder":"Datacenter","guestOS":"Ubuntu Linux (64-bit)","guestOSType":"linux","nics":[{"ipAddresses":null,"macAddress":"00:50:56:89:33:f3","network":{"assignable":true,"id":"/subscriptions/00000000-0000-0000-0000-000000000000/providers/Microsoft.VMwareCloudSimple/locations/eastus/privateClouds/avs-test-eastus/virtualnetworks/dvportgroup-85","location":"eastus","name":"Datacenter/Workload01","properties":{"privateCloudId":"/subscriptions/00000000-0000-0000-0000-000000000000/providers/Microsoft.VMwareCloudSimple/locations/eastus/privateClouds/avs-test-eastus"},"type":"Microsoft.VMwareCloudSimple/virtualNetworks"},"nicType":"VMXNET3","powerOnBoot":true,"virtualNicId":"4000","virtualNicName":"Network
        adapter 1"},{"ipAddresses":null,"macAddress":"00:50:56:89:b1:7c","network":{"assignable":true,"id":"/subscriptions/00000000-0000-0000-0000-000000000000/providers/Microsoft.VMwareCloudSimple/locations/eastus/privateClouds/avs-test-eastus/virtualnetworks/dvportgroup-85","location":"eastus","name":"Datacenter/Workload01","properties":{"privateCloudId":"/subscriptions/00000000-0000-0000-0000-000000000000/providers/Microsoft.VMwareCloudSimple/locations/eastus/privateClouds/avs-test-eastus"},"type":"Microsoft.VMwareCloudSimple/virtualNetworks"},"nicType":"VMXNET3","virtualNicId":"4001","virtualNicName":"Network
        adapter 2"},{"ipAddresses":null,"macAddress":"00:50:56:89:f0:f6","network":{"assignable":true,"id":"/subscriptions/00000000-0000-0000-0000-000000000000/providers/Microsoft.VMwareCloudSimple/locations/eastus/privateClouds/avs-test-eastus/virtualnetworks/dvportgroup-85","location":"eastus","name":"Datacenter/Workload01","properties":{"privateCloudId":"/subscriptions/00000000-0000-0000-0000-000000000000/providers/Microsoft.VMwareCloudSimple/locations/eastus/privateClouds/avs-test-eastus"},"type":"Microsoft.VMwareCloudSimple/virtualNetworks"},"nicType":"E1000","virtualNicId":"4002","virtualNicName":"Network
        adapter 3"}],"numberOfCores":1,"privateCloudId":"/subscriptions/00000000-0000-0000-0000-000000000000/providers/Microsoft.VMwareCloudSimple/locations/eastus/privateClouds/avs-test-eastus","provisioningState":"Succeeded","resourcePool":{"id":"/subscriptions/00000000-0000-0000-0000-000000000000/providers/Microsoft.VMwareCloudSimple/locations/eastus/privateClouds/avs-test-eastus/resourcepools/resgroup-169","location":"eastus","name":"AzCLITest","privateCloudId":"/subscriptions/00000000-0000-0000-0000-000000000000/providers/Microsoft.VMwareCloudSimple/locations/eastus/privateClouds/avs-test-eastus","properties":{"fullName":"Datacenter/Cluster/AzCLITest"},"type":"Microsoft.VMwareCloudSimple/resourcePools"},"status":"running","templateId":"/subscriptions/00000000-0000-0000-0000-000000000000/providers/Microsoft.VMwareCloudSimple/locations/eastus/privateClouds/avs-test-eastus/virtualmachinetemplates/vm-125","vSphereNetworks":null,"vmId":"vm-1429","vmwaretools":"0"},"type":"Microsoft.VMwareCloudSimple/virtualMachines"}

        '
    headers:
      cache-control:
      - no-cache
      content-length:
      - '3521'
      content-type:
      - application/json
      date:
      - Fri, 11 Oct 2019 09:48:07 GMT
      expires:
      - '-1'
      pragma:
      - no-cache
      server:
      - nginx/1.13.12
      strict-transport-security:
      - max-age=31536000; includeSubDomains
      transfer-encoding:
      - chunked
      vary:
      - Accept-Encoding,Accept-Encoding
      x-content-type-options:
      - nosniff
      x-correlation-id:
      - 517e9ae7-5069-412d-85a7-ade16d54a9aa
      x-env-name:
      - eastus-he.azure.cloudsimple.com
      x-tracing-transaction-id:
      - 2fb445c0308fdee
    status:
      code: 200
      message: OK
- request:
    body: null
    headers:
      Accept:
      - application/json
      Accept-Encoding:
      - gzip, deflate
      CommandName:
      - vmware vm nic show
      Connection:
      - keep-alive
      ParameterSetName:
      - -g --vm-name -n
      User-Agent:
      - python/3.6.8 (Windows-10-10.0.18362-SP0) msrest/0.6.8 msrest_azure/0.6.1 azure-mgmt-vmwarecloudsimple/0.1.0
        Azure-SDK-For-Python AZURECLI/2.0.68
      accept-language:
      - en-US
    method: GET
    uri: https://management.azure.com/subscriptions/00000000-0000-0000-0000-000000000000/resourceGroups/az_cli_cs_test/providers/Microsoft.VMwareCloudSimple/virtualMachines/cli-test000001?api-version=2019-04-01
  response:
    body:
      string: '{"id":"/subscriptions/00000000-0000-0000-0000-000000000000/resourcegroups/az_cli_cs_test/providers/microsoft.vmwarecloudsimple/virtualmachines/cli-test000001","location":"eastus","name":"cli-test000001","properties":{"amountOfRam":1024,"controllers":[{"id":"1000","name":"SCSI
        controller 0","subType":"LSI_PARALEL","type":"SCSI"},{"id":"15000","name":"SATA
        controller 0","subType":"AHCI","type":"SATA"}],"disks":[{"controllerId":"1000","independenceMode":"persistent","totalSize":16777216,"virtualDiskId":"2000","virtualDiskName":"Hard
        disk 1"}],"folder":"Datacenter","guestOS":"Ubuntu Linux (64-bit)","guestOSType":"linux","nics":[{"ipAddresses":null,"macAddress":"00:50:56:89:33:f3","network":{"assignable":true,"id":"/subscriptions/00000000-0000-0000-0000-000000000000/providers/Microsoft.VMwareCloudSimple/locations/eastus/privateClouds/avs-test-eastus/virtualnetworks/dvportgroup-85","location":"eastus","name":"Datacenter/Workload01","properties":{"privateCloudId":"/subscriptions/00000000-0000-0000-0000-000000000000/providers/Microsoft.VMwareCloudSimple/locations/eastus/privateClouds/avs-test-eastus"},"type":"Microsoft.VMwareCloudSimple/virtualNetworks"},"nicType":"VMXNET3","powerOnBoot":true,"virtualNicId":"4000","virtualNicName":"Network
        adapter 1"},{"ipAddresses":null,"macAddress":"00:50:56:89:b1:7c","network":{"assignable":true,"id":"/subscriptions/00000000-0000-0000-0000-000000000000/providers/Microsoft.VMwareCloudSimple/locations/eastus/privateClouds/avs-test-eastus/virtualnetworks/dvportgroup-85","location":"eastus","name":"Datacenter/Workload01","properties":{"privateCloudId":"/subscriptions/00000000-0000-0000-0000-000000000000/providers/Microsoft.VMwareCloudSimple/locations/eastus/privateClouds/avs-test-eastus"},"type":"Microsoft.VMwareCloudSimple/virtualNetworks"},"nicType":"VMXNET3","virtualNicId":"4001","virtualNicName":"Network
        adapter 2"},{"ipAddresses":null,"macAddress":"00:50:56:89:f0:f6","network":{"assignable":true,"id":"/subscriptions/00000000-0000-0000-0000-000000000000/providers/Microsoft.VMwareCloudSimple/locations/eastus/privateClouds/avs-test-eastus/virtualnetworks/dvportgroup-85","location":"eastus","name":"Datacenter/Workload01","properties":{"privateCloudId":"/subscriptions/00000000-0000-0000-0000-000000000000/providers/Microsoft.VMwareCloudSimple/locations/eastus/privateClouds/avs-test-eastus"},"type":"Microsoft.VMwareCloudSimple/virtualNetworks"},"nicType":"E1000","virtualNicId":"4002","virtualNicName":"Network
        adapter 3"}],"numberOfCores":1,"privateCloudId":"/subscriptions/00000000-0000-0000-0000-000000000000/providers/Microsoft.VMwareCloudSimple/locations/eastus/privateClouds/avs-test-eastus","provisioningState":"Succeeded","resourcePool":{"id":"/subscriptions/00000000-0000-0000-0000-000000000000/providers/Microsoft.VMwareCloudSimple/locations/eastus/privateClouds/avs-test-eastus/resourcepools/resgroup-169","location":"eastus","name":"AzCLITest","privateCloudId":"/subscriptions/00000000-0000-0000-0000-000000000000/providers/Microsoft.VMwareCloudSimple/locations/eastus/privateClouds/avs-test-eastus","properties":{"fullName":"Datacenter/Cluster/AzCLITest"},"type":"Microsoft.VMwareCloudSimple/resourcePools"},"status":"running","templateId":"/subscriptions/00000000-0000-0000-0000-000000000000/providers/Microsoft.VMwareCloudSimple/locations/eastus/privateClouds/avs-test-eastus/virtualmachinetemplates/vm-125","vSphereNetworks":null,"vmId":"vm-1429","vmwaretools":"0"},"type":"Microsoft.VMwareCloudSimple/virtualMachines"}

        '
    headers:
      cache-control:
      - no-cache
      content-length:
      - '3521'
      content-type:
      - application/json
      date:
      - Fri, 11 Oct 2019 09:48:08 GMT
      expires:
      - '-1'
      pragma:
      - no-cache
      server:
      - nginx/1.13.12
      strict-transport-security:
      - max-age=31536000; includeSubDomains
      transfer-encoding:
      - chunked
      vary:
      - Accept-Encoding,Accept-Encoding
      x-content-type-options:
      - nosniff
      x-correlation-id:
      - b3ce3245-29b3-48c9-8cbe-1f2b6d8b155b
      x-env-name:
      - eastus-he.azure.cloudsimple.com
      x-tracing-transaction-id:
      - 4e8957f7e5f7d6cf
    status:
      code: 200
      message: OK
- request:
    body: null
    headers:
      Accept:
      - application/json
      Accept-Encoding:
      - gzip, deflate
      CommandName:
      - vmware vm nic list
      Connection:
      - keep-alive
      ParameterSetName:
      - -g --vm-name
      User-Agent:
      - python/3.6.8 (Windows-10-10.0.18362-SP0) msrest/0.6.8 msrest_azure/0.6.1 azure-mgmt-vmwarecloudsimple/0.1.0
        Azure-SDK-For-Python AZURECLI/2.0.68
      accept-language:
      - en-US
    method: GET
    uri: https://management.azure.com/subscriptions/00000000-0000-0000-0000-000000000000/resourceGroups/az_cli_cs_test/providers/Microsoft.VMwareCloudSimple/virtualMachines/cli-test000001?api-version=2019-04-01
  response:
    body:
      string: '{"id":"/subscriptions/00000000-0000-0000-0000-000000000000/resourcegroups/az_cli_cs_test/providers/microsoft.vmwarecloudsimple/virtualmachines/cli-test000001","location":"eastus","name":"cli-test000001","properties":{"amountOfRam":1024,"controllers":[{"id":"1000","name":"SCSI
        controller 0","subType":"LSI_PARALEL","type":"SCSI"},{"id":"15000","name":"SATA
        controller 0","subType":"AHCI","type":"SATA"}],"disks":[{"controllerId":"1000","independenceMode":"persistent","totalSize":16777216,"virtualDiskId":"2000","virtualDiskName":"Hard
        disk 1"}],"folder":"Datacenter","guestOS":"Ubuntu Linux (64-bit)","guestOSType":"linux","nics":[{"ipAddresses":null,"macAddress":"00:50:56:89:33:f3","network":{"assignable":true,"id":"/subscriptions/00000000-0000-0000-0000-000000000000/providers/Microsoft.VMwareCloudSimple/locations/eastus/privateClouds/avs-test-eastus/virtualnetworks/dvportgroup-85","location":"eastus","name":"Datacenter/Workload01","properties":{"privateCloudId":"/subscriptions/00000000-0000-0000-0000-000000000000/providers/Microsoft.VMwareCloudSimple/locations/eastus/privateClouds/avs-test-eastus"},"type":"Microsoft.VMwareCloudSimple/virtualNetworks"},"nicType":"VMXNET3","powerOnBoot":true,"virtualNicId":"4000","virtualNicName":"Network
        adapter 1"},{"ipAddresses":null,"macAddress":"00:50:56:89:b1:7c","network":{"assignable":true,"id":"/subscriptions/00000000-0000-0000-0000-000000000000/providers/Microsoft.VMwareCloudSimple/locations/eastus/privateClouds/avs-test-eastus/virtualnetworks/dvportgroup-85","location":"eastus","name":"Datacenter/Workload01","properties":{"privateCloudId":"/subscriptions/00000000-0000-0000-0000-000000000000/providers/Microsoft.VMwareCloudSimple/locations/eastus/privateClouds/avs-test-eastus"},"type":"Microsoft.VMwareCloudSimple/virtualNetworks"},"nicType":"VMXNET3","virtualNicId":"4001","virtualNicName":"Network
        adapter 2"},{"ipAddresses":null,"macAddress":"00:50:56:89:f0:f6","network":{"assignable":true,"id":"/subscriptions/00000000-0000-0000-0000-000000000000/providers/Microsoft.VMwareCloudSimple/locations/eastus/privateClouds/avs-test-eastus/virtualnetworks/dvportgroup-85","location":"eastus","name":"Datacenter/Workload01","properties":{"privateCloudId":"/subscriptions/00000000-0000-0000-0000-000000000000/providers/Microsoft.VMwareCloudSimple/locations/eastus/privateClouds/avs-test-eastus"},"type":"Microsoft.VMwareCloudSimple/virtualNetworks"},"nicType":"E1000","virtualNicId":"4002","virtualNicName":"Network
        adapter 3"}],"numberOfCores":1,"privateCloudId":"/subscriptions/00000000-0000-0000-0000-000000000000/providers/Microsoft.VMwareCloudSimple/locations/eastus/privateClouds/avs-test-eastus","provisioningState":"Succeeded","resourcePool":{"id":"/subscriptions/00000000-0000-0000-0000-000000000000/providers/Microsoft.VMwareCloudSimple/locations/eastus/privateClouds/avs-test-eastus/resourcepools/resgroup-169","location":"eastus","name":"AzCLITest","privateCloudId":"/subscriptions/00000000-0000-0000-0000-000000000000/providers/Microsoft.VMwareCloudSimple/locations/eastus/privateClouds/avs-test-eastus","properties":{"fullName":"Datacenter/Cluster/AzCLITest"},"type":"Microsoft.VMwareCloudSimple/resourcePools"},"status":"running","templateId":"/subscriptions/00000000-0000-0000-0000-000000000000/providers/Microsoft.VMwareCloudSimple/locations/eastus/privateClouds/avs-test-eastus/virtualmachinetemplates/vm-125","vSphereNetworks":null,"vmId":"vm-1429","vmwaretools":"0"},"type":"Microsoft.VMwareCloudSimple/virtualMachines"}

        '
    headers:
      cache-control:
      - no-cache
      content-length:
      - '3521'
      content-type:
      - application/json
      date:
      - Fri, 11 Oct 2019 09:48:09 GMT
      expires:
      - '-1'
      pragma:
      - no-cache
      server:
      - nginx/1.13.12
      strict-transport-security:
      - max-age=31536000; includeSubDomains
      transfer-encoding:
      - chunked
      vary:
      - Accept-Encoding,Accept-Encoding
      x-content-type-options:
      - nosniff
      x-correlation-id:
      - 60e97c9b-80e9-4a80-8596-a6d719057484
      x-env-name:
      - eastus-he.azure.cloudsimple.com
      x-tracing-transaction-id:
      - 72a5f53259076519
    status:
      code: 200
      message: OK
- request:
    body: null
    headers:
      Accept:
      - application/json
      Accept-Encoding:
      - gzip, deflate
      CommandName:
      - vmware vm nic delete
      Connection:
      - keep-alive
      ParameterSetName:
      - -g --vm-name --nics
      User-Agent:
      - python/3.6.8 (Windows-10-10.0.18362-SP0) msrest/0.6.8 msrest_azure/0.6.1 azure-mgmt-vmwarecloudsimple/0.1.0
        Azure-SDK-For-Python AZURECLI/2.0.68
      accept-language:
      - en-US
    method: GET
    uri: https://management.azure.com/subscriptions/00000000-0000-0000-0000-000000000000/resourceGroups/az_cli_cs_test/providers/Microsoft.VMwareCloudSimple/virtualMachines/cli-test000001?api-version=2019-04-01
  response:
    body:
      string: '{"id":"/subscriptions/00000000-0000-0000-0000-000000000000/resourcegroups/az_cli_cs_test/providers/microsoft.vmwarecloudsimple/virtualmachines/cli-test000001","location":"eastus","name":"cli-test000001","properties":{"amountOfRam":1024,"controllers":[{"id":"1000","name":"SCSI
        controller 0","subType":"LSI_PARALEL","type":"SCSI"},{"id":"15000","name":"SATA
        controller 0","subType":"AHCI","type":"SATA"}],"disks":[{"controllerId":"1000","independenceMode":"persistent","totalSize":16777216,"virtualDiskId":"2000","virtualDiskName":"Hard
        disk 1"}],"folder":"Datacenter","guestOS":"Ubuntu Linux (64-bit)","guestOSType":"linux","nics":[{"ipAddresses":null,"macAddress":"00:50:56:89:33:f3","network":{"assignable":true,"id":"/subscriptions/00000000-0000-0000-0000-000000000000/providers/Microsoft.VMwareCloudSimple/locations/eastus/privateClouds/avs-test-eastus/virtualnetworks/dvportgroup-85","location":"eastus","name":"Datacenter/Workload01","properties":{"privateCloudId":"/subscriptions/00000000-0000-0000-0000-000000000000/providers/Microsoft.VMwareCloudSimple/locations/eastus/privateClouds/avs-test-eastus"},"type":"Microsoft.VMwareCloudSimple/virtualNetworks"},"nicType":"VMXNET3","powerOnBoot":true,"virtualNicId":"4000","virtualNicName":"Network
        adapter 1"},{"ipAddresses":null,"macAddress":"00:50:56:89:b1:7c","network":{"assignable":true,"id":"/subscriptions/00000000-0000-0000-0000-000000000000/providers/Microsoft.VMwareCloudSimple/locations/eastus/privateClouds/avs-test-eastus/virtualnetworks/dvportgroup-85","location":"eastus","name":"Datacenter/Workload01","properties":{"privateCloudId":"/subscriptions/00000000-0000-0000-0000-000000000000/providers/Microsoft.VMwareCloudSimple/locations/eastus/privateClouds/avs-test-eastus"},"type":"Microsoft.VMwareCloudSimple/virtualNetworks"},"nicType":"VMXNET3","virtualNicId":"4001","virtualNicName":"Network
        adapter 2"},{"ipAddresses":null,"macAddress":"00:50:56:89:f0:f6","network":{"assignable":true,"id":"/subscriptions/00000000-0000-0000-0000-000000000000/providers/Microsoft.VMwareCloudSimple/locations/eastus/privateClouds/avs-test-eastus/virtualnetworks/dvportgroup-85","location":"eastus","name":"Datacenter/Workload01","properties":{"privateCloudId":"/subscriptions/00000000-0000-0000-0000-000000000000/providers/Microsoft.VMwareCloudSimple/locations/eastus/privateClouds/avs-test-eastus"},"type":"Microsoft.VMwareCloudSimple/virtualNetworks"},"nicType":"E1000","virtualNicId":"4002","virtualNicName":"Network
        adapter 3"}],"numberOfCores":1,"privateCloudId":"/subscriptions/00000000-0000-0000-0000-000000000000/providers/Microsoft.VMwareCloudSimple/locations/eastus/privateClouds/avs-test-eastus","provisioningState":"Succeeded","resourcePool":{"id":"/subscriptions/00000000-0000-0000-0000-000000000000/providers/Microsoft.VMwareCloudSimple/locations/eastus/privateClouds/avs-test-eastus/resourcepools/resgroup-169","location":"eastus","name":"AzCLITest","privateCloudId":"/subscriptions/00000000-0000-0000-0000-000000000000/providers/Microsoft.VMwareCloudSimple/locations/eastus/privateClouds/avs-test-eastus","properties":{"fullName":"Datacenter/Cluster/AzCLITest"},"type":"Microsoft.VMwareCloudSimple/resourcePools"},"status":"running","templateId":"/subscriptions/00000000-0000-0000-0000-000000000000/providers/Microsoft.VMwareCloudSimple/locations/eastus/privateClouds/avs-test-eastus/virtualmachinetemplates/vm-125","vSphereNetworks":null,"vmId":"vm-1429","vmwaretools":"0"},"type":"Microsoft.VMwareCloudSimple/virtualMachines"}

        '
    headers:
      cache-control:
      - no-cache
      content-length:
      - '3521'
      content-type:
      - application/json
      date:
      - Fri, 11 Oct 2019 09:48:10 GMT
      expires:
      - '-1'
      pragma:
      - no-cache
      server:
      - nginx/1.13.12
      strict-transport-security:
      - max-age=31536000; includeSubDomains
      transfer-encoding:
      - chunked
      vary:
      - Accept-Encoding,Accept-Encoding
      x-content-type-options:
      - nosniff
      x-correlation-id:
      - a0b744f4-5035-46e1-ba4f-536735f45c2c
      x-env-name:
      - eastus-he.azure.cloudsimple.com
      x-tracing-transaction-id:
      - 713e9c3ed2a741a7
    status:
      code: 200
      message: OK
- request:
    body: '{"location": "eastus", "properties": {"amountOfRam": 1024, "disks": [{"controllerId":
      "1000", "independenceMode": "persistent", "totalSize": 16777216, "virtualDiskId":
      "2000"}], "nics": [{"macAddress": "00:50:56:89:f0:f6", "network": {"id": "/subscriptions/00000000-0000-0000-0000-000000000000/providers/Microsoft.VMwareCloudSimple/locations/eastus/privateClouds/avs-test-eastus/virtualnetworks/dvportgroup-85"},
      "nicType": "E1000", "virtualNicId": "4002"}], "numberOfCores": 1, "privateCloudId":
      "/subscriptions/00000000-0000-0000-0000-000000000000/providers/Microsoft.VMwareCloudSimple/locations/eastus/privateClouds/avs-test-eastus",
      "resourcePool": {"id": "/subscriptions/00000000-0000-0000-0000-000000000000/providers/Microsoft.VMwareCloudSimple/locations/eastus/privateClouds/avs-test-eastus/resourcepools/resgroup-169"},
      "templateId": "/subscriptions/00000000-0000-0000-0000-000000000000/providers/Microsoft.VMwareCloudSimple/locations/eastus/privateClouds/avs-test-eastus/virtualmachinetemplates/vm-125"}}'
    headers:
      Accept:
      - application/json
      Accept-Encoding:
      - gzip, deflate
      CommandName:
      - vmware vm nic delete
      Connection:
      - keep-alive
      Content-Length:
      - '1013'
      Content-Type:
      - application/json; charset=utf-8
      ParameterSetName:
      - -g --vm-name --nics
      Referer:
      - https://management.azure.com/
      User-Agent:
      - python/3.6.8 (Windows-10-10.0.18362-SP0) msrest/0.6.8 msrest_azure/0.6.1 azure-mgmt-vmwarecloudsimple/0.1.0
        Azure-SDK-For-Python AZURECLI/2.0.68
      accept-language:
      - en-US
    method: PUT
    uri: https://management.azure.com/subscriptions/00000000-0000-0000-0000-000000000000/resourceGroups/az_cli_cs_test/providers/Microsoft.VMwareCloudSimple/virtualMachines/cli-test000001?api-version=2019-04-01
  response:
    body:
      string: '{"id":"/subscriptions/00000000-0000-0000-0000-000000000000/resourcegroups/az_cli_cs_test/providers/microsoft.vmwarecloudsimple/virtualmachines/cli-test000001","location":"eastus","name":"cli-test000001","properties":{"amountOfRam":1024,"controllers":[{"id":"1000","name":"SCSI
        controller 0","subType":"LSI_PARALEL","type":"SCSI"},{"id":"15000","name":"SATA
        controller 0","subType":"AHCI","type":"SATA"}],"disks":[{"controllerId":"1000","independenceMode":"persistent","totalSize":16777216,"virtualDiskId":"2000","virtualDiskName":"Hard
        disk 1"}],"guestOS":"Ubuntu Linux (64-bit)","guestOSType":"linux","nics":[{"ipAddresses":null,"macAddress":"00:50:56:89:33:f3","network":{"id":"45d858d8-20e2-4776-a14b-96e1e3ab7327:dvportgroup-85"},"nicType":"VMXNET3","powerOnBoot":true,"virtualNicId":"4000","virtualNicName":"Network
        adapter 1"},{"ipAddresses":null,"macAddress":"00:50:56:89:b1:7c","network":{"id":"45d858d8-20e2-4776-a14b-96e1e3ab7327:dvportgroup-85"},"nicType":"VMXNET3","virtualNicId":"4001","virtualNicName":"Network
        adapter 2"},{"ipAddresses":null,"macAddress":"00:50:56:89:f0:f6","network":{"id":"45d858d8-20e2-4776-a14b-96e1e3ab7327:dvportgroup-85"},"nicType":"E1000","virtualNicId":"4002","virtualNicName":"Network
        adapter 3"}],"numberOfCores":1,"privateCloudId":"45d858d8-20e2-4776-a14b-96e1e3ab7327","provisioningState":"Succeeded","resourcePool":{"id":"45d858d8-20e2-4776-a14b-96e1e3ab7327:resgroup-169"},"status":"updating","templateId":"45d858d8-20e2-4776-a14b-96e1e3ab7327:vm-125","vSphereNetworks":null,"vmId":"vm-1429","vmwaretools":"0"},"type":"Microsoft.VMwareCloudSimple/virtualMachines"}

        '
    headers:
      azure-asyncoperation:
      - https://management.azure.com/subscriptions/00000000-0000-0000-0000-000000000000/providers/microsoft.vmwarecloudsimple/locations/eastus/operationresults/3caea976-ec0c-11e9-ada2-62d45efc9b66?api-version=2019-04-01
      cache-control:
      - no-cache
      content-length:
      - '1632'
      content-type:
      - application/json
      date:
      - Fri, 11 Oct 2019 09:48:11 GMT
      expires:
      - '-1'
      pragma:
      - no-cache
      server:
      - nginx/1.13.12
      strict-transport-security:
      - max-age=31536000; includeSubDomains
      transfer-encoding:
      - chunked
      vary:
      - Accept-Encoding,Accept-Encoding
      x-content-type-options:
      - nosniff
      x-correlation-id:
      - 46c41817-4126-44ab-b196-28fc2105a22f
      x-env-name:
      - eastus-he.azure.cloudsimple.com
      x-ms-ratelimit-remaining-subscription-writes:
      - '1199'
      x-tracing-transaction-id:
      - 1378bbb67a72e69b
    status:
      code: 200
      message: OK
- request:
    body: null
    headers:
      Accept:
      - application/json
      Accept-Encoding:
      - gzip, deflate
      CommandName:
      - vmware vm show
      Connection:
      - keep-alive
      ParameterSetName:
      - -g -n
      User-Agent:
      - python/3.6.8 (Windows-10-10.0.18362-SP0) msrest/0.6.8 msrest_azure/0.6.1 azure-mgmt-vmwarecloudsimple/0.1.0
        Azure-SDK-For-Python AZURECLI/2.0.68
      accept-language:
      - en-US
    method: GET
    uri: https://management.azure.com/subscriptions/00000000-0000-0000-0000-000000000000/resourceGroups/az_cli_cs_test/providers/Microsoft.VMwareCloudSimple/virtualMachines/cli-test000001?api-version=2019-04-01
  response:
    body:
      string: '{"id":"/subscriptions/00000000-0000-0000-0000-000000000000/resourcegroups/az_cli_cs_test/providers/microsoft.vmwarecloudsimple/virtualmachines/cli-test000001","location":"eastus","name":"cli-test000001","properties":{"amountOfRam":1024,"controllers":[{"id":"1000","name":"SCSI
        controller 0","subType":"LSI_PARALEL","type":"SCSI"},{"id":"15000","name":"SATA
        controller 0","subType":"AHCI","type":"SATA"}],"disks":[{"controllerId":"1000","independenceMode":"persistent","totalSize":16777216,"virtualDiskId":"2000","virtualDiskName":"Hard
        disk 1"}],"folder":"Datacenter","guestOS":"Ubuntu Linux (64-bit)","guestOSType":"linux","nics":[{"ipAddresses":null,"macAddress":"00:50:56:89:33:f3","network":{"assignable":true,"id":"/subscriptions/00000000-0000-0000-0000-000000000000/providers/Microsoft.VMwareCloudSimple/locations/eastus/privateClouds/avs-test-eastus/virtualnetworks/dvportgroup-85","location":"eastus","name":"Datacenter/Workload01","properties":{"privateCloudId":"/subscriptions/00000000-0000-0000-0000-000000000000/providers/Microsoft.VMwareCloudSimple/locations/eastus/privateClouds/avs-test-eastus"},"type":"Microsoft.VMwareCloudSimple/virtualNetworks"},"nicType":"VMXNET3","powerOnBoot":true,"virtualNicId":"4000","virtualNicName":"Network
        adapter 1"},{"ipAddresses":null,"macAddress":"00:50:56:89:b1:7c","network":{"assignable":true,"id":"/subscriptions/00000000-0000-0000-0000-000000000000/providers/Microsoft.VMwareCloudSimple/locations/eastus/privateClouds/avs-test-eastus/virtualnetworks/dvportgroup-85","location":"eastus","name":"Datacenter/Workload01","properties":{"privateCloudId":"/subscriptions/00000000-0000-0000-0000-000000000000/providers/Microsoft.VMwareCloudSimple/locations/eastus/privateClouds/avs-test-eastus"},"type":"Microsoft.VMwareCloudSimple/virtualNetworks"},"nicType":"VMXNET3","virtualNicId":"4001","virtualNicName":"Network
        adapter 2"},{"ipAddresses":null,"macAddress":"00:50:56:89:f0:f6","network":{"assignable":true,"id":"/subscriptions/00000000-0000-0000-0000-000000000000/providers/Microsoft.VMwareCloudSimple/locations/eastus/privateClouds/avs-test-eastus/virtualnetworks/dvportgroup-85","location":"eastus","name":"Datacenter/Workload01","properties":{"privateCloudId":"/subscriptions/00000000-0000-0000-0000-000000000000/providers/Microsoft.VMwareCloudSimple/locations/eastus/privateClouds/avs-test-eastus"},"type":"Microsoft.VMwareCloudSimple/virtualNetworks"},"nicType":"E1000","virtualNicId":"4002","virtualNicName":"Network
        adapter 3"}],"numberOfCores":1,"privateCloudId":"/subscriptions/00000000-0000-0000-0000-000000000000/providers/Microsoft.VMwareCloudSimple/locations/eastus/privateClouds/avs-test-eastus","provisioningState":"Succeeded","resourcePool":{"id":"/subscriptions/00000000-0000-0000-0000-000000000000/providers/Microsoft.VMwareCloudSimple/locations/eastus/privateClouds/avs-test-eastus/resourcepools/resgroup-169","location":"eastus","name":"AzCLITest","privateCloudId":"/subscriptions/00000000-0000-0000-0000-000000000000/providers/Microsoft.VMwareCloudSimple/locations/eastus/privateClouds/avs-test-eastus","properties":{"fullName":"Datacenter/Cluster/AzCLITest"},"type":"Microsoft.VMwareCloudSimple/resourcePools"},"status":"updating","templateId":"/subscriptions/00000000-0000-0000-0000-000000000000/providers/Microsoft.VMwareCloudSimple/locations/eastus/privateClouds/avs-test-eastus/virtualmachinetemplates/vm-125","vSphereNetworks":null,"vmId":"vm-1429","vmwaretools":"0"},"type":"Microsoft.VMwareCloudSimple/virtualMachines"}

        '
    headers:
      cache-control:
      - no-cache
      content-length:
      - '3522'
      content-type:
      - application/json
      date:
      - Fri, 11 Oct 2019 09:48:11 GMT
      expires:
      - '-1'
      pragma:
      - no-cache
      server:
      - nginx/1.13.12
      strict-transport-security:
      - max-age=31536000; includeSubDomains
      transfer-encoding:
      - chunked
      vary:
      - Accept-Encoding,Accept-Encoding
      x-content-type-options:
      - nosniff
      x-correlation-id:
      - 86b1d295-e6f3-489c-a843-93d6d025bb7e
      x-env-name:
      - eastus-he.azure.cloudsimple.com
      x-tracing-transaction-id:
      - fb709b6e6cc81fa
    status:
      code: 200
      message: OK
- request:
    body: null
    headers:
      Accept:
      - application/json
      Accept-Encoding:
      - gzip, deflate
      CommandName:
      - vmware vm show
      Connection:
      - keep-alive
      ParameterSetName:
      - -g -n
      User-Agent:
      - python/3.6.8 (Windows-10-10.0.18362-SP0) msrest/0.6.8 msrest_azure/0.6.1 azure-mgmt-vmwarecloudsimple/0.1.0
        Azure-SDK-For-Python AZURECLI/2.0.68
      accept-language:
      - en-US
    method: GET
    uri: https://management.azure.com/subscriptions/00000000-0000-0000-0000-000000000000/resourceGroups/az_cli_cs_test/providers/Microsoft.VMwareCloudSimple/virtualMachines/cli-test000001?api-version=2019-04-01
  response:
    body:
      string: '{"id":"/subscriptions/00000000-0000-0000-0000-000000000000/resourcegroups/az_cli_cs_test/providers/microsoft.vmwarecloudsimple/virtualmachines/cli-test000001","location":"eastus","name":"cli-test000001","properties":{"amountOfRam":1024,"controllers":[{"id":"1000","name":"SCSI
        controller 0","subType":"LSI_PARALEL","type":"SCSI"},{"id":"15000","name":"SATA
        controller 0","subType":"AHCI","type":"SATA"}],"disks":[{"controllerId":"1000","independenceMode":"persistent","totalSize":16777216,"virtualDiskId":"2000","virtualDiskName":"Hard
        disk 1"}],"folder":"Datacenter","guestOS":"Ubuntu Linux (64-bit)","guestOSType":"linux","nics":[{"ipAddresses":null,"macAddress":"00:50:56:89:33:f3","network":{"assignable":true,"id":"/subscriptions/00000000-0000-0000-0000-000000000000/providers/Microsoft.VMwareCloudSimple/locations/eastus/privateClouds/avs-test-eastus/virtualnetworks/dvportgroup-85","location":"eastus","name":"Datacenter/Workload01","properties":{"privateCloudId":"/subscriptions/00000000-0000-0000-0000-000000000000/providers/Microsoft.VMwareCloudSimple/locations/eastus/privateClouds/avs-test-eastus"},"type":"Microsoft.VMwareCloudSimple/virtualNetworks"},"nicType":"VMXNET3","powerOnBoot":true,"virtualNicId":"4000","virtualNicName":"Network
        adapter 1"},{"ipAddresses":null,"macAddress":"00:50:56:89:b1:7c","network":{"assignable":true,"id":"/subscriptions/00000000-0000-0000-0000-000000000000/providers/Microsoft.VMwareCloudSimple/locations/eastus/privateClouds/avs-test-eastus/virtualnetworks/dvportgroup-85","location":"eastus","name":"Datacenter/Workload01","properties":{"privateCloudId":"/subscriptions/00000000-0000-0000-0000-000000000000/providers/Microsoft.VMwareCloudSimple/locations/eastus/privateClouds/avs-test-eastus"},"type":"Microsoft.VMwareCloudSimple/virtualNetworks"},"nicType":"VMXNET3","virtualNicId":"4001","virtualNicName":"Network
        adapter 2"},{"ipAddresses":null,"macAddress":"00:50:56:89:f0:f6","network":{"assignable":true,"id":"/subscriptions/00000000-0000-0000-0000-000000000000/providers/Microsoft.VMwareCloudSimple/locations/eastus/privateClouds/avs-test-eastus/virtualnetworks/dvportgroup-85","location":"eastus","name":"Datacenter/Workload01","properties":{"privateCloudId":"/subscriptions/00000000-0000-0000-0000-000000000000/providers/Microsoft.VMwareCloudSimple/locations/eastus/privateClouds/avs-test-eastus"},"type":"Microsoft.VMwareCloudSimple/virtualNetworks"},"nicType":"E1000","virtualNicId":"4002","virtualNicName":"Network
        adapter 3"}],"numberOfCores":1,"privateCloudId":"/subscriptions/00000000-0000-0000-0000-000000000000/providers/Microsoft.VMwareCloudSimple/locations/eastus/privateClouds/avs-test-eastus","provisioningState":"Succeeded","resourcePool":{"id":"/subscriptions/00000000-0000-0000-0000-000000000000/providers/Microsoft.VMwareCloudSimple/locations/eastus/privateClouds/avs-test-eastus/resourcepools/resgroup-169","location":"eastus","name":"AzCLITest","privateCloudId":"/subscriptions/00000000-0000-0000-0000-000000000000/providers/Microsoft.VMwareCloudSimple/locations/eastus/privateClouds/avs-test-eastus","properties":{"fullName":"Datacenter/Cluster/AzCLITest"},"type":"Microsoft.VMwareCloudSimple/resourcePools"},"status":"updating","templateId":"/subscriptions/00000000-0000-0000-0000-000000000000/providers/Microsoft.VMwareCloudSimple/locations/eastus/privateClouds/avs-test-eastus/virtualmachinetemplates/vm-125","vSphereNetworks":null,"vmId":"vm-1429","vmwaretools":"0"},"type":"Microsoft.VMwareCloudSimple/virtualMachines"}

        '
    headers:
      cache-control:
      - no-cache
      content-length:
      - '3522'
      content-type:
      - application/json
      date:
      - Fri, 11 Oct 2019 09:48:13 GMT
      expires:
      - '-1'
      pragma:
      - no-cache
      server:
      - nginx/1.13.12
      strict-transport-security:
      - max-age=31536000; includeSubDomains
      transfer-encoding:
      - chunked
      vary:
      - Accept-Encoding,Accept-Encoding
      x-content-type-options:
      - nosniff
      x-correlation-id:
      - 23c2e9f0-846c-41d1-a955-2056f4821ca5
      x-env-name:
      - eastus-he.azure.cloudsimple.com
      x-tracing-transaction-id:
      - 34ca84f086cd65e6
    status:
      code: 200
      message: OK
- request:
    body: null
    headers:
      Accept:
      - application/json
      Accept-Encoding:
      - gzip, deflate
      CommandName:
      - vmware vm show
      Connection:
      - keep-alive
      ParameterSetName:
      - -g -n
      User-Agent:
      - python/3.6.8 (Windows-10-10.0.18362-SP0) msrest/0.6.8 msrest_azure/0.6.1 azure-mgmt-vmwarecloudsimple/0.1.0
        Azure-SDK-For-Python AZURECLI/2.0.68
      accept-language:
      - en-US
    method: GET
    uri: https://management.azure.com/subscriptions/00000000-0000-0000-0000-000000000000/resourceGroups/az_cli_cs_test/providers/Microsoft.VMwareCloudSimple/virtualMachines/cli-test000001?api-version=2019-04-01
  response:
    body:
      string: '{"id":"/subscriptions/00000000-0000-0000-0000-000000000000/resourcegroups/az_cli_cs_test/providers/microsoft.vmwarecloudsimple/virtualmachines/cli-test000001","location":"eastus","name":"cli-test000001","properties":{"amountOfRam":1024,"controllers":[{"id":"1000","name":"SCSI
        controller 0","subType":"LSI_PARALEL","type":"SCSI"},{"id":"15000","name":"SATA
        controller 0","subType":"AHCI","type":"SATA"}],"disks":[{"controllerId":"1000","independenceMode":"persistent","totalSize":16777216,"virtualDiskId":"2000","virtualDiskName":"Hard
        disk 1"}],"folder":"Datacenter","guestOS":"Ubuntu Linux (64-bit)","guestOSType":"linux","nics":[{"ipAddresses":null,"macAddress":"00:50:56:89:33:f3","network":{"assignable":true,"id":"/subscriptions/00000000-0000-0000-0000-000000000000/providers/Microsoft.VMwareCloudSimple/locations/eastus/privateClouds/avs-test-eastus/virtualnetworks/dvportgroup-85","location":"eastus","name":"Datacenter/Workload01","properties":{"privateCloudId":"/subscriptions/00000000-0000-0000-0000-000000000000/providers/Microsoft.VMwareCloudSimple/locations/eastus/privateClouds/avs-test-eastus"},"type":"Microsoft.VMwareCloudSimple/virtualNetworks"},"nicType":"VMXNET3","powerOnBoot":true,"virtualNicId":"4000","virtualNicName":"Network
        adapter 1"},{"ipAddresses":null,"macAddress":"00:50:56:89:b1:7c","network":{"assignable":true,"id":"/subscriptions/00000000-0000-0000-0000-000000000000/providers/Microsoft.VMwareCloudSimple/locations/eastus/privateClouds/avs-test-eastus/virtualnetworks/dvportgroup-85","location":"eastus","name":"Datacenter/Workload01","properties":{"privateCloudId":"/subscriptions/00000000-0000-0000-0000-000000000000/providers/Microsoft.VMwareCloudSimple/locations/eastus/privateClouds/avs-test-eastus"},"type":"Microsoft.VMwareCloudSimple/virtualNetworks"},"nicType":"VMXNET3","virtualNicId":"4001","virtualNicName":"Network
        adapter 2"},{"ipAddresses":null,"macAddress":"00:50:56:89:f0:f6","network":{"assignable":true,"id":"/subscriptions/00000000-0000-0000-0000-000000000000/providers/Microsoft.VMwareCloudSimple/locations/eastus/privateClouds/avs-test-eastus/virtualnetworks/dvportgroup-85","location":"eastus","name":"Datacenter/Workload01","properties":{"privateCloudId":"/subscriptions/00000000-0000-0000-0000-000000000000/providers/Microsoft.VMwareCloudSimple/locations/eastus/privateClouds/avs-test-eastus"},"type":"Microsoft.VMwareCloudSimple/virtualNetworks"},"nicType":"E1000","virtualNicId":"4002","virtualNicName":"Network
        adapter 3"}],"numberOfCores":1,"privateCloudId":"/subscriptions/00000000-0000-0000-0000-000000000000/providers/Microsoft.VMwareCloudSimple/locations/eastus/privateClouds/avs-test-eastus","provisioningState":"Succeeded","resourcePool":{"id":"/subscriptions/00000000-0000-0000-0000-000000000000/providers/Microsoft.VMwareCloudSimple/locations/eastus/privateClouds/avs-test-eastus/resourcepools/resgroup-169","location":"eastus","name":"AzCLITest","privateCloudId":"/subscriptions/00000000-0000-0000-0000-000000000000/providers/Microsoft.VMwareCloudSimple/locations/eastus/privateClouds/avs-test-eastus","properties":{"fullName":"Datacenter/Cluster/AzCLITest"},"type":"Microsoft.VMwareCloudSimple/resourcePools"},"status":"updating","templateId":"/subscriptions/00000000-0000-0000-0000-000000000000/providers/Microsoft.VMwareCloudSimple/locations/eastus/privateClouds/avs-test-eastus/virtualmachinetemplates/vm-125","vSphereNetworks":null,"vmId":"vm-1429","vmwaretools":"0"},"type":"Microsoft.VMwareCloudSimple/virtualMachines"}

        '
    headers:
      cache-control:
      - no-cache
      content-length:
      - '3522'
      content-type:
      - application/json
      date:
      - Fri, 11 Oct 2019 09:48:13 GMT
      expires:
      - '-1'
      pragma:
      - no-cache
      server:
      - nginx/1.13.12
      strict-transport-security:
      - max-age=31536000; includeSubDomains
      transfer-encoding:
      - chunked
      vary:
      - Accept-Encoding,Accept-Encoding
      x-content-type-options:
      - nosniff
      x-correlation-id:
      - 4e84a19e-ea90-4deb-9ab7-400e27f26433
      x-env-name:
      - eastus-he.azure.cloudsimple.com
      x-tracing-transaction-id:
      - 66efc70509413ab3
    status:
      code: 200
      message: OK
- request:
    body: null
    headers:
      Accept:
      - application/json
      Accept-Encoding:
      - gzip, deflate
      CommandName:
      - vmware vm show
      Connection:
      - keep-alive
      ParameterSetName:
      - -g -n
      User-Agent:
      - python/3.6.8 (Windows-10-10.0.18362-SP0) msrest/0.6.8 msrest_azure/0.6.1 azure-mgmt-vmwarecloudsimple/0.1.0
        Azure-SDK-For-Python AZURECLI/2.0.68
      accept-language:
      - en-US
    method: GET
    uri: https://management.azure.com/subscriptions/00000000-0000-0000-0000-000000000000/resourceGroups/az_cli_cs_test/providers/Microsoft.VMwareCloudSimple/virtualMachines/cli-test000001?api-version=2019-04-01
  response:
    body:
      string: '{"id":"/subscriptions/00000000-0000-0000-0000-000000000000/resourcegroups/az_cli_cs_test/providers/microsoft.vmwarecloudsimple/virtualmachines/cli-test000001","location":"eastus","name":"cli-test000001","properties":{"amountOfRam":1024,"controllers":[{"id":"1000","name":"SCSI
        controller 0","subType":"LSI_PARALEL","type":"SCSI"},{"id":"15000","name":"SATA
        controller 0","subType":"AHCI","type":"SATA"}],"disks":[{"controllerId":"1000","independenceMode":"persistent","totalSize":16777216,"virtualDiskId":"2000","virtualDiskName":"Hard
        disk 1"}],"folder":"Datacenter","guestOS":"Ubuntu Linux (64-bit)","guestOSType":"linux","nics":[{"ipAddresses":null,"macAddress":"00:50:56:89:33:f3","network":{"assignable":true,"id":"/subscriptions/00000000-0000-0000-0000-000000000000/providers/Microsoft.VMwareCloudSimple/locations/eastus/privateClouds/avs-test-eastus/virtualnetworks/dvportgroup-85","location":"eastus","name":"Datacenter/Workload01","properties":{"privateCloudId":"/subscriptions/00000000-0000-0000-0000-000000000000/providers/Microsoft.VMwareCloudSimple/locations/eastus/privateClouds/avs-test-eastus"},"type":"Microsoft.VMwareCloudSimple/virtualNetworks"},"nicType":"VMXNET3","powerOnBoot":true,"virtualNicId":"4000","virtualNicName":"Network
        adapter 1"},{"ipAddresses":null,"macAddress":"00:50:56:89:b1:7c","network":{"assignable":true,"id":"/subscriptions/00000000-0000-0000-0000-000000000000/providers/Microsoft.VMwareCloudSimple/locations/eastus/privateClouds/avs-test-eastus/virtualnetworks/dvportgroup-85","location":"eastus","name":"Datacenter/Workload01","properties":{"privateCloudId":"/subscriptions/00000000-0000-0000-0000-000000000000/providers/Microsoft.VMwareCloudSimple/locations/eastus/privateClouds/avs-test-eastus"},"type":"Microsoft.VMwareCloudSimple/virtualNetworks"},"nicType":"VMXNET3","virtualNicId":"4001","virtualNicName":"Network
        adapter 2"},{"ipAddresses":null,"macAddress":"00:50:56:89:f0:f6","network":{"assignable":true,"id":"/subscriptions/00000000-0000-0000-0000-000000000000/providers/Microsoft.VMwareCloudSimple/locations/eastus/privateClouds/avs-test-eastus/virtualnetworks/dvportgroup-85","location":"eastus","name":"Datacenter/Workload01","properties":{"privateCloudId":"/subscriptions/00000000-0000-0000-0000-000000000000/providers/Microsoft.VMwareCloudSimple/locations/eastus/privateClouds/avs-test-eastus"},"type":"Microsoft.VMwareCloudSimple/virtualNetworks"},"nicType":"E1000","virtualNicId":"4002","virtualNicName":"Network
        adapter 3"}],"numberOfCores":1,"privateCloudId":"/subscriptions/00000000-0000-0000-0000-000000000000/providers/Microsoft.VMwareCloudSimple/locations/eastus/privateClouds/avs-test-eastus","provisioningState":"Succeeded","resourcePool":{"id":"/subscriptions/00000000-0000-0000-0000-000000000000/providers/Microsoft.VMwareCloudSimple/locations/eastus/privateClouds/avs-test-eastus/resourcepools/resgroup-169","location":"eastus","name":"AzCLITest","privateCloudId":"/subscriptions/00000000-0000-0000-0000-000000000000/providers/Microsoft.VMwareCloudSimple/locations/eastus/privateClouds/avs-test-eastus","properties":{"fullName":"Datacenter/Cluster/AzCLITest"},"type":"Microsoft.VMwareCloudSimple/resourcePools"},"status":"updating","templateId":"/subscriptions/00000000-0000-0000-0000-000000000000/providers/Microsoft.VMwareCloudSimple/locations/eastus/privateClouds/avs-test-eastus/virtualmachinetemplates/vm-125","vSphereNetworks":null,"vmId":"vm-1429","vmwaretools":"0"},"type":"Microsoft.VMwareCloudSimple/virtualMachines"}

        '
    headers:
      cache-control:
      - no-cache
      content-length:
      - '3522'
      content-type:
      - application/json
      date:
      - Fri, 11 Oct 2019 09:48:14 GMT
      expires:
      - '-1'
      pragma:
      - no-cache
      server:
      - nginx/1.13.12
      strict-transport-security:
      - max-age=31536000; includeSubDomains
      transfer-encoding:
      - chunked
      vary:
      - Accept-Encoding,Accept-Encoding
      x-content-type-options:
      - nosniff
      x-correlation-id:
      - 6418642a-7fba-4a13-9bcb-5fc86934927d
      x-env-name:
      - eastus-he.azure.cloudsimple.com
      x-tracing-transaction-id:
      - 735400f78cd1c97a
    status:
      code: 200
      message: OK
- request:
    body: null
    headers:
      Accept:
      - application/json
      Accept-Encoding:
      - gzip, deflate
      CommandName:
      - vmware vm show
      Connection:
      - keep-alive
      ParameterSetName:
      - -g -n
      User-Agent:
      - python/3.6.8 (Windows-10-10.0.18362-SP0) msrest/0.6.8 msrest_azure/0.6.1 azure-mgmt-vmwarecloudsimple/0.1.0
        Azure-SDK-For-Python AZURECLI/2.0.68
      accept-language:
      - en-US
    method: GET
    uri: https://management.azure.com/subscriptions/00000000-0000-0000-0000-000000000000/resourceGroups/az_cli_cs_test/providers/Microsoft.VMwareCloudSimple/virtualMachines/cli-test000001?api-version=2019-04-01
  response:
    body:
      string: '{"id":"/subscriptions/00000000-0000-0000-0000-000000000000/resourcegroups/az_cli_cs_test/providers/microsoft.vmwarecloudsimple/virtualmachines/cli-test000001","location":"eastus","name":"cli-test000001","properties":{"amountOfRam":1024,"controllers":[{"id":"1000","name":"SCSI
        controller 0","subType":"LSI_PARALEL","type":"SCSI"},{"id":"15000","name":"SATA
        controller 0","subType":"AHCI","type":"SATA"}],"disks":[{"controllerId":"1000","independenceMode":"persistent","totalSize":16777216,"virtualDiskId":"2000","virtualDiskName":"Hard
        disk 1"}],"folder":"Datacenter","guestOS":"Ubuntu Linux (64-bit)","guestOSType":"linux","nics":[{"ipAddresses":null,"macAddress":"00:50:56:89:33:f3","network":{"assignable":true,"id":"/subscriptions/00000000-0000-0000-0000-000000000000/providers/Microsoft.VMwareCloudSimple/locations/eastus/privateClouds/avs-test-eastus/virtualnetworks/dvportgroup-85","location":"eastus","name":"Datacenter/Workload01","properties":{"privateCloudId":"/subscriptions/00000000-0000-0000-0000-000000000000/providers/Microsoft.VMwareCloudSimple/locations/eastus/privateClouds/avs-test-eastus"},"type":"Microsoft.VMwareCloudSimple/virtualNetworks"},"nicType":"VMXNET3","powerOnBoot":true,"virtualNicId":"4000","virtualNicName":"Network
        adapter 1"},{"ipAddresses":null,"macAddress":"00:50:56:89:b1:7c","network":{"assignable":true,"id":"/subscriptions/00000000-0000-0000-0000-000000000000/providers/Microsoft.VMwareCloudSimple/locations/eastus/privateClouds/avs-test-eastus/virtualnetworks/dvportgroup-85","location":"eastus","name":"Datacenter/Workload01","properties":{"privateCloudId":"/subscriptions/00000000-0000-0000-0000-000000000000/providers/Microsoft.VMwareCloudSimple/locations/eastus/privateClouds/avs-test-eastus"},"type":"Microsoft.VMwareCloudSimple/virtualNetworks"},"nicType":"VMXNET3","virtualNicId":"4001","virtualNicName":"Network
        adapter 2"},{"ipAddresses":null,"macAddress":"00:50:56:89:f0:f6","network":{"assignable":true,"id":"/subscriptions/00000000-0000-0000-0000-000000000000/providers/Microsoft.VMwareCloudSimple/locations/eastus/privateClouds/avs-test-eastus/virtualnetworks/dvportgroup-85","location":"eastus","name":"Datacenter/Workload01","properties":{"privateCloudId":"/subscriptions/00000000-0000-0000-0000-000000000000/providers/Microsoft.VMwareCloudSimple/locations/eastus/privateClouds/avs-test-eastus"},"type":"Microsoft.VMwareCloudSimple/virtualNetworks"},"nicType":"E1000","virtualNicId":"4002","virtualNicName":"Network
        adapter 3"}],"numberOfCores":1,"privateCloudId":"/subscriptions/00000000-0000-0000-0000-000000000000/providers/Microsoft.VMwareCloudSimple/locations/eastus/privateClouds/avs-test-eastus","provisioningState":"Succeeded","resourcePool":{"id":"/subscriptions/00000000-0000-0000-0000-000000000000/providers/Microsoft.VMwareCloudSimple/locations/eastus/privateClouds/avs-test-eastus/resourcepools/resgroup-169","location":"eastus","name":"AzCLITest","privateCloudId":"/subscriptions/00000000-0000-0000-0000-000000000000/providers/Microsoft.VMwareCloudSimple/locations/eastus/privateClouds/avs-test-eastus","properties":{"fullName":"Datacenter/Cluster/AzCLITest"},"type":"Microsoft.VMwareCloudSimple/resourcePools"},"status":"updating","templateId":"/subscriptions/00000000-0000-0000-0000-000000000000/providers/Microsoft.VMwareCloudSimple/locations/eastus/privateClouds/avs-test-eastus/virtualmachinetemplates/vm-125","vSphereNetworks":null,"vmId":"vm-1429","vmwaretools":"0"},"type":"Microsoft.VMwareCloudSimple/virtualMachines"}

        '
    headers:
      cache-control:
      - no-cache
      content-length:
      - '3522'
      content-type:
      - application/json
      date:
      - Fri, 11 Oct 2019 09:48:15 GMT
      expires:
      - '-1'
      pragma:
      - no-cache
      server:
      - nginx/1.13.12
      strict-transport-security:
      - max-age=31536000; includeSubDomains
      transfer-encoding:
      - chunked
      vary:
      - Accept-Encoding,Accept-Encoding
      x-content-type-options:
      - nosniff
      x-correlation-id:
      - c47e463e-79ed-402d-8bfe-08bc8c77a9af
      x-env-name:
      - eastus-he.azure.cloudsimple.com
      x-tracing-transaction-id:
      - 454d4758da1fa7cf
    status:
      code: 200
      message: OK
- request:
    body: null
    headers:
      Accept:
      - application/json
      Accept-Encoding:
      - gzip, deflate
      CommandName:
      - vmware vm show
      Connection:
      - keep-alive
      ParameterSetName:
      - -g -n
      User-Agent:
      - python/3.6.8 (Windows-10-10.0.18362-SP0) msrest/0.6.8 msrest_azure/0.6.1 azure-mgmt-vmwarecloudsimple/0.1.0
        Azure-SDK-For-Python AZURECLI/2.0.68
      accept-language:
      - en-US
    method: GET
    uri: https://management.azure.com/subscriptions/00000000-0000-0000-0000-000000000000/resourceGroups/az_cli_cs_test/providers/Microsoft.VMwareCloudSimple/virtualMachines/cli-test000001?api-version=2019-04-01
  response:
    body:
      string: '{"id":"/subscriptions/00000000-0000-0000-0000-000000000000/resourcegroups/az_cli_cs_test/providers/microsoft.vmwarecloudsimple/virtualmachines/cli-test000001","location":"eastus","name":"cli-test000001","properties":{"amountOfRam":1024,"controllers":[{"id":"1000","name":"SCSI
        controller 0","subType":"LSI_PARALEL","type":"SCSI"},{"id":"15000","name":"SATA
        controller 0","subType":"AHCI","type":"SATA"}],"disks":[{"controllerId":"1000","independenceMode":"persistent","totalSize":16777216,"virtualDiskId":"2000","virtualDiskName":"Hard
        disk 1"}],"folder":"Datacenter","guestOS":"Ubuntu Linux (64-bit)","guestOSType":"linux","nics":[{"ipAddresses":null,"macAddress":"00:50:56:89:33:f3","network":{"assignable":true,"id":"/subscriptions/00000000-0000-0000-0000-000000000000/providers/Microsoft.VMwareCloudSimple/locations/eastus/privateClouds/avs-test-eastus/virtualnetworks/dvportgroup-85","location":"eastus","name":"Datacenter/Workload01","properties":{"privateCloudId":"/subscriptions/00000000-0000-0000-0000-000000000000/providers/Microsoft.VMwareCloudSimple/locations/eastus/privateClouds/avs-test-eastus"},"type":"Microsoft.VMwareCloudSimple/virtualNetworks"},"nicType":"VMXNET3","powerOnBoot":true,"virtualNicId":"4000","virtualNicName":"Network
        adapter 1"},{"ipAddresses":null,"macAddress":"00:50:56:89:b1:7c","network":{"assignable":true,"id":"/subscriptions/00000000-0000-0000-0000-000000000000/providers/Microsoft.VMwareCloudSimple/locations/eastus/privateClouds/avs-test-eastus/virtualnetworks/dvportgroup-85","location":"eastus","name":"Datacenter/Workload01","properties":{"privateCloudId":"/subscriptions/00000000-0000-0000-0000-000000000000/providers/Microsoft.VMwareCloudSimple/locations/eastus/privateClouds/avs-test-eastus"},"type":"Microsoft.VMwareCloudSimple/virtualNetworks"},"nicType":"VMXNET3","virtualNicId":"4001","virtualNicName":"Network
        adapter 2"},{"ipAddresses":null,"macAddress":"00:50:56:89:f0:f6","network":{"assignable":true,"id":"/subscriptions/00000000-0000-0000-0000-000000000000/providers/Microsoft.VMwareCloudSimple/locations/eastus/privateClouds/avs-test-eastus/virtualnetworks/dvportgroup-85","location":"eastus","name":"Datacenter/Workload01","properties":{"privateCloudId":"/subscriptions/00000000-0000-0000-0000-000000000000/providers/Microsoft.VMwareCloudSimple/locations/eastus/privateClouds/avs-test-eastus"},"type":"Microsoft.VMwareCloudSimple/virtualNetworks"},"nicType":"E1000","virtualNicId":"4002","virtualNicName":"Network
        adapter 3"}],"numberOfCores":1,"privateCloudId":"/subscriptions/00000000-0000-0000-0000-000000000000/providers/Microsoft.VMwareCloudSimple/locations/eastus/privateClouds/avs-test-eastus","provisioningState":"Succeeded","resourcePool":{"id":"/subscriptions/00000000-0000-0000-0000-000000000000/providers/Microsoft.VMwareCloudSimple/locations/eastus/privateClouds/avs-test-eastus/resourcepools/resgroup-169","location":"eastus","name":"AzCLITest","privateCloudId":"/subscriptions/00000000-0000-0000-0000-000000000000/providers/Microsoft.VMwareCloudSimple/locations/eastus/privateClouds/avs-test-eastus","properties":{"fullName":"Datacenter/Cluster/AzCLITest"},"type":"Microsoft.VMwareCloudSimple/resourcePools"},"status":"updating","templateId":"/subscriptions/00000000-0000-0000-0000-000000000000/providers/Microsoft.VMwareCloudSimple/locations/eastus/privateClouds/avs-test-eastus/virtualmachinetemplates/vm-125","vSphereNetworks":null,"vmId":"vm-1429","vmwaretools":"0"},"type":"Microsoft.VMwareCloudSimple/virtualMachines"}

        '
    headers:
      cache-control:
      - no-cache
      content-length:
      - '3522'
      content-type:
      - application/json
      date:
      - Fri, 11 Oct 2019 09:48:17 GMT
      expires:
      - '-1'
      pragma:
      - no-cache
      server:
      - nginx/1.13.12
      strict-transport-security:
      - max-age=31536000; includeSubDomains
      transfer-encoding:
      - chunked
      vary:
      - Accept-Encoding,Accept-Encoding
      x-content-type-options:
      - nosniff
      x-correlation-id:
      - ea323ad1-00a6-4302-b945-98e395ac1131
      x-env-name:
      - eastus-he.azure.cloudsimple.com
      x-tracing-transaction-id:
      - 5869e84351419615
    status:
      code: 200
      message: OK
- request:
    body: null
    headers:
      Accept:
      - application/json
      Accept-Encoding:
      - gzip, deflate
      CommandName:
      - vmware vm show
      Connection:
      - keep-alive
      ParameterSetName:
      - -g -n
      User-Agent:
      - python/3.6.8 (Windows-10-10.0.18362-SP0) msrest/0.6.8 msrest_azure/0.6.1 azure-mgmt-vmwarecloudsimple/0.1.0
        Azure-SDK-For-Python AZURECLI/2.0.68
      accept-language:
      - en-US
    method: GET
    uri: https://management.azure.com/subscriptions/00000000-0000-0000-0000-000000000000/resourceGroups/az_cli_cs_test/providers/Microsoft.VMwareCloudSimple/virtualMachines/cli-test000001?api-version=2019-04-01
  response:
    body:
      string: '{"id":"/subscriptions/00000000-0000-0000-0000-000000000000/resourcegroups/az_cli_cs_test/providers/microsoft.vmwarecloudsimple/virtualmachines/cli-test000001","location":"eastus","name":"cli-test000001","properties":{"amountOfRam":1024,"controllers":[{"id":"1000","name":"SCSI
        controller 0","subType":"LSI_PARALEL","type":"SCSI"},{"id":"15000","name":"SATA
        controller 0","subType":"AHCI","type":"SATA"}],"disks":[{"controllerId":"1000","independenceMode":"persistent","totalSize":16777216,"virtualDiskId":"2000","virtualDiskName":"Hard
        disk 1"}],"folder":"Datacenter","guestOS":"Ubuntu Linux (64-bit)","guestOSType":"linux","nics":[{"ipAddresses":null,"macAddress":"00:50:56:89:33:f3","network":{"assignable":true,"id":"/subscriptions/00000000-0000-0000-0000-000000000000/providers/Microsoft.VMwareCloudSimple/locations/eastus/privateClouds/avs-test-eastus/virtualnetworks/dvportgroup-85","location":"eastus","name":"Datacenter/Workload01","properties":{"privateCloudId":"/subscriptions/00000000-0000-0000-0000-000000000000/providers/Microsoft.VMwareCloudSimple/locations/eastus/privateClouds/avs-test-eastus"},"type":"Microsoft.VMwareCloudSimple/virtualNetworks"},"nicType":"VMXNET3","powerOnBoot":true,"virtualNicId":"4000","virtualNicName":"Network
        adapter 1"},{"ipAddresses":null,"macAddress":"00:50:56:89:b1:7c","network":{"assignable":true,"id":"/subscriptions/00000000-0000-0000-0000-000000000000/providers/Microsoft.VMwareCloudSimple/locations/eastus/privateClouds/avs-test-eastus/virtualnetworks/dvportgroup-85","location":"eastus","name":"Datacenter/Workload01","properties":{"privateCloudId":"/subscriptions/00000000-0000-0000-0000-000000000000/providers/Microsoft.VMwareCloudSimple/locations/eastus/privateClouds/avs-test-eastus"},"type":"Microsoft.VMwareCloudSimple/virtualNetworks"},"nicType":"VMXNET3","virtualNicId":"4001","virtualNicName":"Network
        adapter 2"},{"ipAddresses":null,"macAddress":"00:50:56:89:f0:f6","network":{"assignable":true,"id":"/subscriptions/00000000-0000-0000-0000-000000000000/providers/Microsoft.VMwareCloudSimple/locations/eastus/privateClouds/avs-test-eastus/virtualnetworks/dvportgroup-85","location":"eastus","name":"Datacenter/Workload01","properties":{"privateCloudId":"/subscriptions/00000000-0000-0000-0000-000000000000/providers/Microsoft.VMwareCloudSimple/locations/eastus/privateClouds/avs-test-eastus"},"type":"Microsoft.VMwareCloudSimple/virtualNetworks"},"nicType":"E1000","virtualNicId":"4002","virtualNicName":"Network
        adapter 3"}],"numberOfCores":1,"privateCloudId":"/subscriptions/00000000-0000-0000-0000-000000000000/providers/Microsoft.VMwareCloudSimple/locations/eastus/privateClouds/avs-test-eastus","provisioningState":"Succeeded","resourcePool":{"id":"/subscriptions/00000000-0000-0000-0000-000000000000/providers/Microsoft.VMwareCloudSimple/locations/eastus/privateClouds/avs-test-eastus/resourcepools/resgroup-169","location":"eastus","name":"AzCLITest","privateCloudId":"/subscriptions/00000000-0000-0000-0000-000000000000/providers/Microsoft.VMwareCloudSimple/locations/eastus/privateClouds/avs-test-eastus","properties":{"fullName":"Datacenter/Cluster/AzCLITest"},"type":"Microsoft.VMwareCloudSimple/resourcePools"},"status":"updating","templateId":"/subscriptions/00000000-0000-0000-0000-000000000000/providers/Microsoft.VMwareCloudSimple/locations/eastus/privateClouds/avs-test-eastus/virtualmachinetemplates/vm-125","vSphereNetworks":null,"vmId":"vm-1429","vmwaretools":"0"},"type":"Microsoft.VMwareCloudSimple/virtualMachines"}

        '
    headers:
      cache-control:
      - no-cache
      content-length:
      - '3522'
      content-type:
      - application/json
      date:
      - Fri, 11 Oct 2019 09:48:17 GMT
      expires:
      - '-1'
      pragma:
      - no-cache
      server:
      - nginx/1.13.12
      strict-transport-security:
      - max-age=31536000; includeSubDomains
      transfer-encoding:
      - chunked
      vary:
      - Accept-Encoding,Accept-Encoding
      x-content-type-options:
      - nosniff
      x-correlation-id:
      - c3b3dc60-e540-4224-9378-88fc6c43d270
      x-env-name:
      - eastus-he.azure.cloudsimple.com
      x-tracing-transaction-id:
      - 2cc5d35f3a6fb1c0
    status:
      code: 200
      message: OK
- request:
    body: null
    headers:
      Accept:
      - application/json
      Accept-Encoding:
      - gzip, deflate
      CommandName:
      - vmware vm show
      Connection:
      - keep-alive
      ParameterSetName:
      - -g -n
      User-Agent:
      - python/3.6.8 (Windows-10-10.0.18362-SP0) msrest/0.6.8 msrest_azure/0.6.1 azure-mgmt-vmwarecloudsimple/0.1.0
        Azure-SDK-For-Python AZURECLI/2.0.68
      accept-language:
      - en-US
    method: GET
    uri: https://management.azure.com/subscriptions/00000000-0000-0000-0000-000000000000/resourceGroups/az_cli_cs_test/providers/Microsoft.VMwareCloudSimple/virtualMachines/cli-test000001?api-version=2019-04-01
  response:
    body:
      string: '{"id":"/subscriptions/00000000-0000-0000-0000-000000000000/resourcegroups/az_cli_cs_test/providers/microsoft.vmwarecloudsimple/virtualmachines/cli-test000001","location":"eastus","name":"cli-test000001","properties":{"amountOfRam":1024,"controllers":[{"id":"1000","name":"SCSI
        controller 0","subType":"LSI_PARALEL","type":"SCSI"},{"id":"15000","name":"SATA
        controller 0","subType":"AHCI","type":"SATA"}],"disks":[{"controllerId":"1000","independenceMode":"persistent","totalSize":16777216,"virtualDiskId":"2000","virtualDiskName":"Hard
        disk 1"}],"folder":"Datacenter","guestOS":"Ubuntu Linux (64-bit)","guestOSType":"linux","nics":[{"ipAddresses":null,"macAddress":"00:50:56:89:33:f3","network":{"assignable":true,"id":"/subscriptions/00000000-0000-0000-0000-000000000000/providers/Microsoft.VMwareCloudSimple/locations/eastus/privateClouds/avs-test-eastus/virtualnetworks/dvportgroup-85","location":"eastus","name":"Datacenter/Workload01","properties":{"privateCloudId":"/subscriptions/00000000-0000-0000-0000-000000000000/providers/Microsoft.VMwareCloudSimple/locations/eastus/privateClouds/avs-test-eastus"},"type":"Microsoft.VMwareCloudSimple/virtualNetworks"},"nicType":"VMXNET3","powerOnBoot":true,"virtualNicId":"4000","virtualNicName":"Network
        adapter 1"},{"ipAddresses":null,"macAddress":"00:50:56:89:b1:7c","network":{"assignable":true,"id":"/subscriptions/00000000-0000-0000-0000-000000000000/providers/Microsoft.VMwareCloudSimple/locations/eastus/privateClouds/avs-test-eastus/virtualnetworks/dvportgroup-85","location":"eastus","name":"Datacenter/Workload01","properties":{"privateCloudId":"/subscriptions/00000000-0000-0000-0000-000000000000/providers/Microsoft.VMwareCloudSimple/locations/eastus/privateClouds/avs-test-eastus"},"type":"Microsoft.VMwareCloudSimple/virtualNetworks"},"nicType":"VMXNET3","virtualNicId":"4001","virtualNicName":"Network
        adapter 2"},{"ipAddresses":null,"macAddress":"00:50:56:89:f0:f6","network":{"assignable":true,"id":"/subscriptions/00000000-0000-0000-0000-000000000000/providers/Microsoft.VMwareCloudSimple/locations/eastus/privateClouds/avs-test-eastus/virtualnetworks/dvportgroup-85","location":"eastus","name":"Datacenter/Workload01","properties":{"privateCloudId":"/subscriptions/00000000-0000-0000-0000-000000000000/providers/Microsoft.VMwareCloudSimple/locations/eastus/privateClouds/avs-test-eastus"},"type":"Microsoft.VMwareCloudSimple/virtualNetworks"},"nicType":"E1000","virtualNicId":"4002","virtualNicName":"Network
        adapter 3"}],"numberOfCores":1,"privateCloudId":"/subscriptions/00000000-0000-0000-0000-000000000000/providers/Microsoft.VMwareCloudSimple/locations/eastus/privateClouds/avs-test-eastus","provisioningState":"Succeeded","resourcePool":{"id":"/subscriptions/00000000-0000-0000-0000-000000000000/providers/Microsoft.VMwareCloudSimple/locations/eastus/privateClouds/avs-test-eastus/resourcepools/resgroup-169","location":"eastus","name":"AzCLITest","privateCloudId":"/subscriptions/00000000-0000-0000-0000-000000000000/providers/Microsoft.VMwareCloudSimple/locations/eastus/privateClouds/avs-test-eastus","properties":{"fullName":"Datacenter/Cluster/AzCLITest"},"type":"Microsoft.VMwareCloudSimple/resourcePools"},"status":"updating","templateId":"/subscriptions/00000000-0000-0000-0000-000000000000/providers/Microsoft.VMwareCloudSimple/locations/eastus/privateClouds/avs-test-eastus/virtualmachinetemplates/vm-125","vSphereNetworks":null,"vmId":"vm-1429","vmwaretools":"0"},"type":"Microsoft.VMwareCloudSimple/virtualMachines"}

        '
    headers:
      cache-control:
      - no-cache
      content-length:
      - '3522'
      content-type:
      - application/json
      date:
      - Fri, 11 Oct 2019 09:48:18 GMT
      expires:
      - '-1'
      pragma:
      - no-cache
      server:
      - nginx/1.13.12
      strict-transport-security:
      - max-age=31536000; includeSubDomains
      transfer-encoding:
      - chunked
      vary:
      - Accept-Encoding,Accept-Encoding
      x-content-type-options:
      - nosniff
      x-correlation-id:
      - ebe84d68-bae4-4ffa-97e0-5070d2d00d11
      x-env-name:
      - eastus-he.azure.cloudsimple.com
      x-tracing-transaction-id:
      - 46c7344e9b9d3b47
    status:
      code: 200
      message: OK
- request:
    body: null
    headers:
      Accept:
      - application/json
      Accept-Encoding:
      - gzip, deflate
      CommandName:
      - vmware vm show
      Connection:
      - keep-alive
      ParameterSetName:
      - -g -n
      User-Agent:
      - python/3.6.8 (Windows-10-10.0.18362-SP0) msrest/0.6.8 msrest_azure/0.6.1 azure-mgmt-vmwarecloudsimple/0.1.0
        Azure-SDK-For-Python AZURECLI/2.0.68
      accept-language:
      - en-US
    method: GET
    uri: https://management.azure.com/subscriptions/00000000-0000-0000-0000-000000000000/resourceGroups/az_cli_cs_test/providers/Microsoft.VMwareCloudSimple/virtualMachines/cli-test000001?api-version=2019-04-01
  response:
    body:
      string: '{"id":"/subscriptions/00000000-0000-0000-0000-000000000000/resourcegroups/az_cli_cs_test/providers/microsoft.vmwarecloudsimple/virtualmachines/cli-test000001","location":"eastus","name":"cli-test000001","properties":{"amountOfRam":1024,"controllers":[{"id":"1000","name":"SCSI
        controller 0","subType":"LSI_PARALEL","type":"SCSI"},{"id":"15000","name":"SATA
        controller 0","subType":"AHCI","type":"SATA"}],"disks":[{"controllerId":"1000","independenceMode":"persistent","totalSize":16777216,"virtualDiskId":"2000","virtualDiskName":"Hard
        disk 1"}],"folder":"Datacenter","guestOS":"Ubuntu Linux (64-bit)","guestOSType":"linux","nics":[{"ipAddresses":null,"macAddress":"00:50:56:89:33:f3","network":{"assignable":true,"id":"/subscriptions/00000000-0000-0000-0000-000000000000/providers/Microsoft.VMwareCloudSimple/locations/eastus/privateClouds/avs-test-eastus/virtualnetworks/dvportgroup-85","location":"eastus","name":"Datacenter/Workload01","properties":{"privateCloudId":"/subscriptions/00000000-0000-0000-0000-000000000000/providers/Microsoft.VMwareCloudSimple/locations/eastus/privateClouds/avs-test-eastus"},"type":"Microsoft.VMwareCloudSimple/virtualNetworks"},"nicType":"VMXNET3","powerOnBoot":true,"virtualNicId":"4000","virtualNicName":"Network
        adapter 1"},{"ipAddresses":null,"macAddress":"00:50:56:89:b1:7c","network":{"assignable":true,"id":"/subscriptions/00000000-0000-0000-0000-000000000000/providers/Microsoft.VMwareCloudSimple/locations/eastus/privateClouds/avs-test-eastus/virtualnetworks/dvportgroup-85","location":"eastus","name":"Datacenter/Workload01","properties":{"privateCloudId":"/subscriptions/00000000-0000-0000-0000-000000000000/providers/Microsoft.VMwareCloudSimple/locations/eastus/privateClouds/avs-test-eastus"},"type":"Microsoft.VMwareCloudSimple/virtualNetworks"},"nicType":"VMXNET3","virtualNicId":"4001","virtualNicName":"Network
        adapter 2"},{"ipAddresses":null,"macAddress":"00:50:56:89:f0:f6","network":{"assignable":true,"id":"/subscriptions/00000000-0000-0000-0000-000000000000/providers/Microsoft.VMwareCloudSimple/locations/eastus/privateClouds/avs-test-eastus/virtualnetworks/dvportgroup-85","location":"eastus","name":"Datacenter/Workload01","properties":{"privateCloudId":"/subscriptions/00000000-0000-0000-0000-000000000000/providers/Microsoft.VMwareCloudSimple/locations/eastus/privateClouds/avs-test-eastus"},"type":"Microsoft.VMwareCloudSimple/virtualNetworks"},"nicType":"E1000","virtualNicId":"4002","virtualNicName":"Network
        adapter 3"}],"numberOfCores":1,"privateCloudId":"/subscriptions/00000000-0000-0000-0000-000000000000/providers/Microsoft.VMwareCloudSimple/locations/eastus/privateClouds/avs-test-eastus","provisioningState":"Succeeded","resourcePool":{"id":"/subscriptions/00000000-0000-0000-0000-000000000000/providers/Microsoft.VMwareCloudSimple/locations/eastus/privateClouds/avs-test-eastus/resourcepools/resgroup-169","location":"eastus","name":"AzCLITest","privateCloudId":"/subscriptions/00000000-0000-0000-0000-000000000000/providers/Microsoft.VMwareCloudSimple/locations/eastus/privateClouds/avs-test-eastus","properties":{"fullName":"Datacenter/Cluster/AzCLITest"},"type":"Microsoft.VMwareCloudSimple/resourcePools"},"status":"updating","templateId":"/subscriptions/00000000-0000-0000-0000-000000000000/providers/Microsoft.VMwareCloudSimple/locations/eastus/privateClouds/avs-test-eastus/virtualmachinetemplates/vm-125","vSphereNetworks":null,"vmId":"vm-1429","vmwaretools":"0"},"type":"Microsoft.VMwareCloudSimple/virtualMachines"}

        '
    headers:
      cache-control:
      - no-cache
      content-length:
      - '3522'
      content-type:
      - application/json
      date:
      - Fri, 11 Oct 2019 09:48:19 GMT
      expires:
      - '-1'
      pragma:
      - no-cache
      server:
      - nginx/1.13.12
      strict-transport-security:
      - max-age=31536000; includeSubDomains
      transfer-encoding:
      - chunked
      vary:
      - Accept-Encoding,Accept-Encoding
      x-content-type-options:
      - nosniff
      x-correlation-id:
      - f1bab172-4505-4bc2-9f59-9f2591916c1b
      x-env-name:
      - eastus-he.azure.cloudsimple.com
      x-tracing-transaction-id:
      - 2957276e3dc3a61f
    status:
      code: 200
      message: OK
- request:
    body: null
    headers:
      Accept:
      - application/json
      Accept-Encoding:
      - gzip, deflate
      CommandName:
      - vmware vm show
      Connection:
      - keep-alive
      ParameterSetName:
      - -g -n
      User-Agent:
      - python/3.6.8 (Windows-10-10.0.18362-SP0) msrest/0.6.8 msrest_azure/0.6.1 azure-mgmt-vmwarecloudsimple/0.1.0
        Azure-SDK-For-Python AZURECLI/2.0.68
      accept-language:
      - en-US
    method: GET
    uri: https://management.azure.com/subscriptions/00000000-0000-0000-0000-000000000000/resourceGroups/az_cli_cs_test/providers/Microsoft.VMwareCloudSimple/virtualMachines/cli-test000001?api-version=2019-04-01
  response:
    body:
      string: '{"id":"/subscriptions/00000000-0000-0000-0000-000000000000/resourcegroups/az_cli_cs_test/providers/microsoft.vmwarecloudsimple/virtualmachines/cli-test000001","location":"eastus","name":"cli-test000001","properties":{"amountOfRam":1024,"controllers":[{"id":"1000","name":"SCSI
        controller 0","subType":"LSI_PARALEL","type":"SCSI"},{"id":"15000","name":"SATA
        controller 0","subType":"AHCI","type":"SATA"}],"disks":[{"controllerId":"1000","independenceMode":"persistent","totalSize":16777216,"virtualDiskId":"2000","virtualDiskName":"Hard
        disk 1"}],"folder":"Datacenter","guestOS":"Ubuntu Linux (64-bit)","guestOSType":"linux","nics":[{"ipAddresses":null,"macAddress":"00:50:56:89:33:f3","network":{"assignable":true,"id":"/subscriptions/00000000-0000-0000-0000-000000000000/providers/Microsoft.VMwareCloudSimple/locations/eastus/privateClouds/avs-test-eastus/virtualnetworks/dvportgroup-85","location":"eastus","name":"Datacenter/Workload01","properties":{"privateCloudId":"/subscriptions/00000000-0000-0000-0000-000000000000/providers/Microsoft.VMwareCloudSimple/locations/eastus/privateClouds/avs-test-eastus"},"type":"Microsoft.VMwareCloudSimple/virtualNetworks"},"nicType":"VMXNET3","powerOnBoot":true,"virtualNicId":"4000","virtualNicName":"Network
        adapter 1"},{"ipAddresses":null,"macAddress":"00:50:56:89:b1:7c","network":{"assignable":true,"id":"/subscriptions/00000000-0000-0000-0000-000000000000/providers/Microsoft.VMwareCloudSimple/locations/eastus/privateClouds/avs-test-eastus/virtualnetworks/dvportgroup-85","location":"eastus","name":"Datacenter/Workload01","properties":{"privateCloudId":"/subscriptions/00000000-0000-0000-0000-000000000000/providers/Microsoft.VMwareCloudSimple/locations/eastus/privateClouds/avs-test-eastus"},"type":"Microsoft.VMwareCloudSimple/virtualNetworks"},"nicType":"VMXNET3","virtualNicId":"4001","virtualNicName":"Network
        adapter 2"},{"ipAddresses":null,"macAddress":"00:50:56:89:f0:f6","network":{"assignable":true,"id":"/subscriptions/00000000-0000-0000-0000-000000000000/providers/Microsoft.VMwareCloudSimple/locations/eastus/privateClouds/avs-test-eastus/virtualnetworks/dvportgroup-85","location":"eastus","name":"Datacenter/Workload01","properties":{"privateCloudId":"/subscriptions/00000000-0000-0000-0000-000000000000/providers/Microsoft.VMwareCloudSimple/locations/eastus/privateClouds/avs-test-eastus"},"type":"Microsoft.VMwareCloudSimple/virtualNetworks"},"nicType":"E1000","virtualNicId":"4002","virtualNicName":"Network
        adapter 3"}],"numberOfCores":1,"privateCloudId":"/subscriptions/00000000-0000-0000-0000-000000000000/providers/Microsoft.VMwareCloudSimple/locations/eastus/privateClouds/avs-test-eastus","provisioningState":"Succeeded","resourcePool":{"id":"/subscriptions/00000000-0000-0000-0000-000000000000/providers/Microsoft.VMwareCloudSimple/locations/eastus/privateClouds/avs-test-eastus/resourcepools/resgroup-169","location":"eastus","name":"AzCLITest","privateCloudId":"/subscriptions/00000000-0000-0000-0000-000000000000/providers/Microsoft.VMwareCloudSimple/locations/eastus/privateClouds/avs-test-eastus","properties":{"fullName":"Datacenter/Cluster/AzCLITest"},"type":"Microsoft.VMwareCloudSimple/resourcePools"},"status":"updating","templateId":"/subscriptions/00000000-0000-0000-0000-000000000000/providers/Microsoft.VMwareCloudSimple/locations/eastus/privateClouds/avs-test-eastus/virtualmachinetemplates/vm-125","vSphereNetworks":null,"vmId":"vm-1429","vmwaretools":"0"},"type":"Microsoft.VMwareCloudSimple/virtualMachines"}

        '
    headers:
      cache-control:
      - no-cache
      content-length:
      - '3522'
      content-type:
      - application/json
      date:
      - Fri, 11 Oct 2019 09:48:20 GMT
      expires:
      - '-1'
      pragma:
      - no-cache
      server:
      - nginx/1.13.12
      strict-transport-security:
      - max-age=31536000; includeSubDomains
      transfer-encoding:
      - chunked
      vary:
      - Accept-Encoding,Accept-Encoding
      x-content-type-options:
      - nosniff
      x-correlation-id:
      - 9bf8adc1-459f-463c-bf1b-9aec3db2d708
      x-env-name:
      - eastus-he.azure.cloudsimple.com
      x-tracing-transaction-id:
      - 3e5bdb2e697dcf90
    status:
      code: 200
      message: OK
- request:
    body: null
    headers:
      Accept:
      - application/json
      Accept-Encoding:
      - gzip, deflate
      CommandName:
      - vmware vm show
      Connection:
      - keep-alive
      ParameterSetName:
      - -g -n
      User-Agent:
      - python/3.6.8 (Windows-10-10.0.18362-SP0) msrest/0.6.8 msrest_azure/0.6.1 azure-mgmt-vmwarecloudsimple/0.1.0
        Azure-SDK-For-Python AZURECLI/2.0.68
      accept-language:
      - en-US
    method: GET
    uri: https://management.azure.com/subscriptions/00000000-0000-0000-0000-000000000000/resourceGroups/az_cli_cs_test/providers/Microsoft.VMwareCloudSimple/virtualMachines/cli-test000001?api-version=2019-04-01
  response:
    body:
      string: '{"id":"/subscriptions/00000000-0000-0000-0000-000000000000/resourcegroups/az_cli_cs_test/providers/microsoft.vmwarecloudsimple/virtualmachines/cli-test000001","location":"eastus","name":"cli-test000001","properties":{"amountOfRam":1024,"controllers":[{"id":"1000","name":"SCSI
        controller 0","subType":"LSI_PARALEL","type":"SCSI"},{"id":"15000","name":"SATA
        controller 0","subType":"AHCI","type":"SATA"}],"disks":[{"controllerId":"1000","independenceMode":"persistent","totalSize":16777216,"virtualDiskId":"2000","virtualDiskName":"Hard
        disk 1"}],"folder":"Datacenter","guestOS":"Ubuntu Linux (64-bit)","guestOSType":"linux","nics":[{"ipAddresses":null,"macAddress":"00:50:56:89:33:f3","network":{"assignable":true,"id":"/subscriptions/00000000-0000-0000-0000-000000000000/providers/Microsoft.VMwareCloudSimple/locations/eastus/privateClouds/avs-test-eastus/virtualnetworks/dvportgroup-85","location":"eastus","name":"Datacenter/Workload01","properties":{"privateCloudId":"/subscriptions/00000000-0000-0000-0000-000000000000/providers/Microsoft.VMwareCloudSimple/locations/eastus/privateClouds/avs-test-eastus"},"type":"Microsoft.VMwareCloudSimple/virtualNetworks"},"nicType":"VMXNET3","powerOnBoot":true,"virtualNicId":"4000","virtualNicName":"Network
        adapter 1"},{"ipAddresses":null,"macAddress":"00:50:56:89:b1:7c","network":{"assignable":true,"id":"/subscriptions/00000000-0000-0000-0000-000000000000/providers/Microsoft.VMwareCloudSimple/locations/eastus/privateClouds/avs-test-eastus/virtualnetworks/dvportgroup-85","location":"eastus","name":"Datacenter/Workload01","properties":{"privateCloudId":"/subscriptions/00000000-0000-0000-0000-000000000000/providers/Microsoft.VMwareCloudSimple/locations/eastus/privateClouds/avs-test-eastus"},"type":"Microsoft.VMwareCloudSimple/virtualNetworks"},"nicType":"VMXNET3","virtualNicId":"4001","virtualNicName":"Network
        adapter 2"},{"ipAddresses":null,"macAddress":"00:50:56:89:f0:f6","network":{"assignable":true,"id":"/subscriptions/00000000-0000-0000-0000-000000000000/providers/Microsoft.VMwareCloudSimple/locations/eastus/privateClouds/avs-test-eastus/virtualnetworks/dvportgroup-85","location":"eastus","name":"Datacenter/Workload01","properties":{"privateCloudId":"/subscriptions/00000000-0000-0000-0000-000000000000/providers/Microsoft.VMwareCloudSimple/locations/eastus/privateClouds/avs-test-eastus"},"type":"Microsoft.VMwareCloudSimple/virtualNetworks"},"nicType":"E1000","virtualNicId":"4002","virtualNicName":"Network
        adapter 3"}],"numberOfCores":1,"privateCloudId":"/subscriptions/00000000-0000-0000-0000-000000000000/providers/Microsoft.VMwareCloudSimple/locations/eastus/privateClouds/avs-test-eastus","provisioningState":"Succeeded","resourcePool":{"id":"/subscriptions/00000000-0000-0000-0000-000000000000/providers/Microsoft.VMwareCloudSimple/locations/eastus/privateClouds/avs-test-eastus/resourcepools/resgroup-169","location":"eastus","name":"AzCLITest","privateCloudId":"/subscriptions/00000000-0000-0000-0000-000000000000/providers/Microsoft.VMwareCloudSimple/locations/eastus/privateClouds/avs-test-eastus","properties":{"fullName":"Datacenter/Cluster/AzCLITest"},"type":"Microsoft.VMwareCloudSimple/resourcePools"},"status":"updating","templateId":"/subscriptions/00000000-0000-0000-0000-000000000000/providers/Microsoft.VMwareCloudSimple/locations/eastus/privateClouds/avs-test-eastus/virtualmachinetemplates/vm-125","vSphereNetworks":null,"vmId":"vm-1429","vmwaretools":"0"},"type":"Microsoft.VMwareCloudSimple/virtualMachines"}

        '
    headers:
      cache-control:
      - no-cache
      content-length:
      - '3522'
      content-type:
      - application/json
      date:
      - Fri, 11 Oct 2019 09:48:21 GMT
      expires:
      - '-1'
      pragma:
      - no-cache
      server:
      - nginx/1.13.12
      strict-transport-security:
      - max-age=31536000; includeSubDomains
      transfer-encoding:
      - chunked
      vary:
      - Accept-Encoding,Accept-Encoding
      x-content-type-options:
      - nosniff
      x-correlation-id:
      - 84c07a06-988f-443e-b70a-4dd75dbe0357
      x-env-name:
      - eastus-he.azure.cloudsimple.com
      x-tracing-transaction-id:
      - 58b171bda1192b38
    status:
      code: 200
      message: OK
- request:
    body: null
    headers:
      Accept:
      - application/json
      Accept-Encoding:
      - gzip, deflate
      CommandName:
      - vmware vm show
      Connection:
      - keep-alive
      ParameterSetName:
      - -g -n
      User-Agent:
      - python/3.6.8 (Windows-10-10.0.18362-SP0) msrest/0.6.8 msrest_azure/0.6.1 azure-mgmt-vmwarecloudsimple/0.1.0
        Azure-SDK-For-Python AZURECLI/2.0.68
      accept-language:
      - en-US
    method: GET
    uri: https://management.azure.com/subscriptions/00000000-0000-0000-0000-000000000000/resourceGroups/az_cli_cs_test/providers/Microsoft.VMwareCloudSimple/virtualMachines/cli-test000001?api-version=2019-04-01
  response:
    body:
      string: '{"id":"/subscriptions/00000000-0000-0000-0000-000000000000/resourcegroups/az_cli_cs_test/providers/microsoft.vmwarecloudsimple/virtualmachines/cli-test000001","location":"eastus","name":"cli-test000001","properties":{"amountOfRam":1024,"controllers":[{"id":"1000","name":"SCSI
        controller 0","subType":"LSI_PARALEL","type":"SCSI"},{"id":"15000","name":"SATA
        controller 0","subType":"AHCI","type":"SATA"}],"disks":[{"controllerId":"1000","independenceMode":"persistent","totalSize":16777216,"virtualDiskId":"2000","virtualDiskName":"Hard
        disk 1"}],"folder":"Datacenter","guestOS":"Ubuntu Linux (64-bit)","guestOSType":"linux","nics":[{"ipAddresses":null,"macAddress":"00:50:56:89:33:f3","network":{"assignable":true,"id":"/subscriptions/00000000-0000-0000-0000-000000000000/providers/Microsoft.VMwareCloudSimple/locations/eastus/privateClouds/avs-test-eastus/virtualnetworks/dvportgroup-85","location":"eastus","name":"Datacenter/Workload01","properties":{"privateCloudId":"/subscriptions/00000000-0000-0000-0000-000000000000/providers/Microsoft.VMwareCloudSimple/locations/eastus/privateClouds/avs-test-eastus"},"type":"Microsoft.VMwareCloudSimple/virtualNetworks"},"nicType":"VMXNET3","powerOnBoot":true,"virtualNicId":"4000","virtualNicName":"Network
        adapter 1"},{"ipAddresses":null,"macAddress":"00:50:56:89:b1:7c","network":{"assignable":true,"id":"/subscriptions/00000000-0000-0000-0000-000000000000/providers/Microsoft.VMwareCloudSimple/locations/eastus/privateClouds/avs-test-eastus/virtualnetworks/dvportgroup-85","location":"eastus","name":"Datacenter/Workload01","properties":{"privateCloudId":"/subscriptions/00000000-0000-0000-0000-000000000000/providers/Microsoft.VMwareCloudSimple/locations/eastus/privateClouds/avs-test-eastus"},"type":"Microsoft.VMwareCloudSimple/virtualNetworks"},"nicType":"VMXNET3","virtualNicId":"4001","virtualNicName":"Network
        adapter 2"},{"ipAddresses":null,"macAddress":"00:50:56:89:f0:f6","network":{"assignable":true,"id":"/subscriptions/00000000-0000-0000-0000-000000000000/providers/Microsoft.VMwareCloudSimple/locations/eastus/privateClouds/avs-test-eastus/virtualnetworks/dvportgroup-85","location":"eastus","name":"Datacenter/Workload01","properties":{"privateCloudId":"/subscriptions/00000000-0000-0000-0000-000000000000/providers/Microsoft.VMwareCloudSimple/locations/eastus/privateClouds/avs-test-eastus"},"type":"Microsoft.VMwareCloudSimple/virtualNetworks"},"nicType":"E1000","virtualNicId":"4002","virtualNicName":"Network
        adapter 3"}],"numberOfCores":1,"privateCloudId":"/subscriptions/00000000-0000-0000-0000-000000000000/providers/Microsoft.VMwareCloudSimple/locations/eastus/privateClouds/avs-test-eastus","provisioningState":"Succeeded","resourcePool":{"id":"/subscriptions/00000000-0000-0000-0000-000000000000/providers/Microsoft.VMwareCloudSimple/locations/eastus/privateClouds/avs-test-eastus/resourcepools/resgroup-169","location":"eastus","name":"AzCLITest","privateCloudId":"/subscriptions/00000000-0000-0000-0000-000000000000/providers/Microsoft.VMwareCloudSimple/locations/eastus/privateClouds/avs-test-eastus","properties":{"fullName":"Datacenter/Cluster/AzCLITest"},"type":"Microsoft.VMwareCloudSimple/resourcePools"},"status":"updating","templateId":"/subscriptions/00000000-0000-0000-0000-000000000000/providers/Microsoft.VMwareCloudSimple/locations/eastus/privateClouds/avs-test-eastus/virtualmachinetemplates/vm-125","vSphereNetworks":null,"vmId":"vm-1429","vmwaretools":"0"},"type":"Microsoft.VMwareCloudSimple/virtualMachines"}

        '
    headers:
      cache-control:
      - no-cache
      content-length:
      - '3522'
      content-type:
      - application/json
      date:
      - Fri, 11 Oct 2019 09:48:23 GMT
      expires:
      - '-1'
      pragma:
      - no-cache
      server:
      - nginx/1.13.12
      strict-transport-security:
      - max-age=31536000; includeSubDomains
      transfer-encoding:
      - chunked
      vary:
      - Accept-Encoding,Accept-Encoding
      x-content-type-options:
      - nosniff
      x-correlation-id:
      - 1578ae61-f844-4d17-a467-9979bee9e12b
      x-env-name:
      - eastus-he.azure.cloudsimple.com
      x-tracing-transaction-id:
      - 5a39c3e9bf3c32f
    status:
      code: 200
      message: OK
- request:
    body: null
    headers:
      Accept:
      - application/json
      Accept-Encoding:
      - gzip, deflate
      CommandName:
      - vmware vm show
      Connection:
      - keep-alive
      ParameterSetName:
      - -g -n
      User-Agent:
      - python/3.6.8 (Windows-10-10.0.18362-SP0) msrest/0.6.8 msrest_azure/0.6.1 azure-mgmt-vmwarecloudsimple/0.1.0
        Azure-SDK-For-Python AZURECLI/2.0.68
      accept-language:
      - en-US
    method: GET
    uri: https://management.azure.com/subscriptions/00000000-0000-0000-0000-000000000000/resourceGroups/az_cli_cs_test/providers/Microsoft.VMwareCloudSimple/virtualMachines/cli-test000001?api-version=2019-04-01
  response:
    body:
      string: '{"id":"/subscriptions/00000000-0000-0000-0000-000000000000/resourcegroups/az_cli_cs_test/providers/microsoft.vmwarecloudsimple/virtualmachines/cli-test000001","location":"eastus","name":"cli-test000001","properties":{"amountOfRam":1024,"controllers":[{"id":"1000","name":"SCSI
        controller 0","subType":"LSI_PARALEL","type":"SCSI"},{"id":"15000","name":"SATA
        controller 0","subType":"AHCI","type":"SATA"}],"disks":[{"controllerId":"1000","independenceMode":"persistent","totalSize":16777216,"virtualDiskId":"2000","virtualDiskName":"Hard
        disk 1"}],"folder":"Datacenter","guestOS":"Ubuntu Linux (64-bit)","guestOSType":"linux","nics":[{"ipAddresses":null,"macAddress":"00:50:56:89:33:f3","network":{"assignable":true,"id":"/subscriptions/00000000-0000-0000-0000-000000000000/providers/Microsoft.VMwareCloudSimple/locations/eastus/privateClouds/avs-test-eastus/virtualnetworks/dvportgroup-85","location":"eastus","name":"Datacenter/Workload01","properties":{"privateCloudId":"/subscriptions/00000000-0000-0000-0000-000000000000/providers/Microsoft.VMwareCloudSimple/locations/eastus/privateClouds/avs-test-eastus"},"type":"Microsoft.VMwareCloudSimple/virtualNetworks"},"nicType":"VMXNET3","powerOnBoot":true,"virtualNicId":"4000","virtualNicName":"Network
        adapter 1"},{"ipAddresses":null,"macAddress":"00:50:56:89:b1:7c","network":{"assignable":true,"id":"/subscriptions/00000000-0000-0000-0000-000000000000/providers/Microsoft.VMwareCloudSimple/locations/eastus/privateClouds/avs-test-eastus/virtualnetworks/dvportgroup-85","location":"eastus","name":"Datacenter/Workload01","properties":{"privateCloudId":"/subscriptions/00000000-0000-0000-0000-000000000000/providers/Microsoft.VMwareCloudSimple/locations/eastus/privateClouds/avs-test-eastus"},"type":"Microsoft.VMwareCloudSimple/virtualNetworks"},"nicType":"VMXNET3","virtualNicId":"4001","virtualNicName":"Network
        adapter 2"},{"ipAddresses":null,"macAddress":"00:50:56:89:f0:f6","network":{"assignable":true,"id":"/subscriptions/00000000-0000-0000-0000-000000000000/providers/Microsoft.VMwareCloudSimple/locations/eastus/privateClouds/avs-test-eastus/virtualnetworks/dvportgroup-85","location":"eastus","name":"Datacenter/Workload01","properties":{"privateCloudId":"/subscriptions/00000000-0000-0000-0000-000000000000/providers/Microsoft.VMwareCloudSimple/locations/eastus/privateClouds/avs-test-eastus"},"type":"Microsoft.VMwareCloudSimple/virtualNetworks"},"nicType":"E1000","virtualNicId":"4002","virtualNicName":"Network
        adapter 3"}],"numberOfCores":1,"privateCloudId":"/subscriptions/00000000-0000-0000-0000-000000000000/providers/Microsoft.VMwareCloudSimple/locations/eastus/privateClouds/avs-test-eastus","provisioningState":"Succeeded","resourcePool":{"id":"/subscriptions/00000000-0000-0000-0000-000000000000/providers/Microsoft.VMwareCloudSimple/locations/eastus/privateClouds/avs-test-eastus/resourcepools/resgroup-169","location":"eastus","name":"AzCLITest","privateCloudId":"/subscriptions/00000000-0000-0000-0000-000000000000/providers/Microsoft.VMwareCloudSimple/locations/eastus/privateClouds/avs-test-eastus","properties":{"fullName":"Datacenter/Cluster/AzCLITest"},"type":"Microsoft.VMwareCloudSimple/resourcePools"},"status":"updating","templateId":"/subscriptions/00000000-0000-0000-0000-000000000000/providers/Microsoft.VMwareCloudSimple/locations/eastus/privateClouds/avs-test-eastus/virtualmachinetemplates/vm-125","vSphereNetworks":null,"vmId":"vm-1429","vmwaretools":"0"},"type":"Microsoft.VMwareCloudSimple/virtualMachines"}

        '
    headers:
      cache-control:
      - no-cache
      content-length:
      - '3522'
      content-type:
      - application/json
      date:
      - Fri, 11 Oct 2019 09:48:23 GMT
      expires:
      - '-1'
      pragma:
      - no-cache
      server:
      - nginx/1.13.12
      strict-transport-security:
      - max-age=31536000; includeSubDomains
      transfer-encoding:
      - chunked
      vary:
      - Accept-Encoding,Accept-Encoding
      x-content-type-options:
      - nosniff
      x-correlation-id:
      - 6fe1ce84-db22-4dbf-bfd5-aa0e5341935d
      x-env-name:
      - eastus-he.azure.cloudsimple.com
      x-tracing-transaction-id:
      - 18d3c6ea00984ed6
    status:
      code: 200
      message: OK
- request:
    body: null
    headers:
      Accept:
      - application/json
      Accept-Encoding:
      - gzip, deflate
      CommandName:
      - vmware vm show
      Connection:
      - keep-alive
      ParameterSetName:
      - -g -n
      User-Agent:
      - python/3.6.8 (Windows-10-10.0.18362-SP0) msrest/0.6.8 msrest_azure/0.6.1 azure-mgmt-vmwarecloudsimple/0.1.0
        Azure-SDK-For-Python AZURECLI/2.0.68
      accept-language:
      - en-US
    method: GET
    uri: https://management.azure.com/subscriptions/00000000-0000-0000-0000-000000000000/resourceGroups/az_cli_cs_test/providers/Microsoft.VMwareCloudSimple/virtualMachines/cli-test000001?api-version=2019-04-01
  response:
    body:
      string: '{"id":"/subscriptions/00000000-0000-0000-0000-000000000000/resourcegroups/az_cli_cs_test/providers/microsoft.vmwarecloudsimple/virtualmachines/cli-test000001","location":"eastus","name":"cli-test000001","properties":{"amountOfRam":1024,"controllers":[{"id":"1000","name":"SCSI
        controller 0","subType":"LSI_PARALEL","type":"SCSI"},{"id":"15000","name":"SATA
        controller 0","subType":"AHCI","type":"SATA"}],"disks":[{"controllerId":"1000","independenceMode":"persistent","totalSize":16777216,"virtualDiskId":"2000","virtualDiskName":"Hard
        disk 1"}],"folder":"Datacenter","guestOS":"Ubuntu Linux (64-bit)","guestOSType":"linux","nics":[{"ipAddresses":null,"macAddress":"00:50:56:89:f0:f6","network":{"assignable":true,"id":"/subscriptions/00000000-0000-0000-0000-000000000000/providers/Microsoft.VMwareCloudSimple/locations/eastus/privateClouds/avs-test-eastus/virtualnetworks/dvportgroup-85","location":"eastus","name":"Datacenter/Workload01","properties":{"privateCloudId":"/subscriptions/00000000-0000-0000-0000-000000000000/providers/Microsoft.VMwareCloudSimple/locations/eastus/privateClouds/avs-test-eastus"},"type":"Microsoft.VMwareCloudSimple/virtualNetworks"},"nicType":"E1000","virtualNicId":"4002","virtualNicName":"Network
        adapter 3"}],"numberOfCores":1,"privateCloudId":"/subscriptions/00000000-0000-0000-0000-000000000000/providers/Microsoft.VMwareCloudSimple/locations/eastus/privateClouds/avs-test-eastus","provisioningState":"Succeeded","resourcePool":{"id":"/subscriptions/00000000-0000-0000-0000-000000000000/providers/Microsoft.VMwareCloudSimple/locations/eastus/privateClouds/avs-test-eastus/resourcepools/resgroup-169","location":"eastus","name":"AzCLITest","privateCloudId":"/subscriptions/00000000-0000-0000-0000-000000000000/providers/Microsoft.VMwareCloudSimple/locations/eastus/privateClouds/avs-test-eastus","properties":{"fullName":"Datacenter/Cluster/AzCLITest"},"type":"Microsoft.VMwareCloudSimple/resourcePools"},"status":"running","templateId":"/subscriptions/00000000-0000-0000-0000-000000000000/providers/Microsoft.VMwareCloudSimple/locations/eastus/privateClouds/avs-test-eastus/virtualmachinetemplates/vm-125","vSphereNetworks":null,"vmId":"vm-1429","vmwaretools":"0"},"type":"Microsoft.VMwareCloudSimple/virtualMachines"}

        '
    headers:
      cache-control:
      - no-cache
      content-length:
      - '2276'
      content-type:
      - application/json
      date:
      - Fri, 11 Oct 2019 09:48:25 GMT
      expires:
      - '-1'
      pragma:
      - no-cache
      server:
      - nginx/1.13.12
      strict-transport-security:
      - max-age=31536000; includeSubDomains
      transfer-encoding:
      - chunked
      vary:
      - Accept-Encoding,Accept-Encoding
      x-content-type-options:
      - nosniff
      x-correlation-id:
      - b88459e5-9040-47f2-9c4a-bfaa20a966e2
      x-env-name:
      - eastus-he.azure.cloudsimple.com
      x-tracing-transaction-id:
      - 6f291539cc9989c4
    status:
      code: 200
      message: OK
- request:
    body: null
    headers:
      Accept:
      - application/json
      Accept-Encoding:
      - gzip, deflate
      CommandName:
      - vmware vm nic add
      Connection:
      - keep-alive
      ParameterSetName:
      - -g --vm-name --virtual-network
      User-Agent:
      - python/3.6.8 (Windows-10-10.0.18362-SP0) msrest/0.6.8 msrest_azure/0.6.1 azure-mgmt-vmwarecloudsimple/0.1.0
        Azure-SDK-For-Python AZURECLI/2.0.68
      accept-language:
      - en-US
    method: GET
    uri: https://management.azure.com/subscriptions/00000000-0000-0000-0000-000000000000/resourceGroups/az_cli_cs_test/providers/Microsoft.VMwareCloudSimple/virtualMachines/cli-test000001?api-version=2019-04-01
  response:
    body:
      string: '{"id":"/subscriptions/00000000-0000-0000-0000-000000000000/resourcegroups/az_cli_cs_test/providers/microsoft.vmwarecloudsimple/virtualmachines/cli-test000001","location":"eastus","name":"cli-test000001","properties":{"amountOfRam":1024,"controllers":[{"id":"1000","name":"SCSI
        controller 0","subType":"LSI_PARALEL","type":"SCSI"},{"id":"15000","name":"SATA
        controller 0","subType":"AHCI","type":"SATA"}],"disks":[{"controllerId":"1000","independenceMode":"persistent","totalSize":16777216,"virtualDiskId":"2000","virtualDiskName":"Hard
        disk 1"}],"folder":"Datacenter","guestOS":"Ubuntu Linux (64-bit)","guestOSType":"linux","nics":[{"ipAddresses":null,"macAddress":"00:50:56:89:f0:f6","network":{"assignable":true,"id":"/subscriptions/00000000-0000-0000-0000-000000000000/providers/Microsoft.VMwareCloudSimple/locations/eastus/privateClouds/avs-test-eastus/virtualnetworks/dvportgroup-85","location":"eastus","name":"Datacenter/Workload01","properties":{"privateCloudId":"/subscriptions/00000000-0000-0000-0000-000000000000/providers/Microsoft.VMwareCloudSimple/locations/eastus/privateClouds/avs-test-eastus"},"type":"Microsoft.VMwareCloudSimple/virtualNetworks"},"nicType":"E1000","virtualNicId":"4002","virtualNicName":"Network
        adapter 3"}],"numberOfCores":1,"privateCloudId":"/subscriptions/00000000-0000-0000-0000-000000000000/providers/Microsoft.VMwareCloudSimple/locations/eastus/privateClouds/avs-test-eastus","provisioningState":"Succeeded","resourcePool":{"id":"/subscriptions/00000000-0000-0000-0000-000000000000/providers/Microsoft.VMwareCloudSimple/locations/eastus/privateClouds/avs-test-eastus/resourcepools/resgroup-169","location":"eastus","name":"AzCLITest","privateCloudId":"/subscriptions/00000000-0000-0000-0000-000000000000/providers/Microsoft.VMwareCloudSimple/locations/eastus/privateClouds/avs-test-eastus","properties":{"fullName":"Datacenter/Cluster/AzCLITest"},"type":"Microsoft.VMwareCloudSimple/resourcePools"},"status":"running","templateId":"/subscriptions/00000000-0000-0000-0000-000000000000/providers/Microsoft.VMwareCloudSimple/locations/eastus/privateClouds/avs-test-eastus/virtualmachinetemplates/vm-125","vSphereNetworks":null,"vmId":"vm-1429","vmwaretools":"0"},"type":"Microsoft.VMwareCloudSimple/virtualMachines"}

        '
    headers:
      cache-control:
      - no-cache
      content-length:
      - '2276'
      content-type:
      - application/json
      date:
      - Fri, 11 Oct 2019 09:48:26 GMT
      expires:
      - '-1'
      pragma:
      - no-cache
      server:
      - nginx/1.13.12
      strict-transport-security:
      - max-age=31536000; includeSubDomains
      transfer-encoding:
      - chunked
      vary:
      - Accept-Encoding,Accept-Encoding
      x-content-type-options:
      - nosniff
      x-correlation-id:
      - 2bf69ca6-f501-4937-a92e-4ce15425166e
      x-env-name:
      - eastus-he.azure.cloudsimple.com
      x-tracing-transaction-id:
      - 75708de615c804e7
    status:
      code: 200
      message: OK
- request:
    body: null
    headers:
      Accept:
      - application/json
      Accept-Encoding:
      - gzip, deflate
      CommandName:
      - vmware vm nic add
      Connection:
      - keep-alive
      ParameterSetName:
      - -g --vm-name --virtual-network
      User-Agent:
      - python/3.6.8 (Windows-10-10.0.18362-SP0) msrest/0.6.8 msrest_azure/0.6.1 azure-mgmt-vmwarecloudsimple/0.1.0
        Azure-SDK-For-Python AZURECLI/2.0.68
      accept-language:
      - en-US
    method: GET
    uri: https://management.azure.com/subscriptions/00000000-0000-0000-0000-000000000000/resourceGroups/az_cli_cs_test/providers/Microsoft.VMwareCloudSimple/virtualMachines/cli-test000001?api-version=2019-04-01
  response:
    body:
      string: '{"id":"/subscriptions/00000000-0000-0000-0000-000000000000/resourcegroups/az_cli_cs_test/providers/microsoft.vmwarecloudsimple/virtualmachines/cli-test000001","location":"eastus","name":"cli-test000001","properties":{"amountOfRam":1024,"controllers":[{"id":"1000","name":"SCSI
        controller 0","subType":"LSI_PARALEL","type":"SCSI"},{"id":"15000","name":"SATA
        controller 0","subType":"AHCI","type":"SATA"}],"disks":[{"controllerId":"1000","independenceMode":"persistent","totalSize":16777216,"virtualDiskId":"2000","virtualDiskName":"Hard
        disk 1"}],"folder":"Datacenter","guestOS":"Ubuntu Linux (64-bit)","guestOSType":"linux","nics":[{"ipAddresses":null,"macAddress":"00:50:56:89:f0:f6","network":{"assignable":true,"id":"/subscriptions/00000000-0000-0000-0000-000000000000/providers/Microsoft.VMwareCloudSimple/locations/eastus/privateClouds/avs-test-eastus/virtualnetworks/dvportgroup-85","location":"eastus","name":"Datacenter/Workload01","properties":{"privateCloudId":"/subscriptions/00000000-0000-0000-0000-000000000000/providers/Microsoft.VMwareCloudSimple/locations/eastus/privateClouds/avs-test-eastus"},"type":"Microsoft.VMwareCloudSimple/virtualNetworks"},"nicType":"E1000","virtualNicId":"4002","virtualNicName":"Network
        adapter 3"}],"numberOfCores":1,"privateCloudId":"/subscriptions/00000000-0000-0000-0000-000000000000/providers/Microsoft.VMwareCloudSimple/locations/eastus/privateClouds/avs-test-eastus","provisioningState":"Succeeded","resourcePool":{"id":"/subscriptions/00000000-0000-0000-0000-000000000000/providers/Microsoft.VMwareCloudSimple/locations/eastus/privateClouds/avs-test-eastus/resourcepools/resgroup-169","location":"eastus","name":"AzCLITest","privateCloudId":"/subscriptions/00000000-0000-0000-0000-000000000000/providers/Microsoft.VMwareCloudSimple/locations/eastus/privateClouds/avs-test-eastus","properties":{"fullName":"Datacenter/Cluster/AzCLITest"},"type":"Microsoft.VMwareCloudSimple/resourcePools"},"status":"running","templateId":"/subscriptions/00000000-0000-0000-0000-000000000000/providers/Microsoft.VMwareCloudSimple/locations/eastus/privateClouds/avs-test-eastus/virtualmachinetemplates/vm-125","vSphereNetworks":null,"vmId":"vm-1429","vmwaretools":"0"},"type":"Microsoft.VMwareCloudSimple/virtualMachines"}

        '
    headers:
      cache-control:
      - no-cache
      content-length:
      - '2276'
      content-type:
      - application/json
      date:
      - Fri, 11 Oct 2019 09:48:27 GMT
      expires:
      - '-1'
      pragma:
      - no-cache
      server:
      - nginx/1.13.12
      strict-transport-security:
      - max-age=31536000; includeSubDomains
      transfer-encoding:
      - chunked
      vary:
      - Accept-Encoding,Accept-Encoding
      x-content-type-options:
      - nosniff
      x-correlation-id:
      - 7c973410-e0c3-4d1c-99a9-0b25b91ebe03
      x-env-name:
      - eastus-he.azure.cloudsimple.com
      x-tracing-transaction-id:
      - 92069723f4c68e8
    status:
      code: 200
      message: OK
- request:
    body: '{"location": "eastus", "properties": {"amountOfRam": 1024, "disks": [{"controllerId":
      "1000", "independenceMode": "persistent", "totalSize": 16777216, "virtualDiskId":
      "2000"}], "nics": [{"macAddress": "00:50:56:89:f0:f6", "network": {"id": "/subscriptions/00000000-0000-0000-0000-000000000000/providers/Microsoft.VMwareCloudSimple/locations/eastus/privateClouds/avs-test-eastus/virtualnetworks/dvportgroup-85"},
      "nicType": "E1000", "virtualNicId": "4002"}, {"network": {"id": "/subscriptions/00000000-0000-0000-0000-000000000000/providers/Microsoft.VMwareCloudSimple/locations/eastus/privateClouds/avs-test-eastus/virtualnetworks/dvportgroup-85"},
      "nicType": "VMXNET3", "powerOnBoot": false}], "numberOfCores": 1, "privateCloudId":
      "/subscriptions/00000000-0000-0000-0000-000000000000/providers/Microsoft.VMwareCloudSimple/locations/eastus/privateClouds/avs-test-eastus",
      "resourcePool": {"id": "/subscriptions/00000000-0000-0000-0000-000000000000/providers/Microsoft.VMwareCloudSimple/locations/eastus/privateClouds/avs-test-eastus/resourcepools/resgroup-169"},
      "templateId": "/subscriptions/00000000-0000-0000-0000-000000000000/providers/Microsoft.VMwareCloudSimple/locations/eastus/privateClouds/avs-test-eastus/virtualmachinetemplates/vm-125"}}'
    headers:
      Accept:
      - application/json
      Accept-Encoding:
      - gzip, deflate
      CommandName:
      - vmware vm nic add
      Connection:
      - keep-alive
      Content-Length:
      - '1249'
      Content-Type:
      - application/json; charset=utf-8
      ParameterSetName:
      - -g --vm-name --virtual-network
      Referer:
      - https://management.azure.com/
      User-Agent:
      - python/3.6.8 (Windows-10-10.0.18362-SP0) msrest/0.6.8 msrest_azure/0.6.1 azure-mgmt-vmwarecloudsimple/0.1.0
        Azure-SDK-For-Python AZURECLI/2.0.68
      accept-language:
      - en-US
    method: PUT
    uri: https://management.azure.com/subscriptions/00000000-0000-0000-0000-000000000000/resourceGroups/az_cli_cs_test/providers/Microsoft.VMwareCloudSimple/virtualMachines/cli-test000001?api-version=2019-04-01
  response:
    body:
      string: '{"id":"/subscriptions/00000000-0000-0000-0000-000000000000/resourcegroups/az_cli_cs_test/providers/microsoft.vmwarecloudsimple/virtualmachines/cli-test000001","location":"eastus","name":"cli-test000001","properties":{"amountOfRam":1024,"controllers":[{"id":"1000","name":"SCSI
        controller 0","subType":"LSI_PARALEL","type":"SCSI"},{"id":"15000","name":"SATA
        controller 0","subType":"AHCI","type":"SATA"}],"disks":[{"controllerId":"1000","independenceMode":"persistent","totalSize":16777216,"virtualDiskId":"2000","virtualDiskName":"Hard
        disk 1"}],"guestOS":"Ubuntu Linux (64-bit)","guestOSType":"linux","nics":[{"ipAddresses":null,"macAddress":"00:50:56:89:f0:f6","network":{"id":"45d858d8-20e2-4776-a14b-96e1e3ab7327:dvportgroup-85"},"nicType":"E1000","virtualNicId":"4002","virtualNicName":"Network
        adapter 3"}],"numberOfCores":1,"privateCloudId":"45d858d8-20e2-4776-a14b-96e1e3ab7327","provisioningState":"Succeeded","resourcePool":{"id":"45d858d8-20e2-4776-a14b-96e1e3ab7327:resgroup-169"},"status":"updating","templateId":"45d858d8-20e2-4776-a14b-96e1e3ab7327:vm-125","vSphereNetworks":null,"vmId":"vm-1429","vmwaretools":"0"},"type":"Microsoft.VMwareCloudSimple/virtualMachines"}

        '
    headers:
      azure-asyncoperation:
      - https://management.azure.com/subscriptions/00000000-0000-0000-0000-000000000000/providers/microsoft.vmwarecloudsimple/locations/eastus/operationresults/46888cdd-ec0c-11e9-82a6-f24a2f63ee2d?api-version=2019-04-01
      cache-control:
      - no-cache
      content-length:
      - '1205'
      content-type:
      - application/json
      date:
      - Fri, 11 Oct 2019 09:48:28 GMT
      expires:
      - '-1'
      pragma:
      - no-cache
      server:
      - nginx/1.13.12
      strict-transport-security:
      - max-age=31536000; includeSubDomains
      transfer-encoding:
      - chunked
      vary:
      - Accept-Encoding,Accept-Encoding
      x-content-type-options:
      - nosniff
      x-correlation-id:
      - 46539146-f6a5-4f58-81f3-0102ff314eba
      x-env-name:
      - eastus-he.azure.cloudsimple.com
      x-ms-ratelimit-remaining-subscription-writes:
      - '1198'
      x-tracing-transaction-id:
      - 8050e3c1f90c7ba
    status:
      code: 200
      message: OK
- request:
    body: null
    headers:
      Accept:
      - application/json
      Accept-Encoding:
      - gzip, deflate
      CommandName:
      - vmware vm nic delete
      Connection:
      - keep-alive
      ParameterSetName:
      - -g --vm-name --nics
      User-Agent:
      - python/3.6.8 (Windows-10-10.0.18362-SP0) msrest/0.6.8 msrest_azure/0.6.1 azure-mgmt-vmwarecloudsimple/0.1.0
        Azure-SDK-For-Python AZURECLI/2.0.68
    method: GET
    uri: https://management.azure.com/subscriptions/00000000-0000-0000-0000-000000000000/providers/microsoft.vmwarecloudsimple/locations/eastus/operationresults/3caea976-ec0c-11e9-ada2-62d45efc9b66?api-version=2019-04-01
  response:
    body:
      string: '{"endTime":"2019-10-11T09:48:25.019Z","id":"/subscriptions/00000000-0000-0000-0000-000000000000/providers/microsoft.vmwarecloudsimple/locations/eastus/operationresults/3caea976-ec0c-11e9-ada2-62d45efc9b66","name":"3caea976-ec0c-11e9-ada2-62d45efc9b66","startTime":"2019-10-11T09:48:11.335Z","status":"Succeeded"}

        '
    headers:
      cache-control:
      - no-cache
      content-length:
      - '313'
      content-type:
      - application/json
      date:
      - Fri, 11 Oct 2019 09:48:41 GMT
      expires:
      - '-1'
      pragma:
      - no-cache
      server:
      - nginx/1.13.12
      strict-transport-security:
      - max-age=31536000; includeSubDomains
      transfer-encoding:
      - chunked
      vary:
      - Accept-Encoding,Accept-Encoding
      x-content-type-options:
      - nosniff
      x-correlation-id:
      - 816718c9-8fa0-4aae-a4b8-12626ea4cfa9
      x-env-name:
      - eastus-he.azure.cloudsimple.com
      x-tracing-transaction-id:
      - 74af4d9e3230695e
    status:
      code: 200
      message: OK
- request:
    body: null
    headers:
      Accept:
      - application/json
      Accept-Encoding:
      - gzip, deflate
      CommandName:
      - vmware vm nic delete
      Connection:
      - keep-alive
      ParameterSetName:
      - -g --vm-name --nics
      User-Agent:
      - python/3.6.8 (Windows-10-10.0.18362-SP0) msrest/0.6.8 msrest_azure/0.6.1 azure-mgmt-vmwarecloudsimple/0.1.0
        Azure-SDK-For-Python AZURECLI/2.0.68
    method: GET
    uri: https://management.azure.com/subscriptions/00000000-0000-0000-0000-000000000000/resourceGroups/az_cli_cs_test/providers/Microsoft.VMwareCloudSimple/virtualMachines/cli-test000001?api-version=2019-04-01
  response:
    body:
      string: '{"id":"/subscriptions/00000000-0000-0000-0000-000000000000/resourcegroups/az_cli_cs_test/providers/microsoft.vmwarecloudsimple/virtualmachines/cli-test000001","location":"eastus","name":"cli-test000001","properties":{"amountOfRam":1024,"controllers":[{"id":"1000","name":"SCSI
        controller 0","subType":"LSI_PARALEL","type":"SCSI"},{"id":"15000","name":"SATA
        controller 0","subType":"AHCI","type":"SATA"}],"disks":[{"controllerId":"1000","independenceMode":"persistent","totalSize":16777216,"virtualDiskId":"2000","virtualDiskName":"Hard
        disk 1"}],"folder":"Datacenter","guestOS":"Ubuntu Linux (64-bit)","guestOSType":"linux","nics":[{"ipAddresses":null,"macAddress":"00:50:56:89:f0:f6","network":{"assignable":true,"id":"/subscriptions/00000000-0000-0000-0000-000000000000/providers/Microsoft.VMwareCloudSimple/locations/eastus/privateClouds/avs-test-eastus/virtualnetworks/dvportgroup-85","location":"eastus","name":"Datacenter/Workload01","properties":{"privateCloudId":"/subscriptions/00000000-0000-0000-0000-000000000000/providers/Microsoft.VMwareCloudSimple/locations/eastus/privateClouds/avs-test-eastus"},"type":"Microsoft.VMwareCloudSimple/virtualNetworks"},"nicType":"E1000","virtualNicId":"4002","virtualNicName":"Network
        adapter 3"},{"ipAddresses":null,"macAddress":"00:50:56:89:9d:cc","network":{"assignable":true,"id":"/subscriptions/00000000-0000-0000-0000-000000000000/providers/Microsoft.VMwareCloudSimple/locations/eastus/privateClouds/avs-test-eastus/virtualnetworks/dvportgroup-85","location":"eastus","name":"Datacenter/Workload01","properties":{"privateCloudId":"/subscriptions/00000000-0000-0000-0000-000000000000/providers/Microsoft.VMwareCloudSimple/locations/eastus/privateClouds/avs-test-eastus"},"type":"Microsoft.VMwareCloudSimple/virtualNetworks"},"nicType":"VMXNET3","virtualNicId":"4000","virtualNicName":"Network
        adapter 1"}],"numberOfCores":1,"privateCloudId":"/subscriptions/00000000-0000-0000-0000-000000000000/providers/Microsoft.VMwareCloudSimple/locations/eastus/privateClouds/avs-test-eastus","provisioningState":"Succeeded","resourcePool":{"id":"/subscriptions/00000000-0000-0000-0000-000000000000/providers/Microsoft.VMwareCloudSimple/locations/eastus/privateClouds/avs-test-eastus/resourcepools/resgroup-169","location":"eastus","name":"AzCLITest","privateCloudId":"/subscriptions/00000000-0000-0000-0000-000000000000/providers/Microsoft.VMwareCloudSimple/locations/eastus/privateClouds/avs-test-eastus","properties":{"fullName":"Datacenter/Cluster/AzCLITest"},"type":"Microsoft.VMwareCloudSimple/resourcePools"},"status":"running","templateId":"/subscriptions/00000000-0000-0000-0000-000000000000/providers/Microsoft.VMwareCloudSimple/locations/eastus/privateClouds/avs-test-eastus/virtualmachinetemplates/vm-125","vSphereNetworks":null,"vmId":"vm-1429","vmwaretools":"0"},"type":"Microsoft.VMwareCloudSimple/virtualMachines"}

        '
    headers:
      cache-control:
      - no-cache
      content-length:
      - '2889'
      content-type:
      - application/json
      date:
      - Fri, 11 Oct 2019 09:48:43 GMT
      expires:
      - '-1'
      pragma:
      - no-cache
      server:
      - nginx/1.13.12
      strict-transport-security:
      - max-age=31536000; includeSubDomains
      transfer-encoding:
      - chunked
      vary:
      - Accept-Encoding,Accept-Encoding
      x-content-type-options:
      - nosniff
      x-correlation-id:
      - c2897b46-131a-458d-8b5f-2255acc617d3
      x-env-name:
      - eastus-he.azure.cloudsimple.com
      x-tracing-transaction-id:
      - 5da9d95b060ebae8
    status:
      code: 200
      message: OK
- request:
    body: null
    headers:
      Accept:
      - application/json
      Accept-Encoding:
      - gzip, deflate
      CommandName:
      - vmware vm nic add
      Connection:
      - keep-alive
      ParameterSetName:
      - -g --vm-name --virtual-network
      User-Agent:
      - python/3.6.8 (Windows-10-10.0.18362-SP0) msrest/0.6.8 msrest_azure/0.6.1 azure-mgmt-vmwarecloudsimple/0.1.0
        Azure-SDK-For-Python AZURECLI/2.0.68
    method: GET
    uri: https://management.azure.com/subscriptions/00000000-0000-0000-0000-000000000000/providers/microsoft.vmwarecloudsimple/locations/eastus/operationresults/46888cdd-ec0c-11e9-82a6-f24a2f63ee2d?api-version=2019-04-01
  response:
    body:
      string: '{"endTime":"2019-10-11T09:48:30.802Z","id":"/subscriptions/00000000-0000-0000-0000-000000000000/providers/microsoft.vmwarecloudsimple/locations/eastus/operationresults/46888cdd-ec0c-11e9-82a6-f24a2f63ee2d","name":"46888cdd-ec0c-11e9-82a6-f24a2f63ee2d","startTime":"2019-10-11T09:48:27.862Z","status":"Succeeded"}

        '
    headers:
      cache-control:
      - no-cache
      content-length:
      - '313'
      content-type:
      - application/json
      date:
      - Fri, 11 Oct 2019 09:48:58 GMT
      expires:
      - '-1'
      pragma:
      - no-cache
      server:
      - nginx/1.13.12
      strict-transport-security:
      - max-age=31536000; includeSubDomains
      transfer-encoding:
      - chunked
      vary:
      - Accept-Encoding,Accept-Encoding
      x-content-type-options:
      - nosniff
      x-correlation-id:
      - a6d7905b-7a57-44f6-b1e4-bd2fa3bc0110
      x-env-name:
      - eastus-he.azure.cloudsimple.com
      x-tracing-transaction-id:
      - 704c329989e3cf3e
    status:
      code: 200
      message: OK
- request:
    body: null
    headers:
      Accept:
      - application/json
      Accept-Encoding:
      - gzip, deflate
      CommandName:
      - vmware vm nic add
      Connection:
      - keep-alive
      ParameterSetName:
      - -g --vm-name --virtual-network
      User-Agent:
      - python/3.6.8 (Windows-10-10.0.18362-SP0) msrest/0.6.8 msrest_azure/0.6.1 azure-mgmt-vmwarecloudsimple/0.1.0
        Azure-SDK-For-Python AZURECLI/2.0.68
    method: GET
    uri: https://management.azure.com/subscriptions/00000000-0000-0000-0000-000000000000/resourceGroups/az_cli_cs_test/providers/Microsoft.VMwareCloudSimple/virtualMachines/cli-test000001?api-version=2019-04-01
  response:
    body:
      string: '{"id":"/subscriptions/00000000-0000-0000-0000-000000000000/resourcegroups/az_cli_cs_test/providers/microsoft.vmwarecloudsimple/virtualmachines/cli-test000001","location":"eastus","name":"cli-test000001","properties":{"amountOfRam":1024,"controllers":[{"id":"1000","name":"SCSI
        controller 0","subType":"LSI_PARALEL","type":"SCSI"},{"id":"15000","name":"SATA
        controller 0","subType":"AHCI","type":"SATA"}],"disks":[{"controllerId":"1000","independenceMode":"persistent","totalSize":16777216,"virtualDiskId":"2000","virtualDiskName":"Hard
        disk 1"}],"folder":"Datacenter","guestOS":"Ubuntu Linux (64-bit)","guestOSType":"linux","nics":[{"ipAddresses":null,"macAddress":"00:50:56:89:f0:f6","network":{"assignable":true,"id":"/subscriptions/00000000-0000-0000-0000-000000000000/providers/Microsoft.VMwareCloudSimple/locations/eastus/privateClouds/avs-test-eastus/virtualnetworks/dvportgroup-85","location":"eastus","name":"Datacenter/Workload01","properties":{"privateCloudId":"/subscriptions/00000000-0000-0000-0000-000000000000/providers/Microsoft.VMwareCloudSimple/locations/eastus/privateClouds/avs-test-eastus"},"type":"Microsoft.VMwareCloudSimple/virtualNetworks"},"nicType":"E1000","virtualNicId":"4002","virtualNicName":"Network
        adapter 3"},{"ipAddresses":null,"macAddress":"00:50:56:89:9d:cc","network":{"assignable":true,"id":"/subscriptions/00000000-0000-0000-0000-000000000000/providers/Microsoft.VMwareCloudSimple/locations/eastus/privateClouds/avs-test-eastus/virtualnetworks/dvportgroup-85","location":"eastus","name":"Datacenter/Workload01","properties":{"privateCloudId":"/subscriptions/00000000-0000-0000-0000-000000000000/providers/Microsoft.VMwareCloudSimple/locations/eastus/privateClouds/avs-test-eastus"},"type":"Microsoft.VMwareCloudSimple/virtualNetworks"},"nicType":"VMXNET3","virtualNicId":"4000","virtualNicName":"Network
        adapter 1"}],"numberOfCores":1,"privateCloudId":"/subscriptions/00000000-0000-0000-0000-000000000000/providers/Microsoft.VMwareCloudSimple/locations/eastus/privateClouds/avs-test-eastus","provisioningState":"Succeeded","resourcePool":{"id":"/subscriptions/00000000-0000-0000-0000-000000000000/providers/Microsoft.VMwareCloudSimple/locations/eastus/privateClouds/avs-test-eastus/resourcepools/resgroup-169","location":"eastus","name":"AzCLITest","privateCloudId":"/subscriptions/00000000-0000-0000-0000-000000000000/providers/Microsoft.VMwareCloudSimple/locations/eastus/privateClouds/avs-test-eastus","properties":{"fullName":"Datacenter/Cluster/AzCLITest"},"type":"Microsoft.VMwareCloudSimple/resourcePools"},"status":"running","templateId":"/subscriptions/00000000-0000-0000-0000-000000000000/providers/Microsoft.VMwareCloudSimple/locations/eastus/privateClouds/avs-test-eastus/virtualmachinetemplates/vm-125","vSphereNetworks":null,"vmId":"vm-1429","vmwaretools":"0"},"type":"Microsoft.VMwareCloudSimple/virtualMachines"}

        '
    headers:
      cache-control:
      - no-cache
      content-length:
      - '2889'
      content-type:
      - application/json
      date:
      - Fri, 11 Oct 2019 09:48:58 GMT
      expires:
      - '-1'
      pragma:
      - no-cache
      server:
      - nginx/1.13.12
      strict-transport-security:
      - max-age=31536000; includeSubDomains
      transfer-encoding:
      - chunked
      vary:
      - Accept-Encoding,Accept-Encoding
      x-content-type-options:
      - nosniff
      x-correlation-id:
      - f36d663c-dea7-423f-9ad2-895b1f595ffd
      x-env-name:
      - eastus-he.azure.cloudsimple.com
      x-tracing-transaction-id:
      - 2ee21a1bfad528b
    status:
      code: 200
      message: OK
- request:
    body: null
    headers:
      Accept:
      - application/json
      Accept-Encoding:
      - gzip, deflate
      CommandName:
      - vmware vm nic list
      Connection:
      - keep-alive
      ParameterSetName:
      - -g --vm-name
      User-Agent:
      - python/3.6.8 (Windows-10-10.0.18362-SP0) msrest/0.6.8 msrest_azure/0.6.1 azure-mgmt-vmwarecloudsimple/0.1.0
        Azure-SDK-For-Python AZURECLI/2.0.68
      accept-language:
      - en-US
    method: GET
    uri: https://management.azure.com/subscriptions/00000000-0000-0000-0000-000000000000/resourceGroups/az_cli_cs_test/providers/Microsoft.VMwareCloudSimple/virtualMachines/cli-test000001?api-version=2019-04-01
  response:
    body:
      string: '{"id":"/subscriptions/00000000-0000-0000-0000-000000000000/resourcegroups/az_cli_cs_test/providers/microsoft.vmwarecloudsimple/virtualmachines/cli-test000001","location":"eastus","name":"cli-test000001","properties":{"amountOfRam":1024,"controllers":[{"id":"1000","name":"SCSI
        controller 0","subType":"LSI_PARALEL","type":"SCSI"},{"id":"15000","name":"SATA
        controller 0","subType":"AHCI","type":"SATA"}],"disks":[{"controllerId":"1000","independenceMode":"persistent","totalSize":16777216,"virtualDiskId":"2000","virtualDiskName":"Hard
        disk 1"}],"folder":"Datacenter","guestOS":"Ubuntu Linux (64-bit)","guestOSType":"linux","nics":[{"ipAddresses":null,"macAddress":"00:50:56:89:f0:f6","network":{"assignable":true,"id":"/subscriptions/00000000-0000-0000-0000-000000000000/providers/Microsoft.VMwareCloudSimple/locations/eastus/privateClouds/avs-test-eastus/virtualnetworks/dvportgroup-85","location":"eastus","name":"Datacenter/Workload01","properties":{"privateCloudId":"/subscriptions/00000000-0000-0000-0000-000000000000/providers/Microsoft.VMwareCloudSimple/locations/eastus/privateClouds/avs-test-eastus"},"type":"Microsoft.VMwareCloudSimple/virtualNetworks"},"nicType":"E1000","virtualNicId":"4002","virtualNicName":"Network
        adapter 3"},{"ipAddresses":null,"macAddress":"00:50:56:89:9d:cc","network":{"assignable":true,"id":"/subscriptions/00000000-0000-0000-0000-000000000000/providers/Microsoft.VMwareCloudSimple/locations/eastus/privateClouds/avs-test-eastus/virtualnetworks/dvportgroup-85","location":"eastus","name":"Datacenter/Workload01","properties":{"privateCloudId":"/subscriptions/00000000-0000-0000-0000-000000000000/providers/Microsoft.VMwareCloudSimple/locations/eastus/privateClouds/avs-test-eastus"},"type":"Microsoft.VMwareCloudSimple/virtualNetworks"},"nicType":"VMXNET3","virtualNicId":"4000","virtualNicName":"Network
        adapter 1"}],"numberOfCores":1,"privateCloudId":"/subscriptions/00000000-0000-0000-0000-000000000000/providers/Microsoft.VMwareCloudSimple/locations/eastus/privateClouds/avs-test-eastus","provisioningState":"Succeeded","resourcePool":{"id":"/subscriptions/00000000-0000-0000-0000-000000000000/providers/Microsoft.VMwareCloudSimple/locations/eastus/privateClouds/avs-test-eastus/resourcepools/resgroup-169","location":"eastus","name":"AzCLITest","privateCloudId":"/subscriptions/00000000-0000-0000-0000-000000000000/providers/Microsoft.VMwareCloudSimple/locations/eastus/privateClouds/avs-test-eastus","properties":{"fullName":"Datacenter/Cluster/AzCLITest"},"type":"Microsoft.VMwareCloudSimple/resourcePools"},"status":"running","templateId":"/subscriptions/00000000-0000-0000-0000-000000000000/providers/Microsoft.VMwareCloudSimple/locations/eastus/privateClouds/avs-test-eastus/virtualmachinetemplates/vm-125","vSphereNetworks":null,"vmId":"vm-1429","vmwaretools":"0"},"type":"Microsoft.VMwareCloudSimple/virtualMachines"}

        '
    headers:
      cache-control:
      - no-cache
      content-length:
      - '2889'
      content-type:
      - application/json
      date:
      - Fri, 11 Oct 2019 09:48:59 GMT
      expires:
      - '-1'
      pragma:
      - no-cache
      server:
      - nginx/1.13.12
      strict-transport-security:
      - max-age=31536000; includeSubDomains
      transfer-encoding:
      - chunked
      vary:
      - Accept-Encoding,Accept-Encoding
      x-content-type-options:
      - nosniff
      x-correlation-id:
      - 297226a9-a881-42bc-a594-acea066f7219
      x-env-name:
      - eastus-he.azure.cloudsimple.com
      x-tracing-transaction-id:
      - 37f9fec6f68aec53
    status:
      code: 200
      message: OK
- request:
    body: null
    headers:
      Accept:
      - application/json
      Accept-Encoding:
      - gzip, deflate
      CommandName:
      - vmware vm delete
      Connection:
      - keep-alive
      Content-Length:
      - '0'
      ParameterSetName:
      - -g -n
      Referer:
      - https://management.azure.com/
      User-Agent:
      - python/3.6.8 (Windows-10-10.0.18362-SP0) msrest/0.6.8 msrest_azure/0.6.1 azure-mgmt-vmwarecloudsimple/0.1.0
        Azure-SDK-For-Python AZURECLI/2.0.68
      accept-language:
      - en-US
    method: DELETE
    uri: https://management.azure.com/subscriptions/00000000-0000-0000-0000-000000000000/resourceGroups/az_cli_cs_test/providers/Microsoft.VMwareCloudSimple/virtualMachines/cli-test000001?api-version=2019-04-01
  response:
    body:
      string: ''
    headers:
      azure-asyncoperation:
      - https://management.azure.com/subscriptions/00000000-0000-0000-0000-000000000000/providers/microsoft.vmwarecloudsimple/locations/eastus/operationresults/5b948731-ec0c-11e9-ada4-62d45efc9b66?api-version=2019-04-01
      cache-control:
      - no-cache
      content-length:
      - '0'
      content-type:
      - text/plain; charset=utf-8
      date:
      - Fri, 11 Oct 2019 09:49:03 GMT
      expires:
      - '-1'
      location:
      - https://management.azure.com/subscriptions/00000000-0000-0000-0000-000000000000/providers/microsoft.vmwarecloudsimple/locations/eastus/operationresults/5b948731-ec0c-11e9-ada4-62d45efc9b66?api-version=2019-04-01
      pragma:
      - no-cache
      server:
      - nginx/1.13.12
      strict-transport-security:
      - max-age=31536000; includeSubDomains
      x-content-type-options:
      - nosniff
      x-correlation-id:
      - ffb93eda-e3b3-40a5-896b-0cd045b5b0d7
      x-env-name:
      - eastus-he.azure.cloudsimple.com
      x-ms-ratelimit-remaining-subscription-deletes:
      - '14998'
      x-tracing-transaction-id:
      - 57bf90e179a3b273
    status:
      code: 202
      message: Accepted
- request:
    body: null
    headers:
      Accept:
      - application/json
      Accept-Encoding:
      - gzip, deflate
      CommandName:
      - vmware vm delete
      Connection:
      - keep-alive
      ParameterSetName:
      - -g -n
      User-Agent:
      - python/3.6.8 (Windows-10-10.0.18362-SP0) msrest/0.6.8 msrest_azure/0.6.1 azure-mgmt-vmwarecloudsimple/0.1.0
        Azure-SDK-For-Python AZURECLI/2.0.68
    method: GET
    uri: https://management.azure.com/subscriptions/00000000-0000-0000-0000-000000000000/providers/microsoft.vmwarecloudsimple/locations/eastus/operationresults/5b948731-ec0c-11e9-ada4-62d45efc9b66?api-version=2019-04-01
  response:
    body:
      string: '{"endTime":"2019-10-11T09:49:07.583Z","id":"/subscriptions/00000000-0000-0000-0000-000000000000/providers/microsoft.vmwarecloudsimple/locations/eastus/operationresults/5b948731-ec0c-11e9-ada4-62d45efc9b66","name":"5b948731-ec0c-11e9-ada4-62d45efc9b66","startTime":"2019-10-11T09:49:03.173Z","status":"Succeeded"}

        '
    headers:
      cache-control:
      - no-cache
      content-length:
      - '313'
      content-type:
      - application/json
      date:
      - Fri, 11 Oct 2019 09:49:13 GMT
      expires:
      - '-1'
      pragma:
      - no-cache
      server:
      - nginx/1.13.12
      strict-transport-security:
      - max-age=31536000; includeSubDomains
      transfer-encoding:
      - chunked
      vary:
      - Accept-Encoding,Accept-Encoding
      x-content-type-options:
      - nosniff
      x-correlation-id:
      - 1a1cb72b-769f-4724-8222-8b4a3a77303d
      x-env-name:
      - eastus-he.azure.cloudsimple.com
      x-tracing-transaction-id:
      - 7bd60c1ad5ef80f8
    status:
      code: 200
      message: OK
version: 1
